<?xml version="1.0"?>
<link_info>
   <banner>TI ARM Linker Unix v15.12.3.LTS</banner>
   <copyright>Copyright (c) 1996-2015 Texas Instruments Incorporated</copyright>
   <link_time>0x590cd479</link_time>
   <link_errors>0x0</link_errors>
   <output_file>cmsis_cnn_NokiaLCD.out</output_file>
   <entry_point>
      <name>_c_int00</name>
      <address>0xead9</address>
   </entry_point>
   <input_file_list>
      <input_file id="fl-2">
         <path>./</path>
         <kind>object</kind>
         <file>arm_matrix_example_f32.obj</file>
         <name>arm_matrix_example_f32.obj</name>
      </input_file>
      <input_file id="fl-3">
         <path>./</path>
         <kind>object</kind>
         <file>math_helper.obj</file>
         <name>math_helper.obj</name>
      </input_file>
      <input_file id="fl-4">
         <path>./</path>
         <kind>object</kind>
         <file>myNokiaLcd.obj</file>
         <name>myNokiaLcd.obj</name>
      </input_file>
      <input_file id="fl-5">
         <path>./</path>
         <kind>object</kind>
         <file>tm4c123gh6pm_startup_ccs.obj</file>
         <name>tm4c123gh6pm_startup_ccs.obj</name>
      </input_file>
      <input_file id="fl-c">
         <path>../</path>
         <kind>archive</kind>
         <file>driverlib.lib</file>
         <name>gpio.obj</name>
      </input_file>
      <input_file id="fl-d">
         <path>../</path>
         <kind>archive</kind>
         <file>driverlib.lib</file>
         <name>interrupt.obj</name>
      </input_file>
      <input_file id="fl-e">
         <path>../</path>
         <kind>archive</kind>
         <file>driverlib.lib</file>
         <name>sysctl.obj</name>
      </input_file>
      <input_file id="fl-f">
         <path>../</path>
         <kind>archive</kind>
         <file>driverlib.lib</file>
         <name>systick.obj</name>
      </input_file>
      <input_file id="fl-10">
         <path>../</path>
         <kind>archive</kind>
         <file>driverlib.lib</file>
         <name>uart.obj</name>
      </input_file>
      <input_file id="fl-11">
         <path>../</path>
         <kind>archive</kind>
         <file>driverlib.lib</file>
         <name>cpu.obj</name>
      </input_file>
      <input_file id="fl-c7">
         <path>/home/djvishnu92/ti/ccsv6/tools/compiler/arm_15.12.3.LTS/lib/</path>
         <kind>archive</kind>
         <file>rtsv7M4_T_le_v4SPD16_eabi.lib</file>
         <name>boot.obj</name>
      </input_file>
      <input_file id="fl-c8">
         <path>/home/djvishnu92/ti/ccsv6/tools/compiler/arm_15.12.3.LTS/lib/</path>
         <kind>archive</kind>
         <file>rtsv7M4_T_le_v4SPD16_eabi.lib</file>
         <name>copy_decompress_none.obj</name>
      </input_file>
      <input_file id="fl-c9">
         <path>/home/djvishnu92/ti/ccsv6/tools/compiler/arm_15.12.3.LTS/lib/</path>
         <kind>archive</kind>
         <file>rtsv7M4_T_le_v4SPD16_eabi.lib</file>
         <name>copy_decompress_rle.obj</name>
      </input_file>
      <input_file id="fl-ca">
         <path>/home/djvishnu92/ti/ccsv6/tools/compiler/arm_15.12.3.LTS/lib/</path>
         <kind>archive</kind>
         <file>rtsv7M4_T_le_v4SPD16_eabi.lib</file>
         <name>copy_zero_init.obj</name>
      </input_file>
      <input_file id="fl-cb">
         <path>/home/djvishnu92/ti/ccsv6/tools/compiler/arm_15.12.3.LTS/lib/</path>
         <kind>archive</kind>
         <file>rtsv7M4_T_le_v4SPD16_eabi.lib</file>
         <name>e_log10.obj</name>
      </input_file>
      <input_file id="fl-cc">
         <path>/home/djvishnu92/ti/ccsv6/tools/compiler/arm_15.12.3.LTS/lib/</path>
         <kind>archive</kind>
         <file>rtsv7M4_T_le_v4SPD16_eabi.lib</file>
         <name>errno.obj</name>
      </input_file>
      <input_file id="fl-cd">
         <path>/home/djvishnu92/ti/ccsv6/tools/compiler/arm_15.12.3.LTS/lib/</path>
         <kind>archive</kind>
         <file>rtsv7M4_T_le_v4SPD16_eabi.lib</file>
         <name>exit.obj</name>
      </input_file>
      <input_file id="fl-ce">
         <path>/home/djvishnu92/ti/ccsv6/tools/compiler/arm_15.12.3.LTS/lib/</path>
         <kind>archive</kind>
         <file>rtsv7M4_T_le_v4SPD16_eabi.lib</file>
         <name>fd_add_t2.obj</name>
      </input_file>
      <input_file id="fl-cf">
         <path>/home/djvishnu92/ti/ccsv6/tools/compiler/arm_15.12.3.LTS/lib/</path>
         <kind>archive</kind>
         <file>rtsv7M4_T_le_v4SPD16_eabi.lib</file>
         <name>fd_div_t2.obj</name>
      </input_file>
      <input_file id="fl-d0">
         <path>/home/djvishnu92/ti/ccsv6/tools/compiler/arm_15.12.3.LTS/lib/</path>
         <kind>archive</kind>
         <file>rtsv7M4_T_le_v4SPD16_eabi.lib</file>
         <name>fd_mul_t2.obj</name>
      </input_file>
      <input_file id="fl-d1">
         <path>/home/djvishnu92/ti/ccsv6/tools/compiler/arm_15.12.3.LTS/lib/</path>
         <kind>archive</kind>
         <file>rtsv7M4_T_le_v4SPD16_eabi.lib</file>
         <name>fd_toi_t2.obj</name>
      </input_file>
      <input_file id="fl-d2">
         <path>/home/djvishnu92/ti/ccsv6/tools/compiler/arm_15.12.3.LTS/lib/</path>
         <kind>archive</kind>
         <file>rtsv7M4_T_le_v4SPD16_eabi.lib</file>
         <name>fd_tos_t2.obj</name>
      </input_file>
      <input_file id="fl-d3">
         <path>/home/djvishnu92/ti/ccsv6/tools/compiler/arm_15.12.3.LTS/lib/</path>
         <kind>archive</kind>
         <file>rtsv7M4_T_le_v4SPD16_eabi.lib</file>
         <name>fs_tod_t2.obj</name>
      </input_file>
      <input_file id="fl-d4">
         <path>/home/djvishnu92/ti/ccsv6/tools/compiler/arm_15.12.3.LTS/lib/</path>
         <kind>archive</kind>
         <file>rtsv7M4_T_le_v4SPD16_eabi.lib</file>
         <name>i_tofd_t2.obj</name>
      </input_file>
      <input_file id="fl-d5">
         <path>/home/djvishnu92/ti/ccsv6/tools/compiler/arm_15.12.3.LTS/lib/</path>
         <kind>archive</kind>
         <file>rtsv7M4_T_le_v4SPD16_eabi.lib</file>
         <name>memcpy_t2.obj</name>
      </input_file>
      <input_file id="fl-d6">
         <path>/home/djvishnu92/ti/ccsv6/tools/compiler/arm_15.12.3.LTS/lib/</path>
         <kind>archive</kind>
         <file>rtsv7M4_T_le_v4SPD16_eabi.lib</file>
         <name>memset_t2.obj</name>
      </input_file>
      <input_file id="fl-d7">
         <path>/home/djvishnu92/ti/ccsv6/tools/compiler/arm_15.12.3.LTS/lib/</path>
         <kind>archive</kind>
         <file>rtsv7M4_T_le_v4SPD16_eabi.lib</file>
         <name>mpu_init.obj</name>
      </input_file>
      <input_file id="fl-d8">
         <path>/home/djvishnu92/ti/ccsv6/tools/compiler/arm_15.12.3.LTS/lib/</path>
         <kind>archive</kind>
         <file>rtsv7M4_T_le_v4SPD16_eabi.lib</file>
         <name>pre_init.obj</name>
      </input_file>
      <input_file id="fl-d9">
         <path>/home/djvishnu92/ti/ccsv6/tools/compiler/arm_15.12.3.LTS/lib/</path>
         <kind>archive</kind>
         <file>rtsv7M4_T_le_v4SPD16_eabi.lib</file>
         <name>stkdepth_vars.obj</name>
      </input_file>
      <input_file id="fl-da">
         <path>/home/djvishnu92/ti/ccsv6/tools/compiler/arm_15.12.3.LTS/lib/</path>
         <kind>archive</kind>
         <file>rtsv7M4_T_le_v4SPD16_eabi.lib</file>
         <name>_lock.obj</name>
      </input_file>
      <input_file id="fl-db">
         <path>/home/djvishnu92/ti/ccsv6/tools/compiler/arm_15.12.3.LTS/lib/</path>
         <kind>archive</kind>
         <file>rtsv7M4_T_le_v4SPD16_eabi.lib</file>
         <name>args_main.obj</name>
      </input_file>
      <input_file id="fl-dc">
         <path>/home/djvishnu92/ti/ccsv6/tools/compiler/arm_15.12.3.LTS/lib/</path>
         <kind>archive</kind>
         <file>rtsv7M4_T_le_v4SPD16_eabi.lib</file>
         <name>autoinit.obj</name>
      </input_file>
      <input_file id="fl-dd">
         <path>/home/djvishnu92/ti/ccsv6/tools/compiler/arm_15.12.3.LTS/lib/</path>
         <kind>archive</kind>
         <file>rtsv7M4_T_le_v4SPD16_eabi.lib</file>
         <name>cpy_tbl.obj</name>
      </input_file>
      <input_file id="fl-de">
         <path>/home/djvishnu92/ti/ccsv6/tools/compiler/arm_15.12.3.LTS/lib/</path>
         <kind>archive</kind>
         <file>rtsv7M4_T_le_v4SPD16_eabi.lib</file>
         <name>startup.obj</name>
      </input_file>
      <input_file id="fl-df">
         <path>/home/djvishnu92/workspace_v6_2/CMSIS-master/CMSIS/Lib/ARM/</path>
         <kind>archive</kind>
         <file>arm_cortexM4lf_math.lib</file>
         <name>arm_mat_init_f32.o</name>
      </input_file>
      <input_file id="fl-e0">
         <path>/home/djvishnu92/workspace_v6_2/CMSIS-master/CMSIS/Lib/ARM/</path>
         <kind>archive</kind>
         <file>arm_cortexM4lf_math.lib</file>
         <name>arm_mat_mult_f32.o</name>
      </input_file>
   </input_file_list>
   <object_component_list>
      <object_component id="oc-f">
         <name>.intvecs</name>
         <load_address>0x0</load_address>
         <run_address>0x0</run_address>
         <size>0x26c</size>
         <input_file_ref idref="fl-5"/>
      </object_component>
      <object_component id="oc-1ef">
         <name>.text:maxPool</name>
         <load_address>0xd5a8</load_address>
         <run_address>0xd5a8</run_address>
         <size>0x1a8</size>
         <input_file_ref idref="fl-2"/>
      </object_component>
      <object_component id="oc-1e3">
         <name>.text:conv2D</name>
         <load_address>0xd750</load_address>
         <run_address>0xd750</run_address>
         <size>0x178</size>
         <input_file_ref idref="fl-2"/>
      </object_component>
      <object_component id="oc-15b">
         <name>.text:dispOut</name>
         <load_address>0xd8c8</load_address>
         <run_address>0xd8c8</run_address>
         <size>0x178</size>
         <input_file_ref idref="fl-2"/>
      </object_component>
      <object_component id="oc-ea">
         <name>.text:main</name>
         <load_address>0xda40</load_address>
         <run_address>0xda40</run_address>
         <size>0x164</size>
         <input_file_ref idref="fl-2"/>
      </object_component>
      <object_component id="oc-2f7">
         <name>.text</name>
         <load_address>0xdba4</load_address>
         <run_address>0xdba4</run_address>
         <size>0x13c</size>
         <input_file_ref idref="fl-e0"/>
      </object_component>
      <object_component id="oc-237">
         <name>.text:GPIOPadConfigSet</name>
         <load_address>0xdce0</load_address>
         <run_address>0xdce0</run_address>
         <size>0x132</size>
         <input_file_ref idref="fl-c"/>
      </object_component>
      <object_component id="oc-37">
         <name>.text:FaultISR</name>
         <load_address>0xde12</load_address>
         <run_address>0xde12</run_address>
         <size>0x2</size>
         <input_file_ref idref="fl-5"/>
      </object_component>
      <object_component id="oc-1d1">
         <name>.text:displayinit</name>
         <load_address>0xde14</load_address>
         <run_address>0xde14</run_address>
         <size>0x114</size>
         <input_file_ref idref="fl-4"/>
      </object_component>
      <object_component id="oc-199">
         <name>.text:SysCtlClockGet</name>
         <load_address>0xdf28</load_address>
         <run_address>0xdf28</run_address>
         <size>0x110</size>
         <input_file_ref idref="fl-e"/>
      </object_component>
      <object_component id="oc-180">
         <name>.text:SysCtlClockSet</name>
         <load_address>0xe038</load_address>
         <run_address>0xe038</run_address>
         <size>0xf4</size>
         <input_file_ref idref="fl-e"/>
      </object_component>
      <object_component id="oc-215">
         <name>.text:LCDWriteBmp3x</name>
         <load_address>0xe12c</load_address>
         <run_address>0xe12c</run_address>
         <size>0xe0</size>
         <input_file_ref idref="fl-4"/>
      </object_component>
      <object_component id="oc-271">
         <name>.text:LCDSetRect</name>
         <load_address>0xe20c</load_address>
         <run_address>0xe20c</run_address>
         <size>0xda</size>
         <input_file_ref idref="fl-4"/>
      </object_component>
      <object_component id="oc-3d">
         <name>.text:IntDefaultHandler</name>
         <load_address>0xe2e6</load_address>
         <run_address>0xe2e6</run_address>
         <size>0x2</size>
         <input_file_ref idref="fl-5"/>
      </object_component>
      <object_component id="oc-1c5">
         <name>.text:InitLcd</name>
         <load_address>0xe2e8</load_address>
         <run_address>0xe2e8</run_address>
         <size>0xd8</size>
         <input_file_ref idref="fl-4"/>
      </object_component>
      <object_component id="oc-277">
         <name>.text:LCDWriteBmp</name>
         <load_address>0xe3c0</load_address>
         <run_address>0xe3c0</run_address>
         <size>0xac</size>
         <input_file_ref idref="fl-4"/>
      </object_component>
      <object_component id="oc-4c">
         <name>.text</name>
         <load_address>0xe46c</load_address>
         <run_address>0xe46c</run_address>
         <size>0x9c</size>
         <input_file_ref idref="fl-d5"/>
      </object_component>
      <object_component id="oc-43">
         <name>.text:UARTIntHandler</name>
         <load_address>0xe508</load_address>
         <run_address>0xe508</run_address>
         <size>0x8c</size>
         <input_file_ref idref="fl-2"/>
      </object_component>
      <object_component id="oc-201">
         <name>.text:softMax</name>
         <load_address>0xe594</load_address>
         <run_address>0xe594</run_address>
         <size>0x8c</size>
         <input_file_ref idref="fl-2"/>
      </object_component>
      <object_component id="oc-27d">
         <name>.text:LCDSetLine</name>
         <load_address>0xe620</load_address>
         <run_address>0xe620</run_address>
         <size>0x88</size>
         <input_file_ref idref="fl-4"/>
      </object_component>
      <object_component id="oc-1e9">
         <name>.text:reluConv</name>
         <load_address>0xe6a8</load_address>
         <run_address>0xe6a8</run_address>
         <size>0x80</size>
         <input_file_ref idref="fl-2"/>
      </object_component>
      <object_component id="oc-65">
         <name>.text</name>
         <load_address>0xe728</load_address>
         <run_address>0xe728</run_address>
         <size>0x7a</size>
         <input_file_ref idref="fl-d6"/>
      </object_component>
      <object_component id="oc-31">
         <name>.text:NmiSR</name>
         <load_address>0xe7a2</load_address>
         <run_address>0xe7a2</run_address>
         <size>0x2</size>
         <input_file_ref idref="fl-5"/>
      </object_component>
      <object_component id="oc-1fb">
         <name>.text:fullyConnectedNet</name>
         <load_address>0xe7a4</load_address>
         <run_address>0xe7a4</run_address>
         <size>0x78</size>
         <input_file_ref idref="fl-2"/>
      </object_component>
      <object_component id="oc-7d">
         <name>.text</name>
         <load_address>0xe81c</load_address>
         <run_address>0xe81c</run_address>
         <size>0x70</size>
         <input_file_ref idref="fl-dc"/>
      </object_component>
      <object_component id="oc-58">
         <name>.text</name>
         <load_address>0xe88c</load_address>
         <run_address>0xe88c</run_address>
         <size>0x6a</size>
         <input_file_ref idref="fl-c9"/>
      </object_component>
      <object_component id="oc-71">
         <name>.text</name>
         <load_address>0xe8f6</load_address>
         <run_address>0xe8f6</run_address>
         <size>0x2</size>
         <input_file_ref idref="fl-d7"/>
      </object_component>
      <object_component id="oc-1a5">
         <name>.text:IntEnable</name>
         <load_address>0xe8f8</load_address>
         <run_address>0xe8f8</run_address>
         <size>0x68</size>
         <input_file_ref idref="fl-d"/>
      </object_component>
      <object_component id="oc-1cb">
         <name>.text:LCDClearScreen</name>
         <load_address>0xe960</load_address>
         <run_address>0xe960</run_address>
         <size>0x68</size>
         <input_file_ref idref="fl-4"/>
      </object_component>
      <object_component id="oc-20f">
         <name>.text:SendintUART</name>
         <load_address>0xe9c8</load_address>
         <run_address>0xe9c8</run_address>
         <size>0x5c</size>
         <input_file_ref idref="fl-2"/>
      </object_component>
      <object_component id="oc-125">
         <name>.text:UART0Setup</name>
         <load_address>0xea24</load_address>
         <run_address>0xea24</run_address>
         <size>0x5c</size>
         <input_file_ref idref="fl-2"/>
      </object_component>
      <object_component id="oc-1f5">
         <name>.text:flatten</name>
         <load_address>0xea80</load_address>
         <run_address>0xea80</run_address>
         <size>0x58</size>
         <input_file_ref idref="fl-2"/>
      </object_component>
      <object_component id="oc-24">
         <name>.text</name>
         <load_address>0xead8</load_address>
         <run_address>0xead8</run_address>
         <size>0x54</size>
         <input_file_ref idref="fl-c7"/>
      </object_component>
      <object_component id="oc-89">
         <name>.text</name>
         <load_address>0xeb2c</load_address>
         <run_address>0xeb2c</run_address>
         <size>0x54</size>
         <input_file_ref idref="fl-cd"/>
      </object_component>
      <object_component id="oc-258">
         <name>.text:WriteSpiCommand</name>
         <load_address>0xeb80</load_address>
         <run_address>0xeb80</run_address>
         <size>0x52</size>
         <input_file_ref idref="fl-4"/>
      </object_component>
      <object_component id="oc-25e">
         <name>.text:WriteSpiData</name>
         <load_address>0xebd2</load_address>
         <run_address>0xebd2</run_address>
         <size>0x52</size>
         <input_file_ref idref="fl-4"/>
      </object_component>
      <object_component id="oc-dc">
         <name>.text</name>
         <load_address>0xec24</load_address>
         <run_address>0xec24</run_address>
         <size>0x4c</size>
         <input_file_ref idref="fl-dd"/>
      </object_component>
      <object_component id="oc-18d">
         <name>.text:GPIOPinConfigure</name>
         <load_address>0xec70</load_address>
         <run_address>0xec70</run_address>
         <size>0x48</size>
         <input_file_ref idref="fl-c"/>
      </object_component>
      <object_component id="oc-19f">
         <name>.text:UARTConfigSetExpClk</name>
         <load_address>0xecb8</load_address>
         <run_address>0xecb8</run_address>
         <size>0x46</size>
         <input_file_ref idref="fl-10"/>
      </object_component>
      <object_component id="oc-28a">
         <name>.text:cmsisMatMultiply</name>
         <load_address>0xecfe</load_address>
         <run_address>0xecfe</run_address>
         <size>0x44</size>
         <input_file_ref idref="fl-2"/>
      </object_component>
      <object_component id="oc-e2">
         <name>.text</name>
         <load_address>0xed42</load_address>
         <run_address>0xed42</run_address>
         <size>0x2</size>
         <input_file_ref idref="fl-de"/>
      </object_component>
      <object_component id="oc-131">
         <name>.text:displaymasterinit</name>
         <load_address>0xed44</load_address>
         <run_address>0xed44</run_address>
         <size>0x40</size>
         <input_file_ref idref="fl-4"/>
      </object_component>
      <object_component id="oc-207">
         <name>.text:findMaxIndex</name>
         <load_address>0xed84</load_address>
         <run_address>0xed84</run_address>
         <size>0x38</size>
         <input_file_ref idref="fl-2"/>
      </object_component>
      <object_component id="oc-187">
         <name>.text:SysCtlPeripheralEnable</name>
         <load_address>0xedbc</load_address>
         <run_address>0xedbc</run_address>
         <size>0x34</size>
         <input_file_ref idref="fl-e"/>
      </object_component>
      <object_component id="oc-30d">
         <name>.text:LCDSetXY</name>
         <load_address>0xedf0</load_address>
         <run_address>0xedf0</run_address>
         <size>0x2c</size>
         <input_file_ref idref="fl-4"/>
      </object_component>
      <object_component id="oc-231">
         <name>.text:GPIODirModeSet</name>
         <load_address>0xee1c</load_address>
         <run_address>0xee1c</run_address>
         <size>0x2a</size>
         <input_file_ref idref="fl-c"/>
      </object_component>
      <object_component id="oc-2e9">
         <name>.text:LCDSetPixel</name>
         <load_address>0xee46</load_address>
         <run_address>0xee46</run_address>
         <size>0x26</size>
         <input_file_ref idref="fl-4"/>
      </object_component>
      <object_component id="oc-1dd">
         <name>.text:reshapeInpMatrix</name>
         <load_address>0xee6c</load_address>
         <run_address>0xee6c</run_address>
         <size>0x24</size>
         <input_file_ref idref="fl-2"/>
      </object_component>
      <object_component id="oc-14f">
         <name>.text:startCNN</name>
         <load_address>0xee90</load_address>
         <run_address>0xee90</run_address>
         <size>0x24</size>
         <input_file_ref idref="fl-2"/>
      </object_component>
      <object_component id="oc-242">
         <name>.text:UARTDisable</name>
         <load_address>0xeeb4</load_address>
         <run_address>0xeeb4</run_address>
         <size>0x20</size>
         <input_file_ref idref="fl-10"/>
      </object_component>
      <object_component id="oc-137">
         <name>.text:SendStringUART</name>
         <load_address>0xeed4</load_address>
         <run_address>0xeed4</run_address>
         <size>0x1c</size>
         <input_file_ref idref="fl-2"/>
      </object_component>
      <object_component id="oc-1b9">
         <name>.text:GPIOPinTypeGPIOOutput</name>
         <load_address>0xeef0</load_address>
         <run_address>0xeef0</run_address>
         <size>0x18</size>
         <input_file_ref idref="fl-c"/>
      </object_component>
      <object_component id="oc-83">
         <name>.text</name>
         <load_address>0xef08</load_address>
         <run_address>0xef08</run_address>
         <size>0x18</size>
         <input_file_ref idref="fl-db"/>
      </object_component>
      <object_component id="oc-149">
         <name>.text:SysTickEnable</name>
         <load_address>0xef20</load_address>
         <run_address>0xef20</run_address>
         <size>0x14</size>
         <input_file_ref idref="fl-f"/>
      </object_component>
      <object_component id="oc-248">
         <name>.text:UARTEnable</name>
         <load_address>0xef34</load_address>
         <run_address>0xef34</run_address>
         <size>0x14</size>
         <input_file_ref idref="fl-10"/>
      </object_component>
      <object_component id="oc-16b">
         <name>.text</name>
         <load_address>0xef48</load_address>
         <run_address>0xef48</run_address>
         <size>0x14</size>
         <input_file_ref idref="fl-da"/>
      </object_component>
      <object_component id="oc-193">
         <name>.text:GPIOPinTypeUART</name>
         <load_address>0xef5c</load_address>
         <run_address>0xef5c</run_address>
         <size>0x12</size>
         <input_file_ref idref="fl-c"/>
      </object_component>
      <object_component id="oc-12b">
         <name>.text:IntMasterEnable</name>
         <load_address>0xef6e</load_address>
         <run_address>0xef6e</run_address>
         <size>0x10</size>
         <input_file_ref idref="fl-d"/>
      </object_component>
      <object_component id="oc-143">
         <name>.text:SysTickPeriodSet</name>
         <load_address>0xef80</load_address>
         <run_address>0xef80</run_address>
         <size>0x10</size>
         <input_file_ref idref="fl-f"/>
      </object_component>
      <object_component id="oc-2d2">
         <name>.text:resetbit</name>
         <load_address>0xef90</load_address>
         <run_address>0xef90</run_address>
         <size>0x10</size>
         <input_file_ref idref="fl-4"/>
      </object_component>
      <object_component id="oc-2d8">
         <name>.text:setbit</name>
         <load_address>0xefa0</load_address>
         <run_address>0xefa0</run_address>
         <size>0x10</size>
         <input_file_ref idref="fl-4"/>
      </object_component>
      <object_component id="oc-a9">
         <name>.text:UARTCharsAvail</name>
         <load_address>0xefb0</load_address>
         <run_address>0xefb0</run_address>
         <size>0xe</size>
         <input_file_ref idref="fl-10"/>
      </object_component>
      <object_component id="oc-12">
         <name>.text:decompress:none</name>
         <load_address>0xefbe</load_address>
         <run_address>0xefbe</run_address>
         <size>0xe</size>
         <input_file_ref idref="fl-c8"/>
      </object_component>
      <object_component id="oc-1b2">
         <name>.text:CPUcpsie</name>
         <load_address>0xefcc</load_address>
         <run_address>0xefcc</run_address>
         <size>0xc</size>
         <input_file_ref idref="fl-11"/>
      </object_component>
      <object_component id="oc-11f">
         <name>.text:ClockSetup</name>
         <load_address>0xefd8</load_address>
         <run_address>0xefd8</run_address>
         <size>0xc</size>
         <input_file_ref idref="fl-2"/>
      </object_component>
      <object_component id="oc-155">
         <name>.text:SysTickValueGet</name>
         <load_address>0xefe4</load_address>
         <run_address>0xefe4</run_address>
         <size>0xc</size>
         <input_file_ref idref="fl-f"/>
      </object_component>
      <object_component id="oc-a3">
         <name>.text:UARTCharGet</name>
         <load_address>0xeff0</load_address>
         <run_address>0xeff0</run_address>
         <size>0xa</size>
         <input_file_ref idref="fl-10"/>
      </object_component>
      <object_component id="oc-13d">
         <name>.text:UARTCharPut</name>
         <load_address>0xeffa</load_address>
         <run_address>0xeffa</run_address>
         <size>0xa</size>
         <input_file_ref idref="fl-10"/>
      </object_component>
      <object_component id="oc-97">
         <name>.text:UARTIntStatus</name>
         <load_address>0xf004</load_address>
         <run_address>0xf004</run_address>
         <size>0xa</size>
         <input_file_ref idref="fl-10"/>
      </object_component>
      <object_component id="oc-1ab">
         <name>.text:UARTIntEnable</name>
         <load_address>0xf00e</load_address>
         <run_address>0xf00e</run_address>
         <size>0x8</size>
         <input_file_ref idref="fl-10"/>
      </object_component>
      <object_component id="oc-2f2">
         <name>.text</name>
         <load_address>0xf016</load_address>
         <run_address>0xf016</run_address>
         <size>0x8</size>
         <input_file_ref idref="fl-df"/>
      </object_component>
      <object_component id="oc-1bf">
         <name>.text:GPIOPinWrite</name>
         <load_address>0xf01e</load_address>
         <run_address>0xf01e</run_address>
         <size>0x6</size>
         <input_file_ref idref="fl-c"/>
      </object_component>
      <object_component id="oc-2b">
         <name>.text:ResetISR</name>
         <load_address>0xf024</load_address>
         <run_address>0xf024</run_address>
         <size>0x6</size>
         <input_file_ref idref="fl-5"/>
      </object_component>
      <object_component id="oc-228">
         <name>.text:SysCtlDelay</name>
         <load_address>0xf02a</load_address>
         <run_address>0xf02a</run_address>
         <size>0x6</size>
         <input_file_ref idref="fl-e"/>
      </object_component>
      <object_component id="oc-18">
         <name>.text:decompress:rle24</name>
         <load_address>0xf030</load_address>
         <run_address>0xf030</run_address>
         <size>0x6</size>
         <input_file_ref idref="fl-c9"/>
      </object_component>
      <object_component id="oc-9d">
         <name>.text:UARTIntClear</name>
         <load_address>0xf036</load_address>
         <run_address>0xf036</run_address>
         <size>0x4</size>
         <input_file_ref idref="fl-10"/>
      </object_component>
      <object_component id="oc-77">
         <name>.text</name>
         <load_address>0xf03a</load_address>
         <run_address>0xf03a</run_address>
         <size>0x4</size>
         <input_file_ref idref="fl-d8"/>
      </object_component>
      <object_component id="oc-2a7">
         <name>.const:fc_wts</name>
         <load_address>0x26c</load_address>
         <run_address>0x26c</run_address>
         <size>0xb7c0</size>
         <input_file_ref idref="fl-2"/>
      </object_component>
      <object_component id="oc-21e">
         <name>.const:sampleImg</name>
         <load_address>0xba2c</load_address>
         <run_address>0xba2c</run_address>
         <size>0x1400</size>
         <input_file_ref idref="fl-2"/>
      </object_component>
      <object_component id="oc-283">
         <name>.const:.string:deselogo</name>
         <load_address>0xce2c</load_address>
         <run_address>0xce2c</run_address>
         <size>0x258</size>
         <input_file_ref idref="fl-4"/>
      </object_component>
      <object_component id="oc-2b2">
         <name>.const:softmax_wts</name>
         <load_address>0xd084</load_address>
         <run_address>0xd084</run_address>
         <size>0x190</size>
         <input_file_ref idref="fl-2"/>
      </object_component>
      <object_component id="oc-21b">
         <name>.const:classnames</name>
         <load_address>0xd214</load_address>
         <run_address>0xd214</run_address>
         <size>0x96</size>
         <input_file_ref idref="fl-2"/>
      </object_component>
      <object_component id="oc-22c">
         <name>.const:g_pui32GPIOBaseAddrs</name>
         <load_address>0xd2ac</load_address>
         <run_address>0xd2ac</run_address>
         <size>0x90</size>
         <input_file_ref idref="fl-c"/>
      </object_component>
      <object_component id="oc-24f">
         <name>.const</name>
         <load_address>0xd33c</load_address>
         <run_address>0xd33c</run_address>
         <size>0x70</size>
         <input_file_ref idref="fl-d"/>
      </object_component>
      <object_component id="oc-23e">
         <name>.const:g_pui32Xtals</name>
         <load_address>0xd3ac</load_address>
         <run_address>0xd3ac</run_address>
         <size>0x6c</size>
         <input_file_ref idref="fl-e"/>
      </object_component>
      <object_component id="oc-295">
         <name>.const:wt1</name>
         <load_address>0xd418</load_address>
         <run_address>0xd418</run_address>
         <size>0x64</size>
         <input_file_ref idref="fl-2"/>
      </object_component>
      <object_component id="oc-298">
         <name>.const:wt2</name>
         <load_address>0xd47c</load_address>
         <run_address>0xd47c</run_address>
         <size>0x64</size>
         <input_file_ref idref="fl-2"/>
      </object_component>
      <object_component id="oc-29b">
         <name>.const:wt3</name>
         <load_address>0xd4e0</load_address>
         <run_address>0xd4e0</run_address>
         <size>0x64</size>
         <input_file_ref idref="fl-2"/>
      </object_component>
      <object_component id="oc-2aa">
         <name>.const:fc_bias</name>
         <load_address>0xd544</load_address>
         <run_address>0xd544</run_address>
         <size>0x50</size>
         <input_file_ref idref="fl-2"/>
      </object_component>
      <object_component id="oc-2af">
         <name>.const:softmax_bias</name>
         <load_address>0xd594</load_address>
         <run_address>0xd594</run_address>
         <size>0x14</size>
         <input_file_ref idref="fl-2"/>
      </object_component>
      <object_component id="oc-349">
         <name>.cinit..data.load</name>
         <load_address>0xf040</load_address>
         <run_address>0xf040</run_address>
         <size>0x1a</size>
      </object_component>
      <object_component id="oc-34a">
         <name>.cinit..bss.load</name>
         <load_address>0xf060</load_address>
         <run_address>0xf060</run_address>
         <size>0xb</size>
      </object_component>
      <object_component id="oc-347">
         <name>__TI_handler_table</name>
         <load_address>0xf06c</load_address>
         <run_address>0xf06c</run_address>
         <size>0x8</size>
      </object_component>
      <object_component id="oc-348">
         <name>__TI_cinit_table</name>
         <load_address>0xf074</load_address>
         <run_address>0xf074</run_address>
         <size>0x10</size>
      </object_component>
      <object_component id="oc-af">
         <name>.data</name>
         <load_address>0x20004610</load_address>
         <run_address>0x20004610</run_address>
         <size>0x10</size>
         <input_file_ref idref="fl-2"/>
      </object_component>
      <object_component id="oc-f2">
         <name>.data:$O1$$</name>
         <load_address>0x20004620</load_address>
         <run_address>0x20004620</run_address>
         <size>0xc</size>
         <input_file_ref idref="fl-cd"/>
      </object_component>
      <object_component id="oc-8f">
         <name>.data</name>
         <load_address>0x20004634</load_address>
         <run_address>0x20004634</run_address>
         <size>0x4</size>
         <input_file_ref idref="fl-d9"/>
      </object_component>
      <object_component id="oc-f5">
         <name>.data:$O1$$</name>
         <load_address>0x2000462c</load_address>
         <run_address>0x2000462c</run_address>
         <size>0x8</size>
         <input_file_ref idref="fl-da"/>
      </object_component>
      <object_component id="oc-267">
         <name>.common:WHITE</name>
         <uninitialized>true</uninitialized>
         <run_address>0x20004400</run_address>
         <size>0x4</size>
      </object_component>
      <object_component id="oc-268">
         <name>.common:BLACK</name>
         <uninitialized>true</uninitialized>
         <run_address>0x200043e8</run_address>
         <size>0x4</size>
      </object_component>
      <object_component id="oc-269">
         <name>.common:RED</name>
         <uninitialized>true</uninitialized>
         <run_address>0x200043fc</run_address>
         <size>0x4</size>
      </object_component>
      <object_component id="oc-26a">
         <name>.common:GREEN</name>
         <uninitialized>true</uninitialized>
         <run_address>0x200043f4</run_address>
         <size>0x4</size>
      </object_component>
      <object_component id="oc-26b">
         <name>.common:BLUE</name>
         <uninitialized>true</uninitialized>
         <run_address>0x200043ec</run_address>
         <size>0x4</size>
      </object_component>
      <object_component id="oc-26c">
         <name>.common:CYAN</name>
         <uninitialized>true</uninitialized>
         <run_address>0x200043f0</run_address>
         <size>0x4</size>
      </object_component>
      <object_component id="oc-26d">
         <name>.common:MAGENTA</name>
         <uninitialized>true</uninitialized>
         <run_address>0x200043f8</run_address>
         <size>0x4</size>
      </object_component>
      <object_component id="oc-26e">
         <name>.common:YELLOW</name>
         <uninitialized>true</uninitialized>
         <run_address>0x20004404</run_address>
         <size>0x4</size>
      </object_component>
      <object_component id="oc-264">
         <name>.common:mode</name>
         <uninitialized>true</uninitialized>
         <run_address>0x20004408</run_address>
         <size>0x4</size>
      </object_component>
      <object_component id="oc-b2">
         <name>.common:im</name>
         <uninitialized>true</uninitialized>
         <run_address>0x20002df0</run_address>
         <size>0x400</size>
      </object_component>
      <object_component id="oc-221">
         <name>.common:image</name>
         <uninitialized>true</uninitialized>
         <run_address>0x200031f0</run_address>
         <size>0x400</size>
      </object_component>
      <object_component id="oc-291">
         <name>.common:temparr</name>
         <uninitialized>true</uninitialized>
         <run_address>0x20004320</run_address>
         <size>0x64</size>
      </object_component>
      <object_component id="oc-290">
         <name>.common:status</name>
         <uninitialized>true</uninitialized>
         <run_address>0x2000440e</run_address>
         <size>0x1</size>
      </object_component>
      <object_component id="oc-292">
         <name>.common:conv1</name>
         <uninitialized>true</uninitialized>
         <run_address>0x20000000</run_address>
         <size>0xc40</size>
      </object_component>
      <object_component id="oc-293">
         <name>.common:conv2</name>
         <uninitialized>true</uninitialized>
         <run_address>0x20000c40</run_address>
         <size>0xc40</size>
      </object_component>
      <object_component id="oc-294">
         <name>.common:conv3</name>
         <uninitialized>true</uninitialized>
         <run_address>0x20001880</run_address>
         <size>0xc40</size>
      </object_component>
      <object_component id="oc-2a0">
         <name>.common:pool1</name>
         <uninitialized>true</uninitialized>
         <run_address>0x200039f0</run_address>
         <size>0x310</size>
      </object_component>
      <object_component id="oc-2a1">
         <name>.common:pool2</name>
         <uninitialized>true</uninitialized>
         <run_address>0x20003d00</run_address>
         <size>0x310</size>
      </object_component>
      <object_component id="oc-2a2">
         <name>.common:pool3</name>
         <uninitialized>true</uninitialized>
         <run_address>0x20004010</run_address>
         <size>0x310</size>
      </object_component>
      <object_component id="oc-2a4">
         <name>.common:fcInp</name>
         <uninitialized>true</uninitialized>
         <run_address>0x200024c0</run_address>
         <size>0x930</size>
      </object_component>
      <object_component id="oc-2a6">
         <name>.common:fcOut</name>
         <uninitialized>true</uninitialized>
         <run_address>0x20004384</run_address>
         <size>0x50</size>
      </object_component>
      <object_component id="oc-2ae">
         <name>.common:classOut</name>
         <uninitialized>true</uninitialized>
         <run_address>0x200043d4</run_address>
         <size>0x14</size>
      </object_component>
      <object_component id="oc-223">
         <name>.common:maxIndex</name>
         <uninitialized>true</uninitialized>
         <run_address>0x2000440c</run_address>
         <size>0x2</size>
      </object_component>
      <object_component id="oc-222">
         <name>.common:lcdimage</name>
         <uninitialized>true</uninitialized>
         <run_address>0x200035f0</run_address>
         <size>0x400</size>
      </object_component>
      <object_component id="oc-2a">
         <name>.stack</name>
         <uninitialized>true</uninitialized>
         <run_address>0x20004410</run_address>
         <size>0x0</size>
         <input_file_ref idref="fl-c7"/>
      </object_component>
      <object_component id="oc-34b">
         <name>.stack</name>
         <uninitialized>true</uninitialized>
         <run_address>0x20004410</run_address>
         <size>0x0</size>
      </object_component>
      <object_component id="oc-b3">
         <name>.debug_info</name>
         <load_address>0x0</load_address>
         <run_address>0x0</run_address>
         <size>0xb0d</size>
         <input_file_ref idref="fl-2"/>
      </object_component>
      <object_component id="oc-296">
         <name>.debug_info</name>
         <load_address>0xb0d</load_address>
         <run_address>0xb0d</run_address>
         <size>0xe4</size>
         <input_file_ref idref="fl-2"/>
      </object_component>
      <object_component id="oc-299">
         <name>.debug_info</name>
         <load_address>0xbf1</load_address>
         <run_address>0xbf1</run_address>
         <size>0xe4</size>
         <input_file_ref idref="fl-2"/>
      </object_component>
      <object_component id="oc-29c">
         <name>.debug_info</name>
         <load_address>0xcd5</load_address>
         <run_address>0xcd5</run_address>
         <size>0xe4</size>
         <input_file_ref idref="fl-2"/>
      </object_component>
      <object_component id="oc-2a8">
         <name>.debug_info</name>
         <load_address>0xdb9</load_address>
         <run_address>0xdb9</run_address>
         <size>0xea</size>
         <input_file_ref idref="fl-2"/>
      </object_component>
      <object_component id="oc-2ab">
         <name>.debug_info</name>
         <load_address>0xea3</load_address>
         <run_address>0xea3</run_address>
         <size>0xec</size>
         <input_file_ref idref="fl-2"/>
      </object_component>
      <object_component id="oc-2b3">
         <name>.debug_info</name>
         <load_address>0xf8f</load_address>
         <run_address>0xf8f</run_address>
         <size>0xf4</size>
         <input_file_ref idref="fl-2"/>
      </object_component>
      <object_component id="oc-2b0">
         <name>.debug_info</name>
         <load_address>0x1083</load_address>
         <run_address>0x1083</run_address>
         <size>0xf6</size>
         <input_file_ref idref="fl-2"/>
      </object_component>
      <object_component id="oc-21c">
         <name>.debug_info</name>
         <load_address>0x1179</load_address>
         <run_address>0x1179</run_address>
         <size>0xf2</size>
         <input_file_ref idref="fl-2"/>
      </object_component>
      <object_component id="oc-21f">
         <name>.debug_info</name>
         <load_address>0x126b</load_address>
         <run_address>0x126b</run_address>
         <size>0xf0</size>
         <input_file_ref idref="fl-2"/>
      </object_component>
      <object_component id="oc-b0">
         <name>.debug_info</name>
         <load_address>0x135b</load_address>
         <run_address>0x135b</run_address>
         <size>0x115</size>
         <input_file_ref idref="fl-2"/>
      </object_component>
      <object_component id="oc-1de">
         <name>.debug_info</name>
         <load_address>0x1470</load_address>
         <run_address>0x1470</run_address>
         <size>0x14f</size>
         <input_file_ref idref="fl-2"/>
      </object_component>
      <object_component id="oc-28b">
         <name>.debug_info</name>
         <load_address>0x15bf</load_address>
         <run_address>0x15bf</run_address>
         <size>0x2d9</size>
         <input_file_ref idref="fl-2"/>
      </object_component>
      <object_component id="oc-1e4">
         <name>.debug_info</name>
         <load_address>0x1898</load_address>
         <run_address>0x1898</run_address>
         <size>0x1a7</size>
         <input_file_ref idref="fl-2"/>
      </object_component>
      <object_component id="oc-1ea">
         <name>.debug_info</name>
         <load_address>0x1a3f</load_address>
         <run_address>0x1a3f</run_address>
         <size>0x13f</size>
         <input_file_ref idref="fl-2"/>
      </object_component>
      <object_component id="oc-1f0">
         <name>.debug_info</name>
         <load_address>0x1b7e</load_address>
         <run_address>0x1b7e</run_address>
         <size>0x13d</size>
         <input_file_ref idref="fl-2"/>
      </object_component>
      <object_component id="oc-1f6">
         <name>.debug_info</name>
         <load_address>0x1cbb</load_address>
         <run_address>0x1cbb</run_address>
         <size>0x13d</size>
         <input_file_ref idref="fl-2"/>
      </object_component>
      <object_component id="oc-1fc">
         <name>.debug_info</name>
         <load_address>0x1df8</load_address>
         <run_address>0x1df8</run_address>
         <size>0x168</size>
         <input_file_ref idref="fl-2"/>
      </object_component>
      <object_component id="oc-202">
         <name>.debug_info</name>
         <load_address>0x1f60</load_address>
         <run_address>0x1f60</run_address>
         <size>0x184</size>
         <input_file_ref idref="fl-2"/>
      </object_component>
      <object_component id="oc-208">
         <name>.debug_info</name>
         <load_address>0x20e4</load_address>
         <run_address>0x20e4</run_address>
         <size>0x162</size>
         <input_file_ref idref="fl-2"/>
      </object_component>
      <object_component id="oc-150">
         <name>.debug_info</name>
         <load_address>0x2246</load_address>
         <run_address>0x2246</run_address>
         <size>0x1c7</size>
         <input_file_ref idref="fl-2"/>
      </object_component>
      <object_component id="oc-120">
         <name>.debug_info</name>
         <load_address>0x240d</load_address>
         <run_address>0x240d</run_address>
         <size>0x150</size>
         <input_file_ref idref="fl-2"/>
      </object_component>
      <object_component id="oc-126">
         <name>.debug_info</name>
         <load_address>0x255d</load_address>
         <run_address>0x255d</run_address>
         <size>0x227</size>
         <input_file_ref idref="fl-2"/>
      </object_component>
      <object_component id="oc-138">
         <name>.debug_info</name>
         <load_address>0x2784</load_address>
         <run_address>0x2784</run_address>
         <size>0x169</size>
         <input_file_ref idref="fl-2"/>
      </object_component>
      <object_component id="oc-210">
         <name>.debug_info</name>
         <load_address>0x28ed</load_address>
         <run_address>0x28ed</run_address>
         <size>0x1d2</size>
         <input_file_ref idref="fl-2"/>
      </object_component>
      <object_component id="oc-15c">
         <name>.debug_info</name>
         <load_address>0x2abf</load_address>
         <run_address>0x2abf</run_address>
         <size>0x2b5</size>
         <input_file_ref idref="fl-2"/>
      </object_component>
      <object_component id="oc-eb">
         <name>.debug_info</name>
         <load_address>0x2d74</load_address>
         <run_address>0x2d74</run_address>
         <size>0x330</size>
         <input_file_ref idref="fl-2"/>
      </object_component>
      <object_component id="oc-44">
         <name>.debug_info</name>
         <load_address>0x30a4</load_address>
         <run_address>0x30a4</run_address>
         <size>0x1ef</size>
         <input_file_ref idref="fl-2"/>
      </object_component>
      <object_component id="oc-106">
         <name>.debug_info</name>
         <load_address>0x3293</load_address>
         <run_address>0x3293</run_address>
         <size>0x1ea6</size>
         <input_file_ref idref="fl-2"/>
      </object_component>
      <object_component id="oc-b6">
         <name>.debug_info</name>
         <load_address>0x5139</load_address>
         <run_address>0x5139</run_address>
         <size>0x8b</size>
         <input_file_ref idref="fl-2"/>
      </object_component>
      <object_component id="oc-bb">
         <name>.debug_info</name>
         <load_address>0x51c4</load_address>
         <run_address>0x51c4</run_address>
         <size>0x18b</size>
         <input_file_ref idref="fl-2"/>
      </object_component>
      <object_component id="oc-d2">
         <name>.debug_info</name>
         <load_address>0x534f</load_address>
         <run_address>0x534f</run_address>
         <size>0x2c</size>
         <input_file_ref idref="fl-2"/>
      </object_component>
      <object_component id="oc-10b">
         <name>.debug_info</name>
         <load_address>0x537b</load_address>
         <run_address>0x537b</run_address>
         <size>0x3f</size>
         <input_file_ref idref="fl-2"/>
      </object_component>
      <object_component id="oc-ca">
         <name>.debug_info</name>
         <load_address>0x53ba</load_address>
         <run_address>0x53ba</run_address>
         <size>0x84</size>
         <input_file_ref idref="fl-3"/>
      </object_component>
      <object_component id="oc-265">
         <name>.debug_info</name>
         <load_address>0x543e</load_address>
         <run_address>0x543e</run_address>
         <size>0x289</size>
         <input_file_ref idref="fl-4"/>
      </object_component>
      <object_component id="oc-284">
         <name>.debug_info</name>
         <load_address>0x56c7</load_address>
         <run_address>0x56c7</run_address>
         <size>0xe2</size>
         <input_file_ref idref="fl-4"/>
      </object_component>
      <object_component id="oc-2d9">
         <name>.debug_info</name>
         <load_address>0x57a9</load_address>
         <run_address>0x57a9</run_address>
         <size>0x12f</size>
         <input_file_ref idref="fl-4"/>
      </object_component>
      <object_component id="oc-2d3">
         <name>.debug_info</name>
         <load_address>0x58d8</load_address>
         <run_address>0x58d8</run_address>
         <size>0x133</size>
         <input_file_ref idref="fl-4"/>
      </object_component>
      <object_component id="oc-259">
         <name>.debug_info</name>
         <load_address>0x5a0b</load_address>
         <run_address>0x5a0b</run_address>
         <size>0x1f5</size>
         <input_file_ref idref="fl-4"/>
      </object_component>
      <object_component id="oc-25f">
         <name>.debug_info</name>
         <load_address>0x5c00</load_address>
         <run_address>0x5c00</run_address>
         <size>0x1e1</size>
         <input_file_ref idref="fl-4"/>
      </object_component>
      <object_component id="oc-1c6">
         <name>.debug_info</name>
         <load_address>0x5de1</load_address>
         <run_address>0x5de1</run_address>
         <size>0x1f9</size>
         <input_file_ref idref="fl-4"/>
      </object_component>
      <object_component id="oc-1cc">
         <name>.debug_info</name>
         <load_address>0x5fda</load_address>
         <run_address>0x5fda</run_address>
         <size>0x217</size>
         <input_file_ref idref="fl-4"/>
      </object_component>
      <object_component id="oc-30e">
         <name>.debug_info</name>
         <load_address>0x61f1</load_address>
         <run_address>0x61f1</run_address>
         <size>0x1bc</size>
         <input_file_ref idref="fl-4"/>
      </object_component>
      <object_component id="oc-2ea">
         <name>.debug_info</name>
         <load_address>0x63ad</load_address>
         <run_address>0x63ad</run_address>
         <size>0x1bb</size>
         <input_file_ref idref="fl-4"/>
      </object_component>
      <object_component id="oc-27e">
         <name>.debug_info</name>
         <load_address>0x6568</load_address>
         <run_address>0x6568</run_address>
         <size>0x256</size>
         <input_file_ref idref="fl-4"/>
      </object_component>
      <object_component id="oc-272">
         <name>.debug_info</name>
         <load_address>0x67be</load_address>
         <run_address>0x67be</run_address>
         <size>0x315</size>
         <input_file_ref idref="fl-4"/>
      </object_component>
      <object_component id="oc-278">
         <name>.debug_info</name>
         <load_address>0x6ad3</load_address>
         <run_address>0x6ad3</run_address>
         <size>0x2c3</size>
         <input_file_ref idref="fl-4"/>
      </object_component>
      <object_component id="oc-1d2">
         <name>.debug_info</name>
         <load_address>0x6d96</load_address>
         <run_address>0x6d96</run_address>
         <size>0x23c</size>
         <input_file_ref idref="fl-4"/>
      </object_component>
      <object_component id="oc-132">
         <name>.debug_info</name>
         <load_address>0x6fd2</load_address>
         <run_address>0x6fd2</run_address>
         <size>0x1be</size>
         <input_file_ref idref="fl-4"/>
      </object_component>
      <object_component id="oc-216">
         <name>.debug_info</name>
         <load_address>0x7190</load_address>
         <run_address>0x7190</run_address>
         <size>0x2ae</size>
         <input_file_ref idref="fl-4"/>
      </object_component>
      <object_component id="oc-2e2">
         <name>.debug_info</name>
         <load_address>0x743e</load_address>
         <run_address>0x743e</run_address>
         <size>0x46</size>
         <input_file_ref idref="fl-4"/>
      </object_component>
      <object_component id="oc-4b">
         <name>.debug_info</name>
         <load_address>0x7484</load_address>
         <run_address>0x7484</run_address>
         <size>0x131</size>
         <input_file_ref idref="fl-5"/>
      </object_component>
      <object_component id="oc-10">
         <name>.debug_info</name>
         <load_address>0x75b5</load_address>
         <run_address>0x75b5</run_address>
         <size>0xf8</size>
         <input_file_ref idref="fl-5"/>
      </object_component>
      <object_component id="oc-2c">
         <name>.debug_info</name>
         <load_address>0x76ad</load_address>
         <run_address>0x76ad</run_address>
         <size>0x142</size>
         <input_file_ref idref="fl-5"/>
      </object_component>
      <object_component id="oc-32">
         <name>.debug_info</name>
         <load_address>0x77ef</load_address>
         <run_address>0x77ef</run_address>
         <size>0x133</size>
         <input_file_ref idref="fl-5"/>
      </object_component>
      <object_component id="oc-3e">
         <name>.debug_info</name>
         <load_address>0x7922</load_address>
         <run_address>0x7922</run_address>
         <size>0x14b</size>
         <input_file_ref idref="fl-5"/>
      </object_component>
      <object_component id="oc-38">
         <name>.debug_info</name>
         <load_address>0x7a6d</load_address>
         <run_address>0x7a6d</run_address>
         <size>0x139</size>
         <input_file_ref idref="fl-5"/>
      </object_component>
      <object_component id="oc-230">
         <name>.debug_info</name>
         <load_address>0x7ba6</load_address>
         <run_address>0x7ba6</run_address>
         <size>0x230</size>
         <input_file_ref idref="fl-c"/>
      </object_component>
      <object_component id="oc-22d">
         <name>.debug_info</name>
         <load_address>0x7dd6</load_address>
         <run_address>0x7dd6</run_address>
         <size>0x15b</size>
         <input_file_ref idref="fl-c"/>
      </object_component>
      <object_component id="oc-1c0">
         <name>.debug_info</name>
         <load_address>0x7f31</load_address>
         <run_address>0x7f31</run_address>
         <size>0x2a3</size>
         <input_file_ref idref="fl-c"/>
      </object_component>
      <object_component id="oc-232">
         <name>.debug_info</name>
         <load_address>0x81d4</load_address>
         <run_address>0x81d4</run_address>
         <size>0x2b3</size>
         <input_file_ref idref="fl-c"/>
      </object_component>
      <object_component id="oc-238">
         <name>.debug_info</name>
         <load_address>0x8487</load_address>
         <run_address>0x8487</run_address>
         <size>0x316</size>
         <input_file_ref idref="fl-c"/>
      </object_component>
      <object_component id="oc-194">
         <name>.debug_info</name>
         <load_address>0x879d</load_address>
         <run_address>0x879d</run_address>
         <size>0x27b</size>
         <input_file_ref idref="fl-c"/>
      </object_component>
      <object_component id="oc-1ba">
         <name>.debug_info</name>
         <load_address>0x8a18</load_address>
         <run_address>0x8a18</run_address>
         <size>0x2b7</size>
         <input_file_ref idref="fl-c"/>
      </object_component>
      <object_component id="oc-18e">
         <name>.debug_info</name>
         <load_address>0x8ccf</load_address>
         <run_address>0x8ccf</run_address>
         <size>0x280</size>
         <input_file_ref idref="fl-c"/>
      </object_component>
      <object_component id="oc-253">
         <name>.debug_info</name>
         <load_address>0x8f4f</load_address>
         <run_address>0x8f4f</run_address>
         <size>0x20e</size>
         <input_file_ref idref="fl-d"/>
      </object_component>
      <object_component id="oc-250">
         <name>.debug_info</name>
         <load_address>0x915d</load_address>
         <run_address>0x915d</run_address>
         <size>0x210</size>
         <input_file_ref idref="fl-d"/>
      </object_component>
      <object_component id="oc-12c">
         <name>.debug_info</name>
         <load_address>0x936d</load_address>
         <run_address>0x936d</run_address>
         <size>0x23e</size>
         <input_file_ref idref="fl-d"/>
      </object_component>
      <object_component id="oc-1a6">
         <name>.debug_info</name>
         <load_address>0x95ab</load_address>
         <run_address>0x95ab</run_address>
         <size>0x268</size>
         <input_file_ref idref="fl-d"/>
      </object_component>
      <object_component id="oc-22a">
         <name>.debug_info</name>
         <load_address>0x9813</load_address>
         <run_address>0x9813</run_address>
         <size>0x298</size>
         <input_file_ref idref="fl-e"/>
      </object_component>
      <object_component id="oc-23f">
         <name>.debug_info</name>
         <load_address>0x9aab</load_address>
         <run_address>0x9aab</run_address>
         <size>0x14d</size>
         <input_file_ref idref="fl-e"/>
      </object_component>
      <object_component id="oc-188">
         <name>.debug_info</name>
         <load_address>0x9bf8</load_address>
         <run_address>0x9bf8</run_address>
         <size>0x27d</size>
         <input_file_ref idref="fl-e"/>
      </object_component>
      <object_component id="oc-181">
         <name>.debug_info</name>
         <load_address>0x9e75</load_address>
         <run_address>0x9e75</run_address>
         <size>0x2db</size>
         <input_file_ref idref="fl-e"/>
      </object_component>
      <object_component id="oc-19a">
         <name>.debug_info</name>
         <load_address>0xa150</load_address>
         <run_address>0xa150</run_address>
         <size>0x2b5</size>
         <input_file_ref idref="fl-e"/>
      </object_component>
      <object_component id="oc-2bf">
         <name>.debug_info</name>
         <load_address>0xa405</load_address>
         <run_address>0xa405</run_address>
         <size>0x5f</size>
         <input_file_ref idref="fl-e"/>
      </object_component>
      <object_component id="oc-1db">
         <name>.debug_info</name>
         <load_address>0xa464</load_address>
         <run_address>0xa464</run_address>
         <size>0x19d</size>
         <input_file_ref idref="fl-f"/>
      </object_component>
      <object_component id="oc-156">
         <name>.debug_info</name>
         <load_address>0xa601</load_address>
         <run_address>0xa601</run_address>
         <size>0x22c</size>
         <input_file_ref idref="fl-f"/>
      </object_component>
      <object_component id="oc-144">
         <name>.debug_info</name>
         <load_address>0xa82d</load_address>
         <run_address>0xa82d</run_address>
         <size>0x261</size>
         <input_file_ref idref="fl-f"/>
      </object_component>
      <object_component id="oc-14a">
         <name>.debug_info</name>
         <load_address>0xaa8e</load_address>
         <run_address>0xaa8e</run_address>
         <size>0x221</size>
         <input_file_ref idref="fl-f"/>
      </object_component>
      <object_component id="oc-fe">
         <name>.debug_info</name>
         <load_address>0xacaf</load_address>
         <run_address>0xacaf</run_address>
         <size>0x227</size>
         <input_file_ref idref="fl-10"/>
      </object_component>
      <object_component id="oc-98">
         <name>.debug_info</name>
         <load_address>0xaed6</load_address>
         <run_address>0xaed6</run_address>
         <size>0x27f</size>
         <input_file_ref idref="fl-10"/>
      </object_component>
      <object_component id="oc-1ac">
         <name>.debug_info</name>
         <load_address>0xb155</load_address>
         <run_address>0xb155</run_address>
         <size>0x28f</size>
         <input_file_ref idref="fl-10"/>
      </object_component>
      <object_component id="oc-9e">
         <name>.debug_info</name>
         <load_address>0xb3e4</load_address>
         <run_address>0xb3e4</run_address>
         <size>0x28d</size>
         <input_file_ref idref="fl-10"/>
      </object_component>
      <object_component id="oc-249">
         <name>.debug_info</name>
         <load_address>0xb671</load_address>
         <run_address>0xb671</run_address>
         <size>0x247</size>
         <input_file_ref idref="fl-10"/>
      </object_component>
      <object_component id="oc-243">
         <name>.debug_info</name>
         <load_address>0xb8b8</load_address>
         <run_address>0xb8b8</run_address>
         <size>0x249</size>
         <input_file_ref idref="fl-10"/>
      </object_component>
      <object_component id="oc-1a0">
         <name>.debug_info</name>
         <load_address>0xbb01</load_address>
         <run_address>0xbb01</run_address>
         <size>0x326</size>
         <input_file_ref idref="fl-10"/>
      </object_component>
      <object_component id="oc-aa">
         <name>.debug_info</name>
         <load_address>0xbe27</load_address>
         <run_address>0xbe27</run_address>
         <size>0x253</size>
         <input_file_ref idref="fl-10"/>
      </object_component>
      <object_component id="oc-13e">
         <name>.debug_info</name>
         <load_address>0xc07a</load_address>
         <run_address>0xc07a</run_address>
         <size>0x273</size>
         <input_file_ref idref="fl-10"/>
      </object_component>
      <object_component id="oc-a4">
         <name>.debug_info</name>
         <load_address>0xc2ed</load_address>
         <run_address>0xc2ed</run_address>
         <size>0x24d</size>
         <input_file_ref idref="fl-10"/>
      </object_component>
      <object_component id="oc-1b3">
         <name>.debug_info</name>
         <load_address>0xc53a</load_address>
         <run_address>0xc53a</run_address>
         <size>0x212</size>
         <input_file_ref idref="fl-11"/>
      </object_component>
      <object_component id="oc-25">
         <name>.debug_info</name>
         <load_address>0xc74c</load_address>
         <run_address>0xc74c</run_address>
         <size>0x161</size>
         <input_file_ref idref="fl-c7"/>
      </object_component>
      <object_component id="oc-57">
         <name>.debug_info</name>
         <load_address>0xc8ad</load_address>
         <run_address>0xc8ad</run_address>
         <size>0x141</size>
         <input_file_ref idref="fl-c8"/>
      </object_component>
      <object_component id="oc-13">
         <name>.debug_info</name>
         <load_address>0xc9ee</load_address>
         <run_address>0xc9ee</run_address>
         <size>0x1e0</size>
         <input_file_ref idref="fl-c8"/>
      </object_component>
      <object_component id="oc-52">
         <name>.debug_info</name>
         <load_address>0xcbce</load_address>
         <run_address>0xcbce</run_address>
         <size>0x46</size>
         <input_file_ref idref="fl-c8"/>
      </object_component>
      <object_component id="oc-c3">
         <name>.debug_info</name>
         <load_address>0xcc14</load_address>
         <run_address>0xcc14</run_address>
         <size>0x2c</size>
         <input_file_ref idref="fl-c8"/>
      </object_component>
      <object_component id="oc-5f">
         <name>.debug_info</name>
         <load_address>0xcc40</load_address>
         <run_address>0xcc40</run_address>
         <size>0x135</size>
         <input_file_ref idref="fl-c9"/>
      </object_component>
      <object_component id="oc-59">
         <name>.debug_info</name>
         <load_address>0xcd75</load_address>
         <run_address>0xcd75</run_address>
         <size>0x248</size>
         <input_file_ref idref="fl-c9"/>
      </object_component>
      <object_component id="oc-19">
         <name>.debug_info</name>
         <load_address>0xcfbd</load_address>
         <run_address>0xcfbd</run_address>
         <size>0x1b2</size>
         <input_file_ref idref="fl-c9"/>
      </object_component>
      <object_component id="oc-60">
         <name>.debug_info</name>
         <load_address>0xd16f</load_address>
         <run_address>0xd16f</run_address>
         <size>0x39</size>
         <input_file_ref idref="fl-c9"/>
      </object_component>
      <object_component id="oc-f9">
         <name>.debug_info</name>
         <load_address>0xd1a8</load_address>
         <run_address>0xd1a8</run_address>
         <size>0x235</size>
         <input_file_ref idref="fl-cd"/>
      </object_component>
      <object_component id="oc-f3">
         <name>.debug_info</name>
         <load_address>0xd3dd</load_address>
         <run_address>0xd3dd</run_address>
         <size>0x186</size>
         <input_file_ref idref="fl-cd"/>
      </object_component>
      <object_component id="oc-8a">
         <name>.debug_info</name>
         <load_address>0xd563</load_address>
         <run_address>0xd563</run_address>
         <size>0x215</size>
         <input_file_ref idref="fl-cd"/>
      </object_component>
      <object_component id="oc-4d">
         <name>.debug_info</name>
         <load_address>0xd778</load_address>
         <run_address>0xd778</run_address>
         <size>0x112</size>
         <input_file_ref idref="fl-d5"/>
      </object_component>
      <object_component id="oc-66">
         <name>.debug_info</name>
         <load_address>0xd88a</load_address>
         <run_address>0xd88a</run_address>
         <size>0x140</size>
         <input_file_ref idref="fl-d6"/>
      </object_component>
      <object_component id="oc-72">
         <name>.debug_info</name>
         <load_address>0xd9ca</load_address>
         <run_address>0xd9ca</run_address>
         <size>0x139</size>
         <input_file_ref idref="fl-d7"/>
      </object_component>
      <object_component id="oc-78">
         <name>.debug_info</name>
         <load_address>0xdb03</load_address>
         <run_address>0xdb03</run_address>
         <size>0x149</size>
         <input_file_ref idref="fl-d8"/>
      </object_component>
      <object_component id="oc-90">
         <name>.debug_info</name>
         <load_address>0xdc4c</load_address>
         <run_address>0xdc4c</run_address>
         <size>0x10a</size>
         <input_file_ref idref="fl-d9"/>
      </object_component>
      <object_component id="oc-173">
         <name>.debug_info</name>
         <load_address>0xdd56</load_address>
         <run_address>0xdd56</run_address>
         <size>0x125</size>
         <input_file_ref idref="fl-da"/>
      </object_component>
      <object_component id="oc-f6">
         <name>.debug_info</name>
         <load_address>0xde7b</load_address>
         <run_address>0xde7b</run_address>
         <size>0x114</size>
         <input_file_ref idref="fl-da"/>
      </object_component>
      <object_component id="oc-16c">
         <name>.debug_info</name>
         <load_address>0xdf8f</load_address>
         <run_address>0xdf8f</run_address>
         <size>0x220</size>
         <input_file_ref idref="fl-da"/>
      </object_component>
      <object_component id="oc-f1">
         <name>.debug_info</name>
         <load_address>0xe1af</load_address>
         <run_address>0xe1af</run_address>
         <size>0x167</size>
         <input_file_ref idref="fl-db"/>
      </object_component>
      <object_component id="oc-84">
         <name>.debug_info</name>
         <load_address>0xe316</load_address>
         <run_address>0xe316</run_address>
         <size>0x168</size>
         <input_file_ref idref="fl-db"/>
      </object_component>
      <object_component id="oc-164">
         <name>.debug_info</name>
         <load_address>0xe47e</load_address>
         <run_address>0xe47e</run_address>
         <size>0x5e</size>
         <input_file_ref idref="fl-db"/>
      </object_component>
      <object_component id="oc-e9">
         <name>.debug_info</name>
         <load_address>0xe4dc</load_address>
         <run_address>0xe4dc</run_address>
         <size>0x2ea</size>
         <input_file_ref idref="fl-dc"/>
      </object_component>
      <object_component id="oc-7e">
         <name>.debug_info</name>
         <load_address>0xe7c6</load_address>
         <run_address>0xe7c6</run_address>
         <size>0x191</size>
         <input_file_ref idref="fl-dc"/>
      </object_component>
      <object_component id="oc-115">
         <name>.debug_info</name>
         <load_address>0xe957</load_address>
         <run_address>0xe957</run_address>
         <size>0x39</size>
         <input_file_ref idref="fl-dc"/>
      </object_component>
      <object_component id="oc-11a">
         <name>.debug_info</name>
         <load_address>0xe990</load_address>
         <run_address>0xe990</run_address>
         <size>0xcd</size>
         <input_file_ref idref="fl-dc"/>
      </object_component>
      <object_component id="oc-111">
         <name>.debug_info</name>
         <load_address>0xea5d</load_address>
         <run_address>0xea5d</run_address>
         <size>0x1e1</size>
         <input_file_ref idref="fl-dd"/>
      </object_component>
      <object_component id="oc-dd">
         <name>.debug_info</name>
         <load_address>0xec3e</load_address>
         <run_address>0xec3e</run_address>
         <size>0x184</size>
         <input_file_ref idref="fl-dd"/>
      </object_component>
      <object_component id="oc-17b">
         <name>.debug_info</name>
         <load_address>0xedc2</load_address>
         <run_address>0xedc2</run_address>
         <size>0x2c</size>
         <input_file_ref idref="fl-dd"/>
      </object_component>
      <object_component id="oc-e3">
         <name>.debug_info</name>
         <load_address>0xedee</load_address>
         <run_address>0xedee</run_address>
         <size>0x146</size>
         <input_file_ref idref="fl-de"/>
      </object_component>
      <object_component id="oc-2f4">
         <name>.debug_info</name>
         <load_address>0xef34</load_address>
         <run_address>0xef34</run_address>
         <size>0x118</size>
         <input_file_ref idref="fl-df"/>
      </object_component>
      <object_component id="oc-319">
         <name>.debug_info</name>
         <load_address>0xf04c</load_address>
         <run_address>0xf04c</run_address>
         <size>0x2fc</size>
         <input_file_ref idref="fl-df"/>
      </object_component>
      <object_component id="oc-31c">
         <name>.debug_info</name>
         <load_address>0xf348</load_address>
         <run_address>0xf348</run_address>
         <size>0x2d3c</size>
         <input_file_ref idref="fl-df"/>
      </object_component>
      <object_component id="oc-316">
         <name>.debug_info</name>
         <load_address>0x12084</load_address>
         <run_address>0x12084</run_address>
         <size>0xb8</size>
         <input_file_ref idref="fl-df"/>
      </object_component>
      <object_component id="oc-2f9">
         <name>.debug_info</name>
         <load_address>0x1213c</load_address>
         <run_address>0x1213c</run_address>
         <size>0x284</size>
         <input_file_ref idref="fl-e0"/>
      </object_component>
      <object_component id="oc-320">
         <name>.debug_info</name>
         <load_address>0x123c0</load_address>
         <run_address>0x123c0</run_address>
         <size>0xe8</size>
         <input_file_ref idref="fl-e0"/>
      </object_component>
      <object_component id="oc-34c">
         <name>.debug_info</name>
         <load_address>0x124a8</load_address>
         <run_address>0x124a8</run_address>
         <size>0xae</size>
      </object_component>
      <object_component id="oc-105">
         <name>.debug_line</name>
         <load_address>0x0</load_address>
         <run_address>0x0</run_address>
         <size>0x1ec</size>
         <input_file_ref idref="fl-2"/>
      </object_component>
      <object_component id="oc-2fe">
         <name>.debug_line</name>
         <load_address>0x1ec</load_address>
         <run_address>0x1ec</run_address>
         <size>0x30</size>
         <input_file_ref idref="fl-2"/>
      </object_component>
      <object_component id="oc-300">
         <name>.debug_line</name>
         <load_address>0x21c</load_address>
         <run_address>0x21c</run_address>
         <size>0x30</size>
         <input_file_ref idref="fl-2"/>
      </object_component>
      <object_component id="oc-302">
         <name>.debug_line</name>
         <load_address>0x24c</load_address>
         <run_address>0x24c</run_address>
         <size>0x30</size>
         <input_file_ref idref="fl-2"/>
      </object_component>
      <object_component id="oc-304">
         <name>.debug_line</name>
         <load_address>0x27c</load_address>
         <run_address>0x27c</run_address>
         <size>0x30</size>
         <input_file_ref idref="fl-2"/>
      </object_component>
      <object_component id="oc-306">
         <name>.debug_line</name>
         <load_address>0x2ac</load_address>
         <run_address>0x2ac</run_address>
         <size>0x30</size>
         <input_file_ref idref="fl-2"/>
      </object_component>
      <object_component id="oc-30a">
         <name>.debug_line</name>
         <load_address>0x2dc</load_address>
         <run_address>0x2dc</run_address>
         <size>0x30</size>
         <input_file_ref idref="fl-2"/>
      </object_component>
      <object_component id="oc-308">
         <name>.debug_line</name>
         <load_address>0x30c</load_address>
         <run_address>0x30c</run_address>
         <size>0x30</size>
         <input_file_ref idref="fl-2"/>
      </object_component>
      <object_component id="oc-2ba">
         <name>.debug_line</name>
         <load_address>0x33c</load_address>
         <run_address>0x33c</run_address>
         <size>0x30</size>
         <input_file_ref idref="fl-2"/>
      </object_component>
      <object_component id="oc-2bc">
         <name>.debug_line</name>
         <load_address>0x36c</load_address>
         <run_address>0x36c</run_address>
         <size>0x30</size>
         <input_file_ref idref="fl-2"/>
      </object_component>
      <object_component id="oc-103">
         <name>.debug_line</name>
         <load_address>0x39c</load_address>
         <run_address>0x39c</run_address>
         <size>0x3f</size>
         <input_file_ref idref="fl-2"/>
      </object_component>
      <object_component id="oc-1e1">
         <name>.debug_line</name>
         <load_address>0x3db</load_address>
         <run_address>0x3db</run_address>
         <size>0x66</size>
         <input_file_ref idref="fl-2"/>
      </object_component>
      <object_component id="oc-28e">
         <name>.debug_line</name>
         <load_address>0x441</load_address>
         <run_address>0x441</run_address>
         <size>0x5d</size>
         <input_file_ref idref="fl-2"/>
      </object_component>
      <object_component id="oc-1e7">
         <name>.debug_line</name>
         <load_address>0x49e</load_address>
         <run_address>0x49e</run_address>
         <size>0xdd</size>
         <input_file_ref idref="fl-2"/>
      </object_component>
      <object_component id="oc-1ed">
         <name>.debug_line</name>
         <load_address>0x57b</load_address>
         <run_address>0x57b</run_address>
         <size>0x6f</size>
         <input_file_ref idref="fl-2"/>
      </object_component>
      <object_component id="oc-1f3">
         <name>.debug_line</name>
         <load_address>0x5ea</load_address>
         <run_address>0x5ea</run_address>
         <size>0x8c</size>
         <input_file_ref idref="fl-2"/>
      </object_component>
      <object_component id="oc-1f9">
         <name>.debug_line</name>
         <load_address>0x676</load_address>
         <run_address>0x676</run_address>
         <size>0x8c</size>
         <input_file_ref idref="fl-2"/>
      </object_component>
      <object_component id="oc-1ff">
         <name>.debug_line</name>
         <load_address>0x702</load_address>
         <run_address>0x702</run_address>
         <size>0x66</size>
         <input_file_ref idref="fl-2"/>
      </object_component>
      <object_component id="oc-205">
         <name>.debug_line</name>
         <load_address>0x768</load_address>
         <run_address>0x768</run_address>
         <size>0x8d</size>
         <input_file_ref idref="fl-2"/>
      </object_component>
      <object_component id="oc-20b">
         <name>.debug_line</name>
         <load_address>0x7f5</load_address>
         <run_address>0x7f5</run_address>
         <size>0x67</size>
         <input_file_ref idref="fl-2"/>
      </object_component>
      <object_component id="oc-153">
         <name>.debug_line</name>
         <load_address>0x85c</load_address>
         <run_address>0x85c</run_address>
         <size>0x5b</size>
         <input_file_ref idref="fl-2"/>
      </object_component>
      <object_component id="oc-123">
         <name>.debug_line</name>
         <load_address>0x8b7</load_address>
         <run_address>0x8b7</run_address>
         <size>0x54</size>
         <input_file_ref idref="fl-2"/>
      </object_component>
      <object_component id="oc-129">
         <name>.debug_line</name>
         <load_address>0x90b</load_address>
         <run_address>0x90b</run_address>
         <size>0x5e</size>
         <input_file_ref idref="fl-2"/>
      </object_component>
      <object_component id="oc-13b">
         <name>.debug_line</name>
         <load_address>0x969</load_address>
         <run_address>0x969</run_address>
         <size>0x5d</size>
         <input_file_ref idref="fl-2"/>
      </object_component>
      <object_component id="oc-213">
         <name>.debug_line</name>
         <load_address>0x9c6</load_address>
         <run_address>0x9c6</run_address>
         <size>0x8a</size>
         <input_file_ref idref="fl-2"/>
      </object_component>
      <object_component id="oc-15f">
         <name>.debug_line</name>
         <load_address>0xa50</load_address>
         <run_address>0xa50</run_address>
         <size>0xa3</size>
         <input_file_ref idref="fl-2"/>
      </object_component>
      <object_component id="oc-ee">
         <name>.debug_line</name>
         <load_address>0xaf3</load_address>
         <run_address>0xaf3</run_address>
         <size>0x97</size>
         <input_file_ref idref="fl-2"/>
      </object_component>
      <object_component id="oc-47">
         <name>.debug_line</name>
         <load_address>0xb8a</load_address>
         <run_address>0xb8a</run_address>
         <size>0xa7</size>
         <input_file_ref idref="fl-2"/>
      </object_component>
      <object_component id="oc-109">
         <name>.debug_line</name>
         <load_address>0xc31</load_address>
         <run_address>0xc31</run_address>
         <size>0x5c</size>
         <input_file_ref idref="fl-2"/>
      </object_component>
      <object_component id="oc-b9">
         <name>.debug_line</name>
         <load_address>0xc8d</load_address>
         <run_address>0xc8d</run_address>
         <size>0x20</size>
         <input_file_ref idref="fl-2"/>
      </object_component>
      <object_component id="oc-be">
         <name>.debug_line</name>
         <load_address>0xcad</load_address>
         <run_address>0xcad</run_address>
         <size>0x6d</size>
         <input_file_ref idref="fl-2"/>
      </object_component>
      <object_component id="oc-d5">
         <name>.debug_line</name>
         <load_address>0xd1a</load_address>
         <run_address>0xd1a</run_address>
         <size>0x6d</size>
         <input_file_ref idref="fl-2"/>
      </object_component>
      <object_component id="oc-10e">
         <name>.debug_line</name>
         <load_address>0xd87</load_address>
         <run_address>0xd87</run_address>
         <size>0x2f</size>
         <input_file_ref idref="fl-2"/>
[...]
      </symbol>
      <symbol id="sm-9">
         <name>__STACK_END</name>
         <value>0x20004610</value>
      </symbol>
      <symbol id="sm-a">
         <name>__c_args__</name>
         <value>0xffffffff</value>
      </symbol>
      <symbol id="sm-b">
         <name>__TI_pprof_out_hndl</name>
         <value>0xffffffff</value>
      </symbol>
      <symbol id="sm-c">
         <name>__TI_prof_data_start</name>
         <value>0xffffffff</value>
      </symbol>
      <symbol id="sm-d">
         <name>__TI_prof_data_size</name>
         <value>0xffffffff</value>
      </symbol>
      <symbol id="sm-1a0">
         <name>WHITE</name>
         <value>0x20004400</value>
      </symbol>
      <symbol id="sm-1a1">
         <name>BLACK</name>
         <value>0x200043e8</value>
      </symbol>
      <symbol id="sm-1a2">
         <name>RED</name>
         <value>0x200043fc</value>
      </symbol>
      <symbol id="sm-1a3">
         <name>GREEN</name>
         <value>0x200043f4</value>
      </symbol>
      <symbol id="sm-1a4">
         <name>BLUE</name>
         <value>0x200043ec</value>
      </symbol>
      <symbol id="sm-1a5">
         <name>CYAN</name>
         <value>0x200043f0</value>
      </symbol>
      <symbol id="sm-1a6">
         <name>MAGENTA</name>
         <value>0x200043f8</value>
      </symbol>
      <symbol id="sm-1a7">
         <name>YELLOW</name>
         <value>0x20004404</value>
      </symbol>
      <symbol id="sm-1a8">
         <name>mode</name>
         <value>0x20004408</value>
      </symbol>
      <symbol id="sm-1a9">
         <name>im</name>
         <value>0x20002df0</value>
      </symbol>
      <symbol id="sm-1aa">
         <name>image</name>
         <value>0x200031f0</value>
      </symbol>
      <symbol id="sm-1ab">
         <name>temparr</name>
         <value>0x20004320</value>
      </symbol>
      <symbol id="sm-1ac">
         <name>status</name>
         <value>0x2000440e</value>
      </symbol>
      <symbol id="sm-1ad">
         <name>conv1</name>
         <value>0x20000000</value>
      </symbol>
      <symbol id="sm-1ae">
         <name>conv2</name>
         <value>0x20000c40</value>
      </symbol>
      <symbol id="sm-1af">
         <name>conv3</name>
         <value>0x20001880</value>
      </symbol>
      <symbol id="sm-1b0">
         <name>pool1</name>
         <value>0x200039f0</value>
      </symbol>
      <symbol id="sm-1b1">
         <name>pool2</name>
         <value>0x20003d00</value>
      </symbol>
      <symbol id="sm-1b2">
         <name>pool3</name>
         <value>0x20004010</value>
      </symbol>
      <symbol id="sm-1b3">
         <name>fcInp</name>
         <value>0x200024c0</value>
      </symbol>
      <symbol id="sm-1b4">
         <name>fcOut</name>
         <value>0x20004384</value>
      </symbol>
      <symbol id="sm-1b5">
         <name>classOut</name>
         <value>0x200043d4</value>
      </symbol>
      <symbol id="sm-1b6">
         <name>maxIndex</name>
         <value>0x2000440c</value>
      </symbol>
      <symbol id="sm-1b7">
         <name>lcdimage</name>
         <value>0x200035f0</value>
      </symbol>
      <symbol id="sm-1b8">
         <name>startCNN</name>
         <value>0xee91</value>
         <object_component_ref idref="oc-14f"/>
      </symbol>
      <symbol id="sm-1b9">
         <name>classnames</name>
         <value>0xd214</value>
         <object_component_ref idref="oc-21b"/>
      </symbol>
      <symbol id="sm-1ba">
         <name>fc_wts</name>
         <value>0x26c</value>
         <object_component_ref idref="oc-2a7"/>
      </symbol>
      <symbol id="sm-1bb">
         <name>softmax_wts</name>
         <value>0xd084</value>
         <object_component_ref idref="oc-2b2"/>
      </symbol>
      <symbol id="sm-1bc">
         <name>flatten</name>
         <value>0xea81</value>
         <object_component_ref idref="oc-1f5"/>
      </symbol>
      <symbol id="sm-1bd">
         <name>softmax_bias</name>
         <value>0xd594</value>
         <object_component_ref idref="oc-2af"/>
      </symbol>
      <symbol id="sm-1be">
         <name>fullyConnectedNet</name>
         <value>0xe7a5</value>
         <object_component_ref idref="oc-1fb"/>
      </symbol>
      <symbol id="sm-1bf">
         <name>UART0Setup</name>
         <value>0xea25</value>
         <object_component_ref idref="oc-125"/>
      </symbol>
      <symbol id="sm-1c0">
         <name>conv2D</name>
         <value>0xd751</value>
         <object_component_ref idref="oc-1e3"/>
      </symbol>
      <symbol id="sm-1c1">
         <name>dispOut</name>
         <value>0xd8c9</value>
         <object_component_ref idref="oc-15b"/>
      </symbol>
      <symbol id="sm-1c2">
         <name>SendintUART</name>
         <value>0xe9c9</value>
         <object_component_ref idref="oc-20f"/>
      </symbol>
      <symbol id="sm-1c3">
         <name>UARTIntHandler</name>
         <value>0xe509</value>
         <object_component_ref idref="oc-43"/>
      </symbol>
      <symbol id="sm-1c4">
         <name>SendStringUART</name>
         <value>0xeed5</value>
         <object_component_ref idref="oc-137"/>
      </symbol>
      <symbol id="sm-1c5">
         <name>cmsisMatMultiply</name>
         <value>0xecff</value>
         <object_component_ref idref="oc-28a"/>
      </symbol>
      <symbol id="sm-1c6">
         <name>main</name>
         <value>0xda41</value>
         <object_component_ref idref="oc-ea"/>
      </symbol>
      <symbol id="sm-1c7">
         <name>reshapeInpMatrix</name>
         <value>0xee6d</value>
         <object_component_ref idref="oc-1dd"/>
      </symbol>
      <symbol id="sm-1c8">
         <name>findMaxIndex</name>
         <value>0xed85</value>
         <object_component_ref idref="oc-207"/>
      </symbol>
      <symbol id="sm-1c9">
         <name>fc_bias</name>
         <value>0xd544</value>
         <object_component_ref idref="oc-2aa"/>
      </symbol>
      <symbol id="sm-1ca">
         <name>softMax</name>
         <value>0xe595</value>
         <object_component_ref idref="oc-201"/>
      </symbol>
      <symbol id="sm-1cb">
         <name>ClockSetup</name>
         <value>0xefd9</value>
         <object_component_ref idref="oc-11f"/>
      </symbol>
      <symbol id="sm-1cc">
         <name>wt3</name>
         <value>0xd4e0</value>
         <object_component_ref idref="oc-29b"/>
      </symbol>
      <symbol id="sm-1cd">
         <name>wt2</name>
         <value>0xd47c</value>
         <object_component_ref idref="oc-298"/>
      </symbol>
      <symbol id="sm-1ce">
         <name>wt1</name>
         <value>0xd418</value>
         <object_component_ref idref="oc-295"/>
      </symbol>
      <symbol id="sm-1cf">
         <name>reluConv</name>
         <value>0xe6a9</value>
         <object_component_ref idref="oc-1e9"/>
      </symbol>
      <symbol id="sm-1d0">
         <name>ui32Period</name>
         <value>0x20004614</value>
         <object_component_ref idref="oc-af"/>
      </symbol>
      <symbol id="sm-1d1">
         <name>sampleImg</name>
         <value>0xba2c</value>
         <object_component_ref idref="oc-21e"/>
      </symbol>
      <symbol id="sm-1d2">
         <name>CurrState</name>
         <value>0x20004610</value>
         <object_component_ref idref="oc-af"/>
      </symbol>
      <symbol id="sm-1d3">
         <name>maxPool</name>
         <value>0xd5a9</value>
         <object_component_ref idref="oc-1ef"/>
      </symbol>
      <symbol id="sm-28d">
         <name>LCDClearScreen</name>
         <value>0xe961</value>
         <object_component_ref idref="oc-1cb"/>
      </symbol>
      <symbol id="sm-28e">
         <name>LCDSetXY</name>
         <value>0xedf1</value>
         <object_component_ref idref="oc-30d"/>
      </symbol>
      <symbol id="sm-28f">
         <name>LCDSetPixel</name>
         <value>0xee47</value>
         <object_component_ref idref="oc-2e9"/>
      </symbol>
      <symbol id="sm-290">
         <name>LCDSetLine</name>
         <value>0xe621</value>
         <object_component_ref idref="oc-27d"/>
      </symbol>
      <symbol id="sm-291">
         <name>setbit</name>
         <value>0xefa1</value>
         <object_component_ref idref="oc-2d8"/>
      </symbol>
      <symbol id="sm-292">
         <name>InitLcd</name>
         <value>0xe2e9</value>
         <object_component_ref idref="oc-1c5"/>
      </symbol>
      <symbol id="sm-293">
         <name>LCDSetRect</name>
         <value>0xe20d</value>
         <object_component_ref idref="oc-271"/>
      </symbol>
      <symbol id="sm-294">
         <name>resetbit</name>
         <value>0xef91</value>
         <object_component_ref idref="oc-2d2"/>
      </symbol>
      <symbol id="sm-295">
         <name>WriteSpiData</name>
         <value>0xebd3</value>
         <object_component_ref idref="oc-25e"/>
      </symbol>
      <symbol id="sm-296">
         <name>displayinit</name>
         <value>0xde15</value>
         <object_component_ref idref="oc-1d1"/>
      </symbol>
      <symbol id="sm-297">
         <name>LCDWriteBmp3x</name>
         <value>0xe12d</value>
         <object_component_ref idref="oc-215"/>
      </symbol>
      <symbol id="sm-298">
         <name>displaymasterinit</name>
         <value>0xed45</value>
         <object_component_ref idref="oc-131"/>
      </symbol>
      <symbol id="sm-299">
         <name>WriteSpiCommand</name>
         <value>0xeb81</value>
         <object_component_ref idref="oc-258"/>
      </symbol>
      <symbol id="sm-29a">
         <name>deselogo</name>
         <value>0xce2c</value>
         <object_component_ref idref="oc-283"/>
      </symbol>
      <symbol id="sm-29b">
         <name>LCDWriteBmp</name>
         <value>0xe3c1</value>
         <object_component_ref idref="oc-277"/>
      </symbol>
      <symbol id="sm-2cc">
         <name>ResetISR</name>
         <value>0xf025</value>
         <object_component_ref idref="oc-2b"/>
      </symbol>
      <symbol id="sm-2cd">
         <name>g_pfnVectors</name>
         <value>0x0</value>
         <object_component_ref idref="oc-f"/>
      </symbol>
      <symbol id="sm-30f">
         <name>GPIOPinConfigure</name>
         <value>0xec71</value>
         <object_component_ref idref="oc-18d"/>
      </symbol>
      <symbol id="sm-310">
         <name>GPIOPinTypeUART</name>
         <value>0xef5d</value>
         <object_component_ref idref="oc-193"/>
      </symbol>
      <symbol id="sm-311">
         <name>GPIOPinTypeGPIOOutput</name>
         <value>0xeef1</value>
         <object_component_ref idref="oc-1b9"/>
      </symbol>
      <symbol id="sm-312">
         <name>GPIODirModeSet</name>
         <value>0xee1d</value>
         <object_component_ref idref="oc-231"/>
      </symbol>
      <symbol id="sm-313">
         <name>GPIOPinWrite</name>
         <value>0xf01f</value>
         <object_component_ref idref="oc-1bf"/>
      </symbol>
      <symbol id="sm-314">
         <name>GPIOPadConfigSet</name>
         <value>0xdce1</value>
         <object_component_ref idref="oc-237"/>
      </symbol>
      <symbol id="sm-344">
         <name>IntEnable</name>
         <value>0xe8f9</value>
         <object_component_ref idref="oc-1a5"/>
      </symbol>
      <symbol id="sm-345">
         <name>IntMasterEnable</name>
         <value>0xef6f</value>
         <object_component_ref idref="oc-12b"/>
      </symbol>
      <symbol id="sm-397">
         <name>SysCtlClockSet</name>
         <value>0xe039</value>
         <object_component_ref idref="oc-180"/>
      </symbol>
      <symbol id="sm-398">
         <name>SysCtlDelay</name>
         <value>0xf02b</value>
         <object_component_ref idref="oc-228"/>
      </symbol>
      <symbol id="sm-399">
         <name>SysCtlPeripheralEnable</name>
         <value>0xedbd</value>
         <object_component_ref idref="oc-187"/>
      </symbol>
      <symbol id="sm-39a">
         <name>SysCtlClockGet</name>
         <value>0xdf29</value>
         <object_component_ref idref="oc-199"/>
      </symbol>
      <symbol id="sm-3bd">
         <name>SysTickEnable</name>
         <value>0xef21</value>
         <object_component_ref idref="oc-149"/>
      </symbol>
      <symbol id="sm-3be">
         <name>SysTickValueGet</name>
         <value>0xefe5</value>
         <object_component_ref idref="oc-155"/>
      </symbol>
      <symbol id="sm-3bf">
         <name>SysTickPeriodSet</name>
         <value>0xef81</value>
         <object_component_ref idref="oc-143"/>
      </symbol>
      <symbol id="sm-412">
         <name>UARTConfigSetExpClk</name>
         <value>0xecb9</value>
         <object_component_ref idref="oc-19f"/>
      </symbol>
      <symbol id="sm-413">
         <name>UARTDisable</name>
         <value>0xeeb5</value>
         <object_component_ref idref="oc-242"/>
      </symbol>
      <symbol id="sm-414">
         <name>UARTIntEnable</name>
         <value>0xf00f</value>
         <object_component_ref idref="oc-1ab"/>
      </symbol>
      <symbol id="sm-415">
         <name>UARTCharsAvail</name>
         <value>0xefb1</value>
         <object_component_ref idref="oc-a9"/>
      </symbol>
      <symbol id="sm-416">
         <name>UARTCharPut</name>
         <value>0xeffb</value>
         <object_component_ref idref="oc-13d"/>
      </symbol>
      <symbol id="sm-417">
         <name>UARTEnable</name>
         <value>0xef35</value>
         <object_component_ref idref="oc-248"/>
      </symbol>
      <symbol id="sm-418">
         <name>UARTIntClear</name>
         <value>0xf037</value>
         <object_component_ref idref="oc-9d"/>
      </symbol>
      <symbol id="sm-419">
         <name>UARTIntStatus</name>
         <value>0xf005</value>
         <object_component_ref idref="oc-97"/>
      </symbol>
      <symbol id="sm-41a">
         <name>UARTCharGet</name>
         <value>0xeff1</value>
         <object_component_ref idref="oc-a3"/>
      </symbol>
      <symbol id="sm-424">
         <name>CPUcpsie</name>
         <value>0xefcd</value>
         <object_component_ref idref="oc-1b2"/>
      </symbol>
      <symbol id="sm-435">
         <name>_c_int00</name>
         <value>0xead9</value>
         <object_component_ref idref="oc-24"/>
      </symbol>
      <symbol id="sm-436">
         <name>__stack</name>
         <value>0x20004410</value>
         <object_component_ref idref="oc-2a"/>
      </symbol>
      <symbol id="sm-44d">
         <name>__TI_decompress_none</name>
         <value>0xefbf</value>
         <object_component_ref idref="oc-12"/>
      </symbol>
      <symbol id="sm-470">
         <name>__TI_decompress_rle24</name>
         <value>0xf031</value>
         <object_component_ref idref="oc-18"/>
      </symbol>
      <symbol id="sm-494">
         <name>C$$EXIT</name>
         <value>0xeb2d</value>
         <object_component_ref idref="oc-89"/>
      </symbol>
      <symbol id="sm-495">
         <name>abort</name>
         <value>0xeb31</value>
         <object_component_ref idref="oc-89"/>
      </symbol>
      <symbol id="sm-496">
         <name>exit</name>
         <value>0xeb39</value>
         <object_component_ref idref="oc-89"/>
      </symbol>
      <symbol id="sm-497">
         <name>__TI_dtors_ptr</name>
         <value>0x20004624</value>
         <object_component_ref idref="oc-f2"/>
      </symbol>
      <symbol id="sm-498">
         <name>__TI_cleanup_ptr</name>
         <value>0x20004620</value>
         <object_component_ref idref="oc-f2"/>
      </symbol>
      <symbol id="sm-499">
         <name>__TI_enable_exit_profile_output</name>
         <value>0x20004628</value>
         <object_component_ref idref="oc-f2"/>
      </symbol>
      <symbol id="sm-4bb">
         <name>memcpy</name>
         <value>0xe46d</value>
         <object_component_ref idref="oc-4c"/>
      </symbol>
      <symbol id="sm-4bc">
         <name>__aeabi_memcpy</name>
         <value>0xe46d</value>
         <object_component_ref idref="oc-4c"/>
      </symbol>
      <symbol id="sm-4bd">
         <name>__aeabi_memcpy8</name>
         <value>0xe46d</value>
         <object_component_ref idref="oc-4c"/>
      </symbol>
      <symbol id="sm-4be">
         <name>__aeabi_memcpy4</name>
         <value>0xe46d</value>
         <object_component_ref idref="oc-4c"/>
      </symbol>
      <symbol id="sm-4cd">
         <name>__aeabi_memset</name>
         <value>0xe72b</value>
         <object_component_ref idref="oc-65"/>
      </symbol>
      <symbol id="sm-4ce">
         <name>memset</name>
         <value>0xe731</value>
         <object_component_ref idref="oc-65"/>
      </symbol>
      <symbol id="sm-4cf">
         <name>__aeabi_memset8</name>
         <value>0xe72b</value>
         <object_component_ref idref="oc-65"/>
      </symbol>
      <symbol id="sm-4d0">
         <name>__aeabi_memset4</name>
         <value>0xe72b</value>
         <object_component_ref idref="oc-65"/>
      </symbol>
      <symbol id="sm-4d1">
         <name>__aeabi_memclr8</name>
         <value>0xe729</value>
         <object_component_ref idref="oc-65"/>
      </symbol>
      <symbol id="sm-4d2">
         <name>__aeabi_memclr4</name>
         <value>0xe729</value>
         <object_component_ref idref="oc-65"/>
      </symbol>
      <symbol id="sm-4d3">
         <name>__aeabi_memclr</name>
         <value>0xe729</value>
         <object_component_ref idref="oc-65"/>
      </symbol>
      <symbol id="sm-4dd">
         <name>__mpu_init</name>
         <value>0xe8f7</value>
         <object_component_ref idref="oc-71"/>
      </symbol>
      <symbol id="sm-4e7">
         <name>_system_pre_init</name>
         <value>0xf03b</value>
         <object_component_ref idref="oc-77"/>
      </symbol>
      <symbol id="sm-4ef">
         <name>main_func_sp</name>
         <value>0x20004634</value>
         <object_component_ref idref="oc-8f"/>
      </symbol>
      <symbol id="sm-508">
         <name>_nop</name>
         <value>0xef57</value>
         <object_component_ref idref="oc-16b"/>
      </symbol>
      <symbol id="sm-509">
         <name>_lock</name>
         <value>0x2000462c</value>
         <object_component_ref idref="oc-f5"/>
      </symbol>
      <symbol id="sm-50a">
         <name>_unlock</name>
         <value>0x20004630</value>
         <object_component_ref idref="oc-f5"/>
      </symbol>
      <symbol id="sm-50b">
         <name>_register_lock</name>
         <value>0xef4f</value>
         <object_component_ref idref="oc-16b"/>
      </symbol>
      <symbol id="sm-50c">
         <name>_register_unlock</name>
         <value>0xef49</value>
         <object_component_ref idref="oc-16b"/>
      </symbol>
      <symbol id="sm-520">
         <name>_args_main</name>
         <value>0xef09</value>
         <object_component_ref idref="oc-83"/>
      </symbol>
      <symbol id="sm-545">
         <name>__TI_auto_init</name>
         <value>0xe81d</value>
         <object_component_ref idref="oc-7d"/>
      </symbol>
      <symbol id="sm-55f">
         <name>copy_in</name>
         <value>0xec25</value>
         <object_component_ref idref="oc-dc"/>
      </symbol>
      <symbol id="sm-569">
         <name>_system_post_cinit</name>
         <value>0xed43</value>
         <object_component_ref idref="oc-e2"/>
      </symbol>
      <symbol id="sm-574">
         <name>arm_mat_init_f32</name>
         <value>0xf017</value>
         <object_component_ref idref="oc-2f2"/>
      </symbol>
      <symbol id="sm-580">
         <name>arm_mat_mult_f32</name>
         <value>0xdba5</value>
         <object_component_ref idref="oc-2f7"/>
      </symbol>
      <symbol id="sm-581">
         <name>__TI_static_base__</name>
         <value>0x0</value>
      </symbol>
      <symbol id="sm-584">
         <name>SHT$$INIT_ARRAY$$Limit</name>
         <value>0x0</value>
      </symbol>
      <symbol id="sm-585">
         <name>SHT$$INIT_ARRAY$$Base</name>
         <value>0x0</value>
      </symbol>
   </symbol_table>
   <title>Link successful</title>
</link_info>
