******************************************************************************
                  TI ARM Linker Unix v15.12.3                  
******************************************************************************
>> Linked Sat Apr 15 22:47:42 2017

OUTPUT FILE NAME:   <cmsis_mat_mul.out>
ENTRY POINT SYMBOL: "_c_int00"  address: 0000059d


MEMORY CONFIGURATION

         name            origin    length      used     unused   attr    fill
----------------------  --------  ---------  --------  --------  ----  --------
  FLASH                 00000000   00040000  000007ec  0003f814  R  X
  SRAM                  20000000   00008000  00000298  00007d68  RW X


SEGMENT ALLOCATION MAP

run origin  load origin   length   init length attrs members
----------  ----------- ---------- ----------- ----- -------
00000000    00000000    000007ec   000007ec    r-x
  00000000    00000000    0000026c   0000026c    r-- .intvecs
  0000026c    0000026c    000004c4   000004c4    r-x .text
  00000730    00000730    00000040   00000040    r-- .const
  00000770    00000770    0000007c   0000007c    r-- .cinit
20000000    20000000    00000298   00000000    rw-
  20000000    20000000    00000200   00000000    rw- .stack
  20000200    20000200    00000058   00000000    rw- .data
  20000258    20000258    00000040   00000000    rw- .bss


SECTION ALLOCATION MAP

 output                                  attributes/
section   page    origin      length       input sections
--------  ----  ----------  ----------   ----------------
.intvecs   0    00000000    0000026c     
                  00000000    0000026c     tm4c123gh6pm_startup_ccs.obj (.intvecs)

.text      0    0000026c    000004c4     
                  0000026c    0000013c     arm_cortexM4lf_math.lib : arm_mat_mult_f32.o (.text)
                  000003a8    0000009c     rtsv7M4_T_le_v4SPD16_eabi.lib : memcpy_t2.obj (.text)
                  00000444    0000007a                                   : memset_t2.obj (.text)
                  000004be    00000002     tm4c123gh6pm_startup_ccs.obj (.text:FaultISR)
                  000004c0    00000070     rtsv7M4_T_le_v4SPD16_eabi.lib : autoinit.obj (.text)
                  00000530    0000006a                                   : copy_decompress_rle.obj (.text)
                  0000059a    00000002     tm4c123gh6pm_startup_ccs.obj (.text:IntDefaultHandler)
                  0000059c    00000054     rtsv7M4_T_le_v4SPD16_eabi.lib : boot.obj (.text)
                  000005f0    00000054                                   : exit.obj (.text)
                  00000644    0000004c                                   : cpy_tbl.obj (.text)
                  00000690    00000048     arm_matrix_example_f32.obj (.text:main)
                  000006d8    00000018     rtsv7M4_T_le_v4SPD16_eabi.lib : args_main.obj (.text)
                  000006f0    00000014                                   : _lock.obj (.text)
                  00000704    0000000e                                   : copy_decompress_none.obj (.text:decompress:none)
                  00000712    00000008     arm_cortexM4lf_math.lib : arm_mat_init_f32.o (.text)
                  0000071a    00000006     tm4c123gh6pm_startup_ccs.obj (.text:ResetISR)
                  00000720    00000006     rtsv7M4_T_le_v4SPD16_eabi.lib : copy_decompress_rle.obj (.text:decompress:rle24)
                  00000726    00000004                                   : pre_init.obj (.text)
                  0000072a    00000002     tm4c123gh6pm_startup_ccs.obj (.text:NmiSR)
                  0000072c    00000002     rtsv7M4_T_le_v4SPD16_eabi.lib : mpu_init.obj (.text)
                  0000072e    00000002                                   : startup.obj (.text)

.const     0    00000730    00000040     
                  00000730    00000040     arm_matrix_example_f32.obj (.const:A_f32)

.cinit     0    00000770    0000007c     
                  00000770    00000056     (.cinit..data.load) [load image, compression = rle]
                  000007c6    00000002     --HOLE-- [fill = 0]
                  000007c8    00000009     (.cinit..bss.load) [load image, compression = rle]
                  000007d1    00000003     --HOLE-- [fill = 0]
                  000007d4    00000008     (__TI_handler_table)
                  000007dc    00000010     (__TI_cinit_table)

.init_array 
*          0    00000000    00000000     UNINITIALIZED

.data      0    20000200    00000058     UNINITIALIZED
                  20000200    00000040     arm_matrix_example_f32.obj (.data:AT_f32)
                  20000240    0000000c     rtsv7M4_T_le_v4SPD16_eabi.lib : exit.obj (.data:$O1$$)
                  2000024c    00000008                                   : _lock.obj (.data:$O1$$)
                  20000254    00000004                                   : stkdepth_vars.obj (.data)

.bss       0    20000258    00000040     UNINITIALIZED
                  20000258    00000040     (.common:ATMA_f32)

.stack     0    20000000    00000200     UNINITIALIZED
                  20000000    00000200     --HOLE--

MODULE SUMMARY

       Module                         code   ro data   rw data
       ------                         ----   -------   -------
    ./
       tm4c123gh6pm_startup_ccs.obj   12     620       0      
       arm_matrix_example_f32.obj     72     64        128    
    +--+------------------------------+------+---------+---------+
       Total:                         84     684       128    
                                                              
    /home/djvishnu92/ti/ccsv6/tools/compiler/arm_15.12.3.LTS/lib/rtsv7M4_T_le_v4SPD16_eabi.lib
       memcpy_t2.obj                  156    0         0      
       memset_t2.obj                  122    0         0      
       autoinit.obj                   112    0         0      
       copy_decompress_rle.obj        112    0         0      
       exit.obj                       84     0         12     
       boot.obj                       84     0         0      
       cpy_tbl.obj                    76     0         0      
       _lock.obj                      20     0         8      
       args_main.obj                  24     0         0      
       copy_decompress_none.obj       14     0         0      
       pre_init.obj                   4      0         0      
       stkdepth_vars.obj              0      0         4      
       mpu_init.obj                   2      0         0      
       startup.obj                    2      0         0      
    +--+------------------------------+------+---------+---------+
       Total:                         812    0         24     
                                                              
    /home/djvishnu92/workspace_v6_2/CMSIS-master/CMSIS/Lib/ARM/arm_cortexM4lf_math.lib
       arm_mat_mult_f32.o             316    0         0      
       arm_mat_init_f32.o             8      0         0      
    +--+------------------------------+------+---------+---------+
       Total:                         324    0         0      
                                                              
       Stack:                         0      0         512    
       Linker Generated:              0      119       0      
    +--+------------------------------+------+---------+---------+
       Grand Total:                   1220   803       664    


LINKER GENERATED COPY TABLES

__TI_cinit_table @ 000007dc records: 2, size/record: 8, table size: 16
	.data: load addr=00000770, load size=00000056 bytes, run addr=20000200, run size=00000058 bytes, compression=rle
	.bss: load addr=000007c8, load size=00000009 bytes, run addr=20000258, run size=00000040 bytes, compression=rle


LINKER GENERATED HANDLER TABLE

__TI_handler_table @ 000007d4 records: 2, size/record: 4, table size: 8
	index: 0, handler: __TI_decompress_rle24
	index: 1, handler: __TI_decompress_none


GLOBAL SYMBOLS: SORTED ALPHABETICALLY BY Name 

address   name                           
-------   ----                           
20000258  ATMA_f32                       
20000200  AT_f32                         
00000730  A_f32                          
000005f1  C$$EXIT                        
0000071b  ResetISR                       
UNDEFED   SHT$$INIT_ARRAY$$Base          
UNDEFED   SHT$$INIT_ARRAY$$Limit         
20000200  __STACK_END                    
00000200  __STACK_SIZE                   
20000200  __STACK_TOP                    
000007dc  __TI_CINIT_Base                
000007ec  __TI_CINIT_Limit               
000007d4  __TI_Handler_Table_Base        
000007dc  __TI_Handler_Table_Limit       
000004c1  __TI_auto_init                 
20000240  __TI_cleanup_ptr               
00000705  __TI_decompress_none           
00000721  __TI_decompress_rle24          
20000244  __TI_dtors_ptr                 
20000248  __TI_enable_exit_profile_output
ffffffff  __TI_pprof_out_hndl            
ffffffff  __TI_prof_data_size            
ffffffff  __TI_prof_data_start           
00000000  __TI_static_base__             
00000445  __aeabi_memclr                 
00000445  __aeabi_memclr4                
00000445  __aeabi_memclr8                
000003a9  __aeabi_memcpy                 
000003a9  __aeabi_memcpy4                
000003a9  __aeabi_memcpy8                
00000447  __aeabi_memset                 
00000447  __aeabi_memset4                
00000447  __aeabi_memset8                
ffffffff  __binit__                      
ffffffff  __c_args__                     
0000072d  __mpu_init                     
20000000  __stack                        
000006d9  _args_main                     
0000059d  _c_int00                       
2000024c  _lock                          
000006ff  _nop                           
000006f7  _register_lock                 
000006f1  _register_unlock               
0000072f  _system_post_cinit             
00000727  _system_pre_init               
20000250  _unlock                        
000005f5  abort                          
00000713  arm_mat_init_f32               
0000026d  arm_mat_mult_f32               
ffffffff  binit                          
00000645  copy_in                        
000005fd  exit                           
00000000  g_pfnVectors                   
00000691  main                           
20000254  main_func_sp                   
000003a9  memcpy                         
0000044d  memset                         


GLOBAL SYMBOLS: SORTED BY Symbol Address 

address   name                           
-------   ----                           
00000000  __TI_static_base__             
00000000  g_pfnVectors                   
00000200  __STACK_SIZE                   
0000026d  arm_mat_mult_f32               
000003a9  __aeabi_memcpy                 
000003a9  __aeabi_memcpy4                
000003a9  __aeabi_memcpy8                
000003a9  memcpy                         
00000445  __aeabi_memclr                 
00000445  __aeabi_memclr4                
00000445  __aeabi_memclr8                
00000447  __aeabi_memset                 
00000447  __aeabi_memset4                
00000447  __aeabi_memset8                
0000044d  memset                         
000004c1  __TI_auto_init                 
0000059d  _c_int00                       
000005f1  C$$EXIT                        
000005f5  abort                          
000005fd  exit                           
00000645  copy_in                        
00000691  main                           
000006d9  _args_main                     
000006f1  _register_unlock               
000006f7  _register_lock                 
000006ff  _nop                           
00000705  __TI_decompress_none           
00000713  arm_mat_init_f32               
0000071b  ResetISR                       
00000721  __TI_decompress_rle24          
00000727  _system_pre_init               
0000072d  __mpu_init                     
0000072f  _system_post_cinit             
00000730  A_f32                          
000007d4  __TI_Handler_Table_Base        
000007dc  __TI_CINIT_Base                
000007dc  __TI_Handler_Table_Limit       
000007ec  __TI_CINIT_Limit               
20000000  __stack                        
20000200  AT_f32                         
20000200  __STACK_END                    
20000200  __STACK_TOP                    
20000240  __TI_cleanup_ptr               
20000244  __TI_dtors_ptr                 
20000248  __TI_enable_exit_profile_output
2000024c  _lock                          
20000250  _unlock                        
20000254  main_func_sp                   
20000258  ATMA_f32                       
ffffffff  __TI_pprof_out_hndl            
ffffffff  __TI_prof_data_size            
ffffffff  __TI_prof_data_start           
ffffffff  __binit__                      
ffffffff  __c_args__                     
ffffffff  binit                          
UNDEFED   SHT$$INIT_ARRAY$$Base          
UNDEFED   SHT$$INIT_ARRAY$$Limit         

[57 symbols]
