<?xml version="1.0"?>
<link_info>
   <banner>TI ARM Linker Unix v15.12.3.LTS</banner>
   <copyright>Copyright (c) 1996-2015 Texas Instruments Incorporated</copyright>
   <link_time>0x58f255b6</link_time>
   <link_errors>0x0</link_errors>
   <output_file>cmsis_mat_mul.out</output_file>
   <entry_point>
      <name>_c_int00</name>
      <address>0x59d</address>
   </entry_point>
   <input_file_list>
      <input_file id="fl-2">
         <path>./</path>
         <kind>object</kind>
         <file>arm_matrix_example_f32.obj</file>
         <name>arm_matrix_example_f32.obj</name>
      </input_file>
      <input_file id="fl-3">
         <path>./</path>
         <kind>object</kind>
         <file>math_helper.obj</file>
         <name>math_helper.obj</name>
      </input_file>
      <input_file id="fl-4">
         <path>./</path>
         <kind>object</kind>
         <file>tm4c123gh6pm_startup_ccs.obj</file>
         <name>tm4c123gh6pm_startup_ccs.obj</name>
      </input_file>
      <input_file id="fl-bf">
         <path>/home/djvishnu92/ti/ccsv6/tools/compiler/arm_15.12.3.LTS/lib/</path>
         <kind>archive</kind>
         <file>rtsv7M4_T_le_v4SPD16_eabi.lib</file>
         <name>boot.obj</name>
      </input_file>
      <input_file id="fl-c0">
         <path>/home/djvishnu92/ti/ccsv6/tools/compiler/arm_15.12.3.LTS/lib/</path>
         <kind>archive</kind>
         <file>rtsv7M4_T_le_v4SPD16_eabi.lib</file>
         <name>copy_decompress_none.obj</name>
      </input_file>
      <input_file id="fl-c1">
         <path>/home/djvishnu92/ti/ccsv6/tools/compiler/arm_15.12.3.LTS/lib/</path>
         <kind>archive</kind>
         <file>rtsv7M4_T_le_v4SPD16_eabi.lib</file>
         <name>copy_decompress_rle.obj</name>
      </input_file>
      <input_file id="fl-c2">
         <path>/home/djvishnu92/ti/ccsv6/tools/compiler/arm_15.12.3.LTS/lib/</path>
         <kind>archive</kind>
         <file>rtsv7M4_T_le_v4SPD16_eabi.lib</file>
         <name>copy_zero_init.obj</name>
      </input_file>
      <input_file id="fl-c3">
         <path>/home/djvishnu92/ti/ccsv6/tools/compiler/arm_15.12.3.LTS/lib/</path>
         <kind>archive</kind>
         <file>rtsv7M4_T_le_v4SPD16_eabi.lib</file>
         <name>e_log10.obj</name>
      </input_file>
      <input_file id="fl-c4">
         <path>/home/djvishnu92/ti/ccsv6/tools/compiler/arm_15.12.3.LTS/lib/</path>
         <kind>archive</kind>
         <file>rtsv7M4_T_le_v4SPD16_eabi.lib</file>
         <name>errno.obj</name>
      </input_file>
      <input_file id="fl-c5">
         <path>/home/djvishnu92/ti/ccsv6/tools/compiler/arm_15.12.3.LTS/lib/</path>
         <kind>archive</kind>
         <file>rtsv7M4_T_le_v4SPD16_eabi.lib</file>
         <name>exit.obj</name>
      </input_file>
      <input_file id="fl-c6">
         <path>/home/djvishnu92/ti/ccsv6/tools/compiler/arm_15.12.3.LTS/lib/</path>
         <kind>archive</kind>
         <file>rtsv7M4_T_le_v4SPD16_eabi.lib</file>
         <name>fd_add_t2.obj</name>
      </input_file>
      <input_file id="fl-c7">
         <path>/home/djvishnu92/ti/ccsv6/tools/compiler/arm_15.12.3.LTS/lib/</path>
         <kind>archive</kind>
         <file>rtsv7M4_T_le_v4SPD16_eabi.lib</file>
         <name>fd_div_t2.obj</name>
      </input_file>
      <input_file id="fl-c8">
         <path>/home/djvishnu92/ti/ccsv6/tools/compiler/arm_15.12.3.LTS/lib/</path>
         <kind>archive</kind>
         <file>rtsv7M4_T_le_v4SPD16_eabi.lib</file>
         <name>fd_mul_t2.obj</name>
      </input_file>
      <input_file id="fl-c9">
         <path>/home/djvishnu92/ti/ccsv6/tools/compiler/arm_15.12.3.LTS/lib/</path>
         <kind>archive</kind>
         <file>rtsv7M4_T_le_v4SPD16_eabi.lib</file>
         <name>fd_toi_t2.obj</name>
      </input_file>
      <input_file id="fl-ca">
         <path>/home/djvishnu92/ti/ccsv6/tools/compiler/arm_15.12.3.LTS/lib/</path>
         <kind>archive</kind>
         <file>rtsv7M4_T_le_v4SPD16_eabi.lib</file>
         <name>fd_tos_t2.obj</name>
      </input_file>
      <input_file id="fl-cb">
         <path>/home/djvishnu92/ti/ccsv6/tools/compiler/arm_15.12.3.LTS/lib/</path>
         <kind>archive</kind>
         <file>rtsv7M4_T_le_v4SPD16_eabi.lib</file>
         <name>fs_tod_t2.obj</name>
      </input_file>
      <input_file id="fl-cc">
         <path>/home/djvishnu92/ti/ccsv6/tools/compiler/arm_15.12.3.LTS/lib/</path>
         <kind>archive</kind>
         <file>rtsv7M4_T_le_v4SPD16_eabi.lib</file>
         <name>i_tofd_t2.obj</name>
      </input_file>
      <input_file id="fl-cd">
         <path>/home/djvishnu92/ti/ccsv6/tools/compiler/arm_15.12.3.LTS/lib/</path>
         <kind>archive</kind>
         <file>rtsv7M4_T_le_v4SPD16_eabi.lib</file>
         <name>memcpy_t2.obj</name>
      </input_file>
      <input_file id="fl-ce">
         <path>/home/djvishnu92/ti/ccsv6/tools/compiler/arm_15.12.3.LTS/lib/</path>
         <kind>archive</kind>
         <file>rtsv7M4_T_le_v4SPD16_eabi.lib</file>
         <name>memset_t2.obj</name>
      </input_file>
      <input_file id="fl-cf">
         <path>/home/djvishnu92/ti/ccsv6/tools/compiler/arm_15.12.3.LTS/lib/</path>
         <kind>archive</kind>
         <file>rtsv7M4_T_le_v4SPD16_eabi.lib</file>
         <name>mpu_init.obj</name>
      </input_file>
      <input_file id="fl-d0">
         <path>/home/djvishnu92/ti/ccsv6/tools/compiler/arm_15.12.3.LTS/lib/</path>
         <kind>archive</kind>
         <file>rtsv7M4_T_le_v4SPD16_eabi.lib</file>
         <name>pre_init.obj</name>
      </input_file>
      <input_file id="fl-d1">
         <path>/home/djvishnu92/ti/ccsv6/tools/compiler/arm_15.12.3.LTS/lib/</path>
         <kind>archive</kind>
         <file>rtsv7M4_T_le_v4SPD16_eabi.lib</file>
         <name>stkdepth_vars.obj</name>
      </input_file>
      <input_file id="fl-d2">
         <path>/home/djvishnu92/ti/ccsv6/tools/compiler/arm_15.12.3.LTS/lib/</path>
         <kind>archive</kind>
         <file>rtsv7M4_T_le_v4SPD16_eabi.lib</file>
         <name>_lock.obj</name>
      </input_file>
      <input_file id="fl-d3">
         <path>/home/djvishnu92/ti/ccsv6/tools/compiler/arm_15.12.3.LTS/lib/</path>
         <kind>archive</kind>
         <file>rtsv7M4_T_le_v4SPD16_eabi.lib</file>
         <name>args_main.obj</name>
      </input_file>
      <input_file id="fl-d4">
         <path>/home/djvishnu92/ti/ccsv6/tools/compiler/arm_15.12.3.LTS/lib/</path>
         <kind>archive</kind>
         <file>rtsv7M4_T_le_v4SPD16_eabi.lib</file>
         <name>autoinit.obj</name>
      </input_file>
      <input_file id="fl-d5">
         <path>/home/djvishnu92/ti/ccsv6/tools/compiler/arm_15.12.3.LTS/lib/</path>
         <kind>archive</kind>
         <file>rtsv7M4_T_le_v4SPD16_eabi.lib</file>
         <name>cpy_tbl.obj</name>
      </input_file>
      <input_file id="fl-d6">
         <path>/home/djvishnu92/ti/ccsv6/tools/compiler/arm_15.12.3.LTS/lib/</path>
         <kind>archive</kind>
         <file>rtsv7M4_T_le_v4SPD16_eabi.lib</file>
         <name>startup.obj</name>
      </input_file>
      <input_file id="fl-d7">
         <path>/home/djvishnu92/workspace_v6_2/CMSIS-master/CMSIS/Lib/ARM/</path>
         <kind>archive</kind>
         <file>arm_cortexM4lf_math.lib</file>
         <name>arm_mat_init_f32.o</name>
      </input_file>
      <input_file id="fl-d8">
         <path>/home/djvishnu92/workspace_v6_2/CMSIS-master/CMSIS/Lib/ARM/</path>
         <kind>archive</kind>
         <file>arm_cortexM4lf_math.lib</file>
         <name>arm_mat_mult_f32.o</name>
      </input_file>
   </input_file_list>
   <object_component_list>
      <object_component id="oc-f">
         <name>.intvecs</name>
         <load_address>0x0</load_address>
         <run_address>0x0</run_address>
         <size>0x26c</size>
         <input_file_ref idref="fl-4"/>
      </object_component>
      <object_component id="oc-e7">
         <name>.text</name>
         <load_address>0x26c</load_address>
         <run_address>0x26c</run_address>
         <size>0x13c</size>
         <input_file_ref idref="fl-d8"/>
      </object_component>
      <object_component id="oc-46">
         <name>.text</name>
         <load_address>0x3a8</load_address>
         <run_address>0x3a8</run_address>
         <size>0x9c</size>
         <input_file_ref idref="fl-cd"/>
      </object_component>
      <object_component id="oc-5f">
         <name>.text</name>
         <load_address>0x444</load_address>
         <run_address>0x444</run_address>
         <size>0x7a</size>
         <input_file_ref idref="fl-ce"/>
      </object_component>
      <object_component id="oc-37">
         <name>.text:FaultISR</name>
         <load_address>0x4be</load_address>
         <run_address>0x4be</run_address>
         <size>0x2</size>
         <input_file_ref idref="fl-4"/>
      </object_component>
      <object_component id="oc-77">
         <name>.text</name>
         <load_address>0x4c0</load_address>
         <run_address>0x4c0</run_address>
         <size>0x70</size>
         <input_file_ref idref="fl-d4"/>
      </object_component>
      <object_component id="oc-52">
         <name>.text</name>
         <load_address>0x530</load_address>
         <run_address>0x530</run_address>
         <size>0x6a</size>
         <input_file_ref idref="fl-c1"/>
      </object_component>
      <object_component id="oc-3d">
         <name>.text:IntDefaultHandler</name>
         <load_address>0x59a</load_address>
         <run_address>0x59a</run_address>
         <size>0x2</size>
         <input_file_ref idref="fl-4"/>
      </object_component>
      <object_component id="oc-24">
         <name>.text</name>
         <load_address>0x59c</load_address>
         <run_address>0x59c</run_address>
         <size>0x54</size>
         <input_file_ref idref="fl-bf"/>
      </object_component>
      <object_component id="oc-83">
         <name>.text</name>
         <load_address>0x5f0</load_address>
         <run_address>0x5f0</run_address>
         <size>0x54</size>
         <input_file_ref idref="fl-c5"/>
      </object_component>
      <object_component id="oc-b2">
         <name>.text</name>
         <load_address>0x644</load_address>
         <run_address>0x644</run_address>
         <size>0x4c</size>
         <input_file_ref idref="fl-d5"/>
      </object_component>
      <object_component id="oc-c0">
         <name>.text:main</name>
         <load_address>0x690</load_address>
         <run_address>0x690</run_address>
         <size>0x48</size>
         <input_file_ref idref="fl-2"/>
      </object_component>
      <object_component id="oc-7d">
         <name>.text</name>
         <load_address>0x6d8</load_address>
         <run_address>0x6d8</run_address>
         <size>0x18</size>
         <input_file_ref idref="fl-d3"/>
      </object_component>
      <object_component id="oc-104">
         <name>.text</name>
         <load_address>0x6f0</load_address>
         <run_address>0x6f0</run_address>
         <size>0x14</size>
         <input_file_ref idref="fl-d2"/>
      </object_component>
      <object_component id="oc-12">
         <name>.text:decompress:none</name>
         <load_address>0x704</load_address>
         <run_address>0x704</run_address>
         <size>0xe</size>
         <input_file_ref idref="fl-c0"/>
      </object_component>
      <object_component id="oc-e2">
         <name>.text</name>
         <load_address>0x712</load_address>
         <run_address>0x712</run_address>
         <size>0x8</size>
         <input_file_ref idref="fl-d7"/>
      </object_component>
      <object_component id="oc-2b">
         <name>.text:ResetISR</name>
         <load_address>0x71a</load_address>
         <run_address>0x71a</run_address>
         <size>0x6</size>
         <input_file_ref idref="fl-4"/>
      </object_component>
      <object_component id="oc-18">
         <name>.text:decompress:rle24</name>
         <load_address>0x720</load_address>
         <run_address>0x720</run_address>
         <size>0x6</size>
         <input_file_ref idref="fl-c1"/>
      </object_component>
      <object_component id="oc-71">
         <name>.text</name>
         <load_address>0x726</load_address>
         <run_address>0x726</run_address>
         <size>0x4</size>
         <input_file_ref idref="fl-d0"/>
      </object_component>
      <object_component id="oc-31">
         <name>.text:NmiSR</name>
         <load_address>0x72a</load_address>
         <run_address>0x72a</run_address>
         <size>0x2</size>
         <input_file_ref idref="fl-4"/>
      </object_component>
      <object_component id="oc-6b">
         <name>.text</name>
         <load_address>0x72c</load_address>
         <run_address>0x72c</run_address>
         <size>0x2</size>
         <input_file_ref idref="fl-cf"/>
      </object_component>
      <object_component id="oc-b8">
         <name>.text</name>
         <load_address>0x72e</load_address>
         <run_address>0x72e</run_address>
         <size>0x2</size>
         <input_file_ref idref="fl-d6"/>
      </object_component>
      <object_component id="oc-ec">
         <name>.const:A_f32</name>
         <load_address>0x730</load_address>
         <run_address>0x730</run_address>
         <size>0x40</size>
         <input_file_ref idref="fl-2"/>
      </object_component>
      <object_component id="oc-154">
         <name>.cinit..data.load</name>
         <load_address>0x770</load_address>
         <run_address>0x770</run_address>
         <size>0x56</size>
      </object_component>
      <object_component id="oc-155">
         <name>.cinit..bss.load</name>
         <load_address>0x7c8</load_address>
         <run_address>0x7c8</run_address>
         <size>0x9</size>
      </object_component>
      <object_component id="oc-152">
         <name>__TI_handler_table</name>
         <load_address>0x7d4</load_address>
         <run_address>0x7d4</run_address>
         <size>0x8</size>
      </object_component>
      <object_component id="oc-153">
         <name>__TI_cinit_table</name>
         <load_address>0x7dc</load_address>
         <run_address>0x7dc</run_address>
         <size>0x10</size>
      </object_component>
      <object_component id="oc-ef">
         <name>.data:AT_f32</name>
         <load_address>0x20000200</load_address>
         <run_address>0x20000200</run_address>
         <size>0x40</size>
         <input_file_ref idref="fl-2"/>
      </object_component>
      <object_component id="oc-c8">
         <name>.data:$O1$$</name>
         <load_address>0x20000240</load_address>
         <run_address>0x20000240</run_address>
         <size>0xc</size>
         <input_file_ref idref="fl-c5"/>
      </object_component>
      <object_component id="oc-89">
         <name>.data</name>
         <load_address>0x20000254</load_address>
         <run_address>0x20000254</run_address>
         <size>0x4</size>
         <input_file_ref idref="fl-d1"/>
      </object_component>
      <object_component id="oc-cb">
         <name>.data:$O1$$</name>
         <load_address>0x2000024c</load_address>
         <run_address>0x2000024c</run_address>
         <size>0x8</size>
         <input_file_ref idref="fl-d2"/>
      </object_component>
      <object_component id="oc-f2">
         <name>.common:ATMA_f32</name>
         <uninitialized>true</uninitialized>
         <run_address>0x20000258</run_address>
         <size>0x40</size>
      </object_component>
      <object_component id="oc-2a">
         <name>.stack</name>
         <uninitialized>true</uninitialized>
         <run_address>0x20000000</run_address>
         <size>0x0</size>
         <input_file_ref idref="fl-bf"/>
      </object_component>
      <object_component id="oc-156">
         <name>.stack</name>
         <uninitialized>true</uninitialized>
         <run_address>0x20000000</run_address>
         <size>0x0</size>
      </object_component>
      <object_component id="oc-f3">
         <name>.debug_info</name>
         <load_address>0x0</load_address>
         <run_address>0x0</run_address>
         <size>0x31e</size>
         <input_file_ref idref="fl-2"/>
      </object_component>
      <object_component id="oc-ed">
         <name>.debug_info</name>
         <load_address>0x31e</load_address>
         <run_address>0x31e</run_address>
         <size>0xe3</size>
         <input_file_ref idref="fl-2"/>
      </object_component>
      <object_component id="oc-f0">
         <name>.debug_info</name>
         <load_address>0x401</load_address>
         <run_address>0x401</run_address>
         <size>0xe5</size>
         <input_file_ref idref="fl-2"/>
      </object_component>
      <object_component id="oc-c1">
         <name>.debug_info</name>
         <load_address>0x4e6</load_address>
         <run_address>0x4e6</run_address>
         <size>0x1b5</size>
         <input_file_ref idref="fl-2"/>
      </object_component>
      <object_component id="oc-f6">
         <name>.debug_info</name>
         <load_address>0x69b</load_address>
         <run_address>0x69b</run_address>
         <size>0x1ea6</size>
         <input_file_ref idref="fl-2"/>
      </object_component>
      <object_component id="oc-a0">
         <name>.debug_info</name>
         <load_address>0x2541</load_address>
         <run_address>0x2541</run_address>
         <size>0x84</size>
         <input_file_ref idref="fl-2"/>
      </object_component>
      <object_component id="oc-93">
         <name>.debug_info</name>
         <load_address>0x25c5</load_address>
         <run_address>0x25c5</run_address>
         <size>0x18b</size>
         <input_file_ref idref="fl-2"/>
      </object_component>
      <object_component id="oc-a8">
         <name>.debug_info</name>
         <load_address>0x2750</load_address>
         <run_address>0x2750</run_address>
         <size>0x2c</size>
         <input_file_ref idref="fl-2"/>
      </object_component>
      <object_component id="oc-45">
         <name>.debug_info</name>
         <load_address>0x277c</load_address>
         <run_address>0x277c</run_address>
         <size>0x108</size>
         <input_file_ref idref="fl-4"/>
      </object_component>
      <object_component id="oc-10">
         <name>.debug_info</name>
         <load_address>0x2884</load_address>
         <run_address>0x2884</run_address>
         <size>0xf3</size>
         <input_file_ref idref="fl-4"/>
      </object_component>
      <object_component id="oc-2c">
         <name>.debug_info</name>
         <load_address>0x2977</load_address>
         <run_address>0x2977</run_address>
         <size>0x13d</size>
         <input_file_ref idref="fl-4"/>
      </object_component>
      <object_component id="oc-32">
         <name>.debug_info</name>
         <load_address>0x2ab4</load_address>
         <run_address>0x2ab4</run_address>
         <size>0x12e</size>
         <input_file_ref idref="fl-4"/>
      </object_component>
      <object_component id="oc-3e">
         <name>.debug_info</name>
         <load_address>0x2be2</load_address>
         <run_address>0x2be2</run_address>
         <size>0x146</size>
         <input_file_ref idref="fl-4"/>
      </object_component>
      <object_component id="oc-38">
         <name>.debug_info</name>
         <load_address>0x2d28</load_address>
         <run_address>0x2d28</run_address>
         <size>0x134</size>
         <input_file_ref idref="fl-4"/>
      </object_component>
      <object_component id="oc-25">
         <name>.debug_info</name>
         <load_address>0x2e5c</load_address>
         <run_address>0x2e5c</run_address>
         <size>0x161</size>
         <input_file_ref idref="fl-bf"/>
      </object_component>
      <object_component id="oc-51">
         <name>.debug_info</name>
         <load_address>0x2fbd</load_address>
         <run_address>0x2fbd</run_address>
         <size>0x141</size>
         <input_file_ref idref="fl-c0"/>
      </object_component>
      <object_component id="oc-13">
         <name>.debug_info</name>
         <load_address>0x30fe</load_address>
         <run_address>0x30fe</run_address>
         <size>0x1e0</size>
         <input_file_ref idref="fl-c0"/>
      </object_component>
      <object_component id="oc-4c">
         <name>.debug_info</name>
         <load_address>0x32de</load_address>
         <run_address>0x32de</run_address>
         <size>0x46</size>
         <input_file_ref idref="fl-c0"/>
      </object_component>
      <object_component id="oc-99">
         <name>.debug_info</name>
         <load_address>0x3324</load_address>
         <run_address>0x3324</run_address>
         <size>0x2c</size>
         <input_file_ref idref="fl-c0"/>
      </object_component>
      <object_component id="oc-59">
         <name>.debug_info</name>
         <load_address>0x3350</load_address>
         <run_address>0x3350</run_address>
         <size>0x135</size>
         <input_file_ref idref="fl-c1"/>
      </object_component>
      <object_component id="oc-53">
         <name>.debug_info</name>
         <load_address>0x3485</load_address>
         <run_address>0x3485</run_address>
         <size>0x248</size>
         <input_file_ref idref="fl-c1"/>
      </object_component>
      <object_component id="oc-19">
         <name>.debug_info</name>
         <load_address>0x36cd</load_address>
         <run_address>0x36cd</run_address>
         <size>0x1b2</size>
         <input_file_ref idref="fl-c1"/>
      </object_component>
      <object_component id="oc-5a">
         <name>.debug_info</name>
         <load_address>0x387f</load_address>
         <run_address>0x387f</run_address>
         <size>0x39</size>
         <input_file_ref idref="fl-c1"/>
      </object_component>
      <object_component id="oc-cf">
         <name>.debug_info</name>
         <load_address>0x38b8</load_address>
         <run_address>0x38b8</run_address>
         <size>0x235</size>
         <input_file_ref idref="fl-c5"/>
      </object_component>
      <object_component id="oc-c9">
         <name>.debug_info</name>
         <load_address>0x3aed</load_address>
         <run_address>0x3aed</run_address>
         <size>0x186</size>
         <input_file_ref idref="fl-c5"/>
      </object_component>
      <object_component id="oc-84">
         <name>.debug_info</name>
         <load_address>0x3c73</load_address>
         <run_address>0x3c73</run_address>
         <size>0x215</size>
         <input_file_ref idref="fl-c5"/>
      </object_component>
      <object_component id="oc-47">
         <name>.debug_info</name>
         <load_address>0x3e88</load_address>
         <run_address>0x3e88</run_address>
         <size>0x112</size>
         <input_file_ref idref="fl-cd"/>
      </object_component>
      <object_component id="oc-60">
         <name>.debug_info</name>
         <load_address>0x3f9a</load_address>
         <run_address>0x3f9a</run_address>
         <size>0x140</size>
         <input_file_ref idref="fl-ce"/>
      </object_component>
      <object_component id="oc-6c">
         <name>.debug_info</name>
         <load_address>0x40da</load_address>
         <run_address>0x40da</run_address>
         <size>0x139</size>
         <input_file_ref idref="fl-cf"/>
      </object_component>
      <object_component id="oc-72">
         <name>.debug_info</name>
         <load_address>0x4213</load_address>
         <run_address>0x4213</run_address>
         <size>0x149</size>
         <input_file_ref idref="fl-d0"/>
      </object_component>
      <object_component id="oc-8a">
         <name>.debug_info</name>
         <load_address>0x435c</load_address>
         <run_address>0x435c</run_address>
         <size>0x10a</size>
         <input_file_ref idref="fl-d1"/>
      </object_component>
      <object_component id="oc-10c">
         <name>.debug_info</name>
         <load_address>0x4466</load_address>
         <run_address>0x4466</run_address>
         <size>0x125</size>
         <input_file_ref idref="fl-d2"/>
      </object_component>
      <object_component id="oc-cc">
         <name>.debug_info</name>
         <load_address>0x458b</load_address>
         <run_address>0x458b</run_address>
         <size>0x114</size>
         <input_file_ref idref="fl-d2"/>
      </object_component>
      <object_component id="oc-105">
         <name>.debug_info</name>
         <load_address>0x469f</load_address>
         <run_address>0x469f</run_address>
         <size>0x220</size>
         <input_file_ref idref="fl-d2"/>
      </object_component>
      <object_component id="oc-c7">
         <name>.debug_info</name>
         <load_address>0x48bf</load_address>
         <run_address>0x48bf</run_address>
         <size>0x167</size>
         <input_file_ref idref="fl-d3"/>
      </object_component>
      <object_component id="oc-7e">
         <name>.debug_info</name>
         <load_address>0x4a26</load_address>
         <run_address>0x4a26</run_address>
         <size>0x168</size>
         <input_file_ref idref="fl-d3"/>
      </object_component>
      <object_component id="oc-fd">
         <name>.debug_info</name>
         <load_address>0x4b8e</load_address>
         <run_address>0x4b8e</run_address>
         <size>0x5e</size>
         <input_file_ref idref="fl-d3"/>
      </object_component>
      <object_component id="oc-bf">
         <name>.debug_info</name>
         <load_address>0x4bec</load_address>
         <run_address>0x4bec</run_address>
         <size>0x2ea</size>
         <input_file_ref idref="fl-d4"/>
      </object_component>
      <object_component id="oc-78">
         <name>.debug_info</name>
         <load_address>0x4ed6</load_address>
         <run_address>0x4ed6</run_address>
         <size>0x191</size>
         <input_file_ref idref="fl-d4"/>
      </object_component>
      <object_component id="oc-d8">
         <name>.debug_info</name>
         <load_address>0x5067</load_address>
         <run_address>0x5067</run_address>
         <size>0x39</size>
         <input_file_ref idref="fl-d4"/>
      </object_component>
      <object_component id="oc-dd">
         <name>.debug_info</name>
         <load_address>0x50a0</load_address>
         <run_address>0x50a0</run_address>
         <size>0xcd</size>
         <input_file_ref idref="fl-d4"/>
      </object_component>
      <object_component id="oc-d4">
         <name>.debug_info</name>
         <load_address>0x516d</load_address>
         <run_address>0x516d</run_address>
         <size>0x1e1</size>
         <input_file_ref idref="fl-d5"/>
      </object_component>
      <object_component id="oc-b3">
         <name>.debug_info</name>
         <load_address>0x534e</load_address>
         <run_address>0x534e</run_address>
         <size>0x184</size>
         <input_file_ref idref="fl-d5"/>
      </object_component>
      <object_component id="oc-112">
         <name>.debug_info</name>
         <load_address>0x54d2</load_address>
         <run_address>0x54d2</run_address>
         <size>0x2c</size>
         <input_file_ref idref="fl-d5"/>
      </object_component>
      <object_component id="oc-b9">
         <name>.debug_info</name>
         <load_address>0x54fe</load_address>
         <run_address>0x54fe</run_address>
         <size>0x146</size>
         <input_file_ref idref="fl-d6"/>
      </object_component>
      <object_component id="oc-e4">
         <name>.debug_info</name>
         <load_address>0x5644</load_address>
         <run_address>0x5644</run_address>
         <size>0x118</size>
         <input_file_ref idref="fl-d7"/>
      </object_component>
      <object_component id="oc-11c">
         <name>.debug_info</name>
         <load_address>0x575c</load_address>
         <run_address>0x575c</run_address>
         <size>0x2fc</size>
         <input_file_ref idref="fl-d7"/>
      </object_component>
      <object_component id="oc-11f">
         <name>.debug_info</name>
         <load_address>0x5a58</load_address>
         <run_address>0x5a58</run_address>
         <size>0x2d3c</size>
         <input_file_ref idref="fl-d7"/>
      </object_component>
      <object_component id="oc-119">
         <name>.debug_info</name>
         <load_address>0x8794</load_address>
         <run_address>0x8794</run_address>
         <size>0xb8</size>
         <input_file_ref idref="fl-d7"/>
      </object_component>
      <object_component id="oc-e9">
         <name>.debug_info</name>
         <load_address>0x884c</load_address>
         <run_address>0x884c</run_address>
         <size>0x284</size>
         <input_file_ref idref="fl-d8"/>
      </object_component>
      <object_component id="oc-123">
         <name>.debug_info</name>
         <load_address>0x8ad0</load_address>
         <run_address>0x8ad0</run_address>
         <size>0xe8</size>
         <input_file_ref idref="fl-d8"/>
      </object_component>
      <object_component id="oc-157">
         <name>.debug_info</name>
         <load_address>0x8bb8</load_address>
         <run_address>0x8bb8</run_address>
         <size>0xa9</size>
      </object_component>
      <object_component id="oc-12b">
         <name>.debug_line</name>
         <load_address>0x0</load_address>
         <run_address>0x0</run_address>
         <size>0x7b</size>
         <input_file_ref idref="fl-2"/>
      </object_component>
      <object_component id="oc-127">
         <name>.debug_line</name>
         <load_address>0x7b</load_address>
         <run_address>0x7b</run_address>
         <size>0x3f</size>
         <input_file_ref idref="fl-2"/>
      </object_component>
      <object_component id="oc-129">
         <name>.debug_line</name>
         <load_address>0xba</load_address>
         <run_address>0xba</run_address>
         <size>0x3f</size>
         <input_file_ref idref="fl-2"/>
      </object_component>
      <object_component id="oc-c4">
         <name>.debug_line</name>
         <load_address>0xf9</load_address>
         <run_address>0xf9</run_address>
         <size>0x67</size>
         <input_file_ref idref="fl-2"/>
      </object_component>
      <object_component id="oc-f9">
         <name>.debug_line</name>
         <load_address>0x160</load_address>
         <run_address>0x160</run_address>
         <size>0x5c</size>
         <input_file_ref idref="fl-2"/>
      </object_component>
      <object_component id="oc-a3">
         <name>.debug_line</name>
         <load_address>0x1bc</load_address>
         <run_address>0x1bc</run_address>
         <size>0x20</size>
         <input_file_ref idref="fl-2"/>
      </object_component>
      <object_component id="oc-96">
         <name>.debug_line</name>
         <load_address>0x1dc</load_address>
         <run_address>0x1dc</run_address>
         <size>0x6d</size>
         <input_file_ref idref="fl-2"/>
      </object_component>
      <object_component id="oc-ab">
         <name>.debug_line</name>
         <load_address>0x249</load_address>
         <run_address>0x249</run_address>
         <size>0x6d</size>
         <input_file_ref idref="fl-2"/>
      </object_component>
      <object_component id="oc-92">
         <name>.debug_line</name>
         <load_address>0x2b6</load_address>
         <run_address>0x2b6</run_address>
         <size>0x41</size>
         <input_file_ref idref="fl-4"/>
      </object_component>
      <object_component id="oc-44">
         <name>.debug_line</name>
         <load_address>0x2f7</load_address>
         <run_address>0x2f7</run_address>
         <size>0x41</size>
         <input_file_ref idref="fl-4"/>
      </object_component>
      <object_component id="oc-2f">
         <name>.debug_line</name>
         <load_address>0x338</load_address>
         <run_address>0x338</run_address>
         <size>0x53</size>
         <input_file_ref idref="fl-4"/>
      </object_component>
      <object_component id="oc-35">
         <name>.debug_line</name>
         <load_address>0x38b</load_address>
         <run_address>0x38b</run_address>
         <size>0x56</size>
         <input_file_ref idref="fl-4"/>
      </object_component>
      <object_component id="oc-41">
         <name>.debug_line</name>
         <load_address>0x3e1</load_address>
         <run_address>0x3e1</run_address>
         <size>0x56</size>
         <input_file_ref idref="fl-4"/>
      </object_component>
      <object_component id="oc-3b">
         <name>.debug_line</name>
         <load_address>0x437</load_address>
         <run_address>0x437</run_address>
         <size>0x56</size>
         <input_file_ref idref="fl-4"/>
      </object_component>
      <object_component id="oc-28">
         <name>.debug_line</name>
         <load_address>0x48d</load_address>
         <run_address>0x48d</run_address>
         <size>0x53</size>
         <input_file_ref idref="fl-bf"/>
      </object_component>
      <object_component id="oc-9f">
         <name>.debug_line</name>
         <load_address>0x4e0</load_address>
         <run_address>0x4e0</run_address>
         <size>0x8a</size>
         <input_file_ref idref="fl-c0"/>
      </object_component>
      <object_component id="oc-16">
         <name>.debug_line</name>
         <load_address>0x56a</load_address>
         <run_address>0x56a</run_address>
         <size>0x55</size>
         <input_file_ref idref="fl-c0"/>
      </object_component>
      <object_component id="oc-4f">
         <name>.debug_line</name>
         <load_address>0x5bf</load_address>
         <run_address>0x5bf</run_address>
         <size>0x3a</size>
         <input_file_ref idref="fl-c0"/>
      </object_component>
      <object_component id="oc-9c">
         <name>.debug_line</name>
         <load_address>0x5f9</load_address>
         <run_address>0x5f9</run_address>
         <size>0x8a</size>
         <input_file_ref idref="fl-c0"/>
      </object_component>
      <object_component id="oc-a7">
         <name>.debug_line</name>
         <load_address>0x683</load_address>
         <run_address>0x683</run_address>
         <size>0x8a</size>
         <input_file_ref idref="fl-c1"/>
      </object_component>
      <object_component id="oc-56">
         <name>.debug_line</name>
         <load_address>0x70d</load_address>
         <run_address>0x70d</run_address>
         <size>0x98</size>
         <input_file_ref idref="fl-c1"/>
      </object_component>
      <object_component id="oc-1c">
         <name>.debug_line</name>
         <load_address>0x7a5</load_address>
         <run_address>0x7a5</run_address>
         <size>0x4b</size>
         <input_file_ref idref="fl-c1"/>
      </object_component>
      <object_component id="oc-5d">
         <name>.debug_line</name>
         <load_address>0x7f0</load_address>
         <run_address>0x7f0</run_address>
         <size>0x39</size>
         <input_file_ref idref="fl-c1"/>
      </object_component>
      <object_component id="oc-10f">
         <name>.debug_line</name>
         <load_address>0x829</load_address>
         <run_address>0x829</run_address>
         <size>0xf2</size>
         <input_file_ref idref="fl-c5"/>
      </object_component>
      <object_component id="oc-103">
         <name>.debug_line</name>
         <load_address>0x91b</load_address>
         <run_address>0x91b</run_address>
         <size>0x2a</size>
         <input_file_ref idref="fl-c5"/>
      </object_component>
      <object_component id="oc-87">
         <name>.debug_line</name>
         <load_address>0x945</load_address>
         <run_address>0x945</run_address>
         <size>0x86</size>
         <input_file_ref idref="fl-c5"/>
      </object_component>
      <object_component id="oc-4a">
         <name>.debug_line</name>
         <load_address>0x9cb</load_address>
         <run_address>0x9cb</run_address>
         <size>0x88</size>
         <input_file_ref idref="fl-cd"/>
      </object_component>
      <object_component id="oc-63">
         <name>.debug_line</name>
         <load_address>0xa53</load_address>
         <run_address>0xa53</run_address>
         <size>0x79</size>
         <input_file_ref idref="fl-ce"/>
      </object_component>
      <object_component id="oc-6f">
         <name>.debug_line</name>
         <load_address>0xacc</load_address>
         <run_address>0xacc</run_address>
         <size>0x3d</size>
         <input_file_ref idref="fl-cf"/>
      </object_component>
      <object_component id="oc-75">
         <name>.debug_line</name>
         <load_address>0xb09</load_address>
         <run_address>0xb09</run_address>
         <size>0x40</size>
         <input_file_ref idref="fl-d0"/>
      </object_component>
      <object_component id="oc-d2">
         <name>.debug_line</name>
         <load_address>0xb49</load_address>
         <run_address>0xb49</run_address>
         <size>0x33</size>
         <input_file_ref idref="fl-d1"/>
      </object_component>
      <object_component id="oc-12e">
         <name>.debug_line</name>
         <load_address>0xb7c</load_address>
         <run_address>0xb7c</run_address>
         <size>0x20</size>
         <input_file_ref idref="fl-d2"/>
      </object_component>
      <object_component id="oc-10b">
         <name>.debug_line</name>
         <load_address>0xb9c</load_address>
         <run_address>0xb9c</run_address>
         <size>0x2b</size>
         <input_file_ref idref="fl-d2"/>
      </object_component>
      <object_component id="oc-108">
         <name>.debug_line</name>
         <load_address>0xbc7</load_address>
         <run_address>0xbc7</run_address>
         <size>0x68</size>
         <input_file_ref idref="fl-d2"/>
      </object_component>
      <object_component id="oc-fc">
         <name>.debug_line</name>
         <load_address>0xc2f</load_address>
         <run_address>0xc2f</run_address>
         <size>0x2b</size>
         <input_file_ref idref="fl-d3"/>
      </object_component>
      <object_component id="oc-81">
         <name>.debug_line</name>
         <load_address>0xc5a</load_address>
         <run_address>0xc5a</run_address>
         <size>0x50</size>
         <input_file_ref idref="fl-d3"/>
      </object_component>
      <object_component id="oc-100">
         <name>.debug_line</name>
         <load_address>0xcaa</load_address>
         <run_address>0xcaa</run_address>
         <size>0x2b</size>
         <input_file_ref idref="fl-d3"/>
      </object_component>
      <object_component id="oc-d7">
         <name>.debug_line</name>
         <load_address>0xcd5</load_address>
         <run_address>0xcd5</run_address>
         <size>0xa9</size>
         <input_file_ref idref="fl-d4"/>
      </object_component>
      <object_component id="oc-7b">
         <name>.debug_line</name>
         <load_address>0xd7e</load_address>
         <run_address>0xd7e</run_address>
         <size>0x8b</size>
         <input_file_ref idref="fl-d4"/>
      </object_component>
      <object_component id="oc-db">
         <name>.debug_line</name>
         <load_address>0xe09</load_address>
         <run_address>0xe09</run_address>
         <size>0x2e</size>
         <input_file_ref idref="fl-d4"/>
      </object_component>
      <object_component id="oc-e0">
         <name>.debug_line</name>
         <load_address>0xe37</load_address>
         <run_address>0xe37</run_address>
         <size>0x8b</size>
         <input_file_ref idref="fl-d4"/>
      </object_component>
      <object_component id="oc-111">
         <name>.debug_line</name>
         <load_address>0xec2</load_address>
         <run_address>0xec2</run_address>
         <size>0x98</size>
         <input_file_ref idref="fl-d5"/>
      </object_component>
      <object_component id="oc-b6">
         <name>.debug_line</name>
         <load_address>0xf5a</load_address>
         <run_address>0xf5a</run_address>
         <size>0x68</size>
         <input_file_ref idref="fl-d5"/>
      </object_component>
      <object_component id="oc-115">
         <name>.debug_line</name>
         <load_address>0xfc2</load_address>
         <run_address>0xfc2</run_address>
         <size>0x2e</size>
         <input_file_ref idref="fl-d5"/>
      </object_component>
      <object_component id="oc-bc">
         <name>.debug_line</name>
         <load_address>0xff0</load_address>
         <run_address>0xff0</run_address>
         <size>0x3c</size>
         <input_file_ref idref="fl-d6"/>
      </object_component>
      <object_component id="oc-e6">
         <name>.debug_line</name>
         <load_address>0x102c</load_address>
         <run_address>0x102c</run_address>
         <size>0x60</size>
         <input_file_ref idref="fl-d7"/>
      </object_component>
      <object_component id="oc-11e">
         <name>.debug_line</name>
         <load_address>0x108c</load_address>
         <run_address>0x108c</run_address>
         <size>0x50</size>
         <input_file_ref idref="fl-d7"/>
      </object_component>
      <object_component id="oc-121">
         <name>.debug_line</name>
         <load_address>0x10dc</load_address>
         <run_address>0x10dc</run_address>
         <size>0x88</size>
         <input_file_ref idref="fl-d7"/>
      </object_component>
      <object_component id="oc-11b">
         <name>.debug_line</name>
         <load_address>0x1164</load_address>
         <run_address>0x1164</run_address>
         <size>0x6c</size>
         <input_file_ref idref="fl-d7"/>
      </object_component>
      <object_component id="oc-eb">
         <name>.debug_line</name>
         <load_address>0x11d0</load_address>
         <run_address>0x11d0</run_address>
         <size>0x174</size>
         <input_file_ref idref="fl-d8"/>
      </object_component>
      <object_component id="oc-125">
         <name>.debug_line</name>
         <load_address>0x1344</load_address>
         <run_address>0x1344</run_address>
         <size>0x6c</size>
         <input_file_ref idref="fl-d8"/>
      </object_component>
      <object_component id="oc-c5">
         <name>.debug_frame</name>
         <load_address>0x0</load_address>
         <run_address>0x0</run_address>
         <size>0x87</size>
         <input_file_ref idref="fl-2"/>
      </object_component>
      <object_component id="oc-30">
         <name>.debug_frame</name>
         <load_address>0x87</load_address>
         <run_address>0x87</run_address>
         <size>0x7f</size>
         <input_file_ref idref="fl-4"/>
      </object_component>
      <object_component id="oc-36">
         <name>.debug_frame</name>
         <load_address>0x106</load_address>
         <run_address>0x106</run_address>
         <size>0x7f</size>
         <input_file_ref idref="fl-4"/>
      </object_component>
      <object_component id="oc-42">
         <name>.debug_frame</name>
         <load_address>0x185</load_address>
         <run_address>0x185</run_address>
         <size>0x7f</size>
         <input_file_ref idref="fl-4"/>
      </object_component>
      <object_component id="oc-3c">
         <name>.debug_frame</name>
         <load_address>0x204</load_address>
         <run_address>0x204</run_address>
         <size>0x7f</size>
         <input_file_ref idref="fl-4"/>
      </object_component>
      <object_component id="oc-17">
         <name>.debug_frame</name>
         <load_address>0x283</load_address>
         <run_address>0x283</run_address>
         <size>0x7f</size>
         <input_file_ref idref="fl-c0"/>
      </object_component>
      <object_component id="oc-57">
         <name>.debug_frame</name>
         <load_address>0x302</load_address>
         <run_address>0x302</run_address>
         <size>0x8e</size>
         <input_file_ref idref="fl-c1"/>
      </object_component>
      <object_component id="oc-1d">
         <name>.debug_frame</name>
         <load_address>0x390</load_address>
         <run_address>0x390</run_address>
         <size>0x7f</size>
         <input_file_ref idref="fl-c1"/>
      </object_component>
      <object_component id="oc-88">
         <name>.debug_frame</name>
         <load_address>0x40f</load_address>
         <run_address>0x40f</run_address>
         <size>0xb3</size>
         <input_file_ref idref="fl-c5"/>
      </object_component>
      <object_component id="oc-70">
         <name>.debug_frame</name>
         <load_address>0x4c2</load_address>
         <run_address>0x4c2</run_address>
         <size>0x7f</size>
         <input_file_ref idref="fl-cf"/>
      </object_component>
      <object_component id="oc-76">
         <name>.debug_frame</name>
         <load_address>0x541</load_address>
         <run_address>0x541</run_address>
         <size>0x7f</size>
         <input_file_ref idref="fl-d0"/>
      </object_component>
      <object_component id="oc-109">
         <name>.debug_frame</name>
         <load_address>0x5c0</load_address>
         <run_address>0x5c0</run_address>
         <size>0xa1</size>
         <input_file_ref idref="fl-d2"/>
      </object_component>
      <object_component id="oc-82">
         <name>.debug_frame</name>
         <load_address>0x661</load_address>
         <run_address>0x661</run_address>
         <size>0x7f</size>
         <input_file_ref idref="fl-d3"/>
      </object_component>
      <object_component id="oc-7c">
         <name>.debug_frame</name>
         <load_address>0x6e0</load_address>
         <run_address>0x6e0</run_address>
         <size>0x8a</size>
         <input_file_ref idref="fl-d4"/>
      </object_component>
      <object_component id="oc-b7">
         <name>.debug_frame</name>
         <load_address>0x76a</load_address>
         <run_address>0x76a</run_address>
         <size>0x8e</size>
         <input_file_ref idref="fl-d5"/>
      </object_component>
      <object_component id="oc-bd">
         <name>.debug_frame</name>
         <load_address>0x7f8</load_address>
         <run_address>0x7f8</run_address>
         <size>0x7f</size>
         <input_file_ref idref="fl-d6"/>
      </object_component>
      <object_component id="oc-e3">
         <name>.debug_frame</name>
         <load_address>0x877</load_address>
         <run_address>0x877</run_address>
         <size>0x74</size>
         <input_file_ref idref="fl-d7"/>
      </object_component>
      <object_component id="oc-e8">
         <name>.debug_frame</name>
         <load_address>0x8eb</load_address>
         <run_address>0x8eb</run_address>
         <size>0x98</size>
         <input_file_ref idref="fl-d8"/>
      </object_component>
      <object_component id="oc-12a">
         <name>.debug_abbrev</name>
         <load_address>0x0</load_address>
         <run_address>0x0</run_address>
         <size>0xc7</size>
         <input_file_ref idref="fl-2"/>
      </object_component>
      <object_component id="oc-126">
         <name>.debug_abbrev</name>
         <load_address>0xc7</load_address>
         <run_address>0xc7</run_address>
         <size>0x29</size>
         <input_file_ref idref="fl-2"/>
      </object_component>
      <object_component id="oc-128">
         <name>.debug_abbrev</name>
         <load_address>0xf0</load_address>
         <run_address>0xf0</run_address>
         <size>0x29</size>
         <input_file_ref idref="fl-2"/>
      </object_component>
      <object_component id="oc-f5">
         <name>.debug_abbrev</name>
         <load_address>0x119</load_address>
         <run_address>0x119</run_address>
         <size>0x62</size>
         <input_file_ref idref="fl-2"/>
      </object_component>
      <object_component id="oc-f8">
         <name>.debug_abbrev</name>
         <load_address>0x17b</load_address>
         <run_address>0x17b</run_address>
         <size>0x9d</size>
         <input_file_ref idref="fl-2"/>
      </object_component>
      <object_component id="oc-a2">
         <name>.debug_abbrev</name>
         <load_address>0x218</load_address>
         <run_address>0x218</run_address>
         <size>0x1f</size>
         <input_file_ref idref="fl-2"/>
      </object_component>
      <object_component id="oc-95">
         <name>.debug_abbrev</name>
         <load_address>0x237</load_address>
         <run_address>0x237</run_address>
         <size>0x35</size>
         <input_file_ref idref="fl-2"/>
      </object_component>
      <object_component id="oc-aa">
         <name>.debug_abbrev</name>
         <load_address>0x26c</load_address>
         <run_address>0x26c</run_address>
         <size>0x24</size>
         <input_file_ref idref="fl-2"/>
      </object_component>
      <object_component id="oc-91">
         <name>.debug_abbrev</name>
         <load_address>0x290</load_address>
         <run_address>0x290</run_address>
         <size>0x54</size>
         <input_file_ref idref="fl-4"/>
      </object_component>
      <object_component id="oc-43">
         <name>.debug_abbrev</name>
         <load_address>0x2e4</load_address>
         <run_address>0x2e4</run_address>
         <size>0x29</size>
         <input_file_ref idref="fl-4"/>
      </object_component>
      <object_component id="oc-8d">
         <name>.debug_abbrev</name>
         <load_address>0x30d</load_address>
         <run_address>0x30d</run_address>
         <size>0x50</size>
         <input_file_ref idref="fl-4"/>
      </object_component>
      <object_component id="oc-8e">
         <name>.debug_abbrev</name>
         <load_address>0x35d</load_address>
         <run_address>0x35d</run_address>
         <size>0x40</size>
         <input_file_ref idref="fl-4"/>
      </object_component>
      <object_component id="oc-90">
         <name>.debug_abbrev</name>
         <load_address>0x39d</load_address>
         <run_address>0x39d</run_address>
         <size>0x40</size>
         <input_file_ref idref="fl-4"/>
      </object_component>
      <object_component id="oc-8f">
         <name>.debug_abbrev</name>
         <load_address>0x3dd</load_address>
         <run_address>0x3dd</run_address>
         <size>0x40</size>
         <input_file_ref idref="fl-4"/>
      </object_component>
      <object_component id="oc-8c">
         <name>.debug_abbrev</name>
         <load_address>0x41d</load_address>
         <run_address>0x41d</run_address>
         <size>0x3e</size>
         <input_file_ref idref="fl-bf"/>
      </object_component>
      <object_component id="oc-9e">
         <name>.debug_abbrev</name>
         <load_address>0x45b</load_address>
         <run_address>0x45b</run_address>
         <size>0x52</size>
         <input_file_ref idref="fl-c0"/>
      </object_component>
      <object_component id="oc-4b">
         <name>.debug_abbrev</name>
         <load_address>0x4ad</load_address>
         <run_address>0x4ad</run_address>
         <size>0x74</size>
         <input_file_ref idref="fl-c0"/>
      </object_component>
      <object_component id="oc-4e">
         <name>.debug_abbrev</name>
         <load_address>0x521</load_address>
         <run_address>0x521</run_address>
         <size>0x24</size>
         <input_file_ref idref="fl-c0"/>
      </object_component>
      <object_component id="oc-9b">
         <name>.debug_abbrev</name>
         <load_address>0x545</load_address>
         <run_address>0x545</run_address>
         <size>0x24</size>
         <input_file_ref idref="fl-c0"/>
      </object_component>
      <object_component id="oc-a6">
         <name>.debug_abbrev</name>
         <load_address>0x569</load_address>
         <run_address>0x569</run_address>
         <size>0x52</size>
         <input_file_ref idref="fl-c1"/>
      </object_component>
      <object_component id="oc-a5">
         <name>.debug_abbrev</name>
         <load_address>0x5bb</load_address>
         <run_address>0x5bb</run_address>
         <size>0x7b</size>
         <input_file_ref idref="fl-c1"/>
      </object_component>
      <object_component id="oc-58">
         <name>.debug_abbrev</name>
         <load_address>0x636</load_address>
         <run_address>0x636</run_address>
         <size>0x66</size>
         <input_file_ref idref="fl-c1"/>
      </object_component>
      <object_component id="oc-5c">
         <name>.debug_abbrev</name>
         <load_address>0x69c</load_address>
         <run_address>0x69c</run_address>
         <size>0x24</size>
         <input_file_ref idref="fl-c1"/>
      </object_component>
      <object_component id="oc-10e">
         <name>.debug_abbrev</name>
         <load_address>0x6c0</load_address>
         <run_address>0x6c0</run_address>
         <size>0xa8</size>
         <input_file_ref idref="fl-c5"/>
      </object_component>
      <object_component id="oc-102">
         <name>.debug_abbrev</name>
         <load_address>0x768</load_address>
         <run_address>0x768</run_address>
         <size>0x29</size>
         <input_file_ref idref="fl-c5"/>
      </object_component>
      <object_component id="oc-ce">
         <name>.debug_abbrev</name>
         <load_address>0x791</load_address>
         <run_address>0x791</run_address>
         <size>0xba</size>
         <input_file_ref idref="fl-c5"/>
      </object_component>
      <object_component id="oc-98">
         <name>.debug_abbrev</name>
         <load_address>0x84b</load_address>
         <run_address>0x84b</run_address>
         <size>0x3e</size>
         <input_file_ref idref="fl-cd"/>
      </object_component>
      <object_component id="oc-ad">
         <name>.debug_abbrev</name>
         <load_address>0x889</load_address>
         <run_address>0x889</run_address>
         <size>0x4f</size>
         <input_file_ref idref="fl-ce"/>
      </object_component>
      <object_component id="oc-b0">
         <name>.debug_abbrev</name>
         <load_address>0x8d8</load_address>
         <run_address>0x8d8</run_address>
         <size>0x53</size>
         <input_file_ref idref="fl-cf"/>
      </object_component>
      <object_component id="oc-b1">
         <name>.debug_abbrev</name>
         <load_address>0x92b</load_address>
         <run_address>0x92b</run_address>
         <size>0x55</size>
         <input_file_ref idref="fl-d0"/>
      </object_component>
      <object_component id="oc-d1">
         <name>.debug_abbrev</name>
         <load_address>0x980</load_address>
         <run_address>0x980</run_address>
         <size>0x27</size>
         <input_file_ref idref="fl-d1"/>
      </object_component>
      <object_component id="oc-12d">
         <name>.debug_abbrev</name>
         <load_address>0x9a7</load_address>
         <run_address>0x9a7</run_address>
         <size>0x45</size>
         <input_file_ref idref="fl-d2"/>
      </object_component>
      <object_component id="oc-10a">
         <name>.debug_abbrev</name>
         <load_address>0x9ec</load_address>
         <run_address>0x9ec</run_address>
         <size>0x29</size>
         <input_file_ref idref="fl-d2"/>
      </object_component>
      <object_component id="oc-12c">
         <name>.debug_abbrev</name>
         <load_address>0xa15</load_address>
         <run_address>0xa15</run_address>
         <size>0x6f</size>
         <input_file_ref idref="fl-d2"/>
      </object_component>
      <object_component id="oc-fb">
         <name>.debug_abbrev</name>
         <load_address>0xa84</load_address>
         <run_address>0xa84</run_address>
         <size>0x8e</size>
         <input_file_ref idref="fl-d3"/>
      </object_component>
      <object_component id="oc-c6">
         <name>.debug_abbrev</name>
         <load_address>0xb12</load_address>
         <run_address>0xb12</run_address>
         <size>0x68</size>
         <input_file_ref idref="fl-d3"/>
      </object_component>
      <object_component id="oc-ff">
         <name>.debug_abbrev</name>
         <load_address>0xb7a</load_address>
         <run_address>0xb7a</run_address>
         <size>0x49</size>
         <input_file_ref idref="fl-d3"/>
      </object_component>
      <object_component id="oc-d6">
         <name>.debug_abbrev</name>
         <load_address>0xbc3</load_address>
         <run_address>0xbc3</run_address>
         <size>0xae</size>
         <input_file_ref idref="fl-d4"/>
      </object_component>
      <object_component id="oc-be">
         <name>.debug_abbrev</name>
         <load_address>0xc71</load_address>
         <run_address>0xc71</run_address>
         <size>0x7e</size>
         <input_file_ref idref="fl-d4"/>
      </object_component>
      <object_component id="oc-da">
         <name>.debug_abbrev</name>
         <load_address>0xcef</load_address>
         <run_address>0xcef</run_address>
         <size>0x24</size>
         <input_file_ref idref="fl-d4"/>
      </object_component>
      <object_component id="oc-df">
         <name>.debug_abbrev</name>
         <load_address>0xd13</load_address>
         <run_address>0xd13</run_address>
         <size>0x4b</size>
         <input_file_ref idref="fl-d4"/>
      </object_component>
      <object_component id="oc-110">
         <name>.debug_abbrev</name>
         <load_address>0xd5e</load_address>
         <run_address>0xd5e</run_address>
         <size>0x9c</size>
         <input_file_ref idref="fl-d5"/>
      </object_component>
      <object_component id="oc-d3">
         <name>.debug_abbrev</name>
         <load_address>0xdfa</load_address>
         <run_address>0xdfa</run_address>
         <size>0x8c</size>
         <input_file_ref idref="fl-d5"/>
      </object_component>
      <object_component id="oc-114">
         <name>.debug_abbrev</name>
         <load_address>0xe86</load_address>
         <run_address>0xe86</run_address>
         <size>0x24</size>
         <input_file_ref idref="fl-d5"/>
      </object_component>
      <object_component id="oc-d5">
         <name>.debug_abbrev</name>
         <load_address>0xeaa</load_address>
         <run_address>0xeaa</run_address>
         <size>0x53</size>
         <input_file_ref idref="fl-d6"/>
      </object_component>
      <object_component id="oc-117">
         <name>.debug_abbrev</name>
         <load_address>0xefd</load_address>
         <run_address>0xefd</run_address>
         <size>0x5a4</size>
         <input_file_ref idref="fl-d7"/>
      </object_component>
      <object_component id="oc-158">
         <name>.debug_abbrev</name>
         <load_address>0x14a1</load_address>
         <run_address>0x14a1</run_address>
         <size>0xf</size>
      </object_component>
      <object_component id="oc-fa">
         <name>.debug_str</name>
         <load_address>0x0</load_address>
         <run_address>0x0</run_address>
         <size>0x9e9</size>
         <input_file_ref idref="fl-2"/>
      </object_component>
      <object_component id="oc-a4">
         <name>.debug_str</name>
         <load_address>0x9e9</load_address>
         <run_address>0x9e9</run_address>
         <size>0xfd</size>
         <input_file_ref idref="fl-2"/>
      </object_component>
      <object_component id="oc-97">
         <name>.debug_str</name>
         <load_address>0xae6</load_address>
         <run_address>0xae6</run_address>
         <size>0x228</size>
         <input_file_ref idref="fl-2"/>
      </object_component>
      <object_component id="oc-ac">
         <name>.debug_str</name>
         <load_address>0xd0e</load_address>
         <run_address>0xd0e</run_address>
         <size>0xeb</size>
         <input_file_ref idref="fl-2"/>
      </object_component>
      <object_component id="oc-50">
         <name>.debug_str</name>
         <load_address>0xdf9</load_address>
         <run_address>0xdf9</run_address>
         <size>0x101</size>
         <input_file_ref idref="fl-c0"/>
      </object_component>
      <object_component id="oc-9d">
         <name>.debug_str</name>
         <load_address>0xefa</load_address>
         <run_address>0xefa</run_address>
         <size>0x12e</size>
         <input_file_ref idref="fl-c0"/>
      </object_component>
      <object_component id="oc-5e">
         <name>.debug_str</name>
         <load_address>0x1028</load_address>
         <run_address>0x1028</run_address>
         <size>0xf3</size>
         <input_file_ref idref="fl-c1"/>
      </object_component>
      <object_component id="oc-101">
         <name>.debug_str</name>
         <load_address>0x111b</load_address>
         <run_address>0x111b</run_address>
         <size>0xd7</size>
         <input_file_ref idref="fl-d3"/>
      </object_component>
      <object_component id="oc-dc">
         <name>.debug_str</name>
         <load_address>0x11f2</load_address>
         <run_address>0x11f2</run_address>
         <size>0xe3</size>
         <input_file_ref idref="fl-d4"/>
      </object_component>
      <object_component id="oc-e1">
         <name>.debug_str</name>
         <load_address>0x12d5</load_address>
         <run_address>0x12d5</run_address>
         <size>0x185</size>
         <input_file_ref idref="fl-d4"/>
      </object_component>
      <object_component id="oc-116">
         <name>.debug_str</name>
         <load_address>0x145a</load_address>
         <run_address>0x145a</run_address>
         <size>0xd8</size>
         <input_file_ref idref="fl-d5"/>
      </object_component>
      <object_component id="oc-c2">
         <name>.debug_aranges</name>
         <load_address>0x0</load_address>
         <run_address>0x0</run_address>
         <size>0x20</size>
         <input_file_ref idref="fl-2"/>
      </object_component>
      <object_component id="oc-2d">
         <name>.debug_aranges</name>
         <load_address>0x20</load_address>
         <run_address>0x20</run_address>
         <size>0x20</size>
         <input_file_ref idref="fl-4"/>
      </object_component>
      <object_component id="oc-33">
         <name>.debug_aranges</name>
         <load_address>0x40</load_address>
         <run_address>0x40</run_address>
         <size>0x20</size>
         <input_file_ref idref="fl-4"/>
      </object_component>
      <object_component id="oc-3f">
         <name>.debug_aranges</name>
         <load_address>0x60</load_address>
         <run_address>0x60</run_address>
         <size>0x20</size>
         <input_file_ref idref="fl-4"/>
      </object_component>
      <object_component id="oc-39">
         <name>.debug_aranges</name>
         <load_address>0x80</load_address>
         <run_address>0x80</run_address>
         <size>0x20</size>
         <input_file_ref idref="fl-4"/>
      </object_component>
      <object_component id="oc-26">
         <name>.debug_aranges</name>
         <load_address>0xa0</load_address>
         <run_address>0xa0</run_address>
         <size>0x20</size>
         <input_file_ref idref="fl-bf"/>
      </object_component>
      <object_component id="oc-14">
         <name>.debug_aranges</name>
         <load_address>0xc0</load_address>
         <run_address>0xc0</run_address>
         <size>0x20</size>
         <input_file_ref idref="fl-c0"/>
      </object_component>
      <object_component id="oc-54">
         <name>.debug_aranges</name>
         <load_address>0xe0</load_address>
         <run_address>0xe0</run_address>
         <size>0x20</size>
         <input_file_ref idref="fl-c1"/>
      </object_component>
      <object_component id="oc-1a">
         <name>.debug_aranges</name>
         <load_address>0x100</load_address>
         <run_address>0x100</run_address>
         <size>0x20</size>
         <input_file_ref idref="fl-c1"/>
      </object_component>
      <object_component id="oc-85">
         <name>.debug_aranges</name>
         <load_address>0x120</load_address>
         <run_address>0x120</run_address>
         <size>0x30</size>
         <input_file_ref idref="fl-c5"/>
      </object_component>
      <object_component id="oc-48">
         <name>.debug_aranges</name>
         <load_address>0x150</load_address>
         <run_address>0x150</run_address>
         <size>0x20</size>
         <input_file_ref idref="fl-cd"/>
      </object_component>
      <object_component id="oc-61">
         <name>.debug_aranges</name>
         <load_address>0x170</load_address>
         <run_address>0x170</run_address>
         <size>0x28</size>
         <input_file_ref idref="fl-ce"/>
      </object_component>
      <object_component id="oc-6d">
         <name>.debug_aranges</name>
         <load_address>0x198</load_address>
         <run_address>0x198</run_address>
         <size>0x20</size>
         <input_file_ref idref="fl-cf"/>
      </object_component>
      <object_component id="oc-73">
         <name>.debug_aranges</name>
         <load_address>0x1b8</load_address>
         <run_address>0x1b8</run_address>
         <size>0x20</size>
         <input_file_ref idref="fl-d0"/>
      </object_component>
      <object_component id="oc-106">
         <name>.debug_aranges</name>
         <load_address>0x1d8</load_address>
         <run_address>0x1d8</run_address>
         <size>0x30</size>
         <input_file_ref idref="fl-d2"/>
      </object_component>
      <object_component id="oc-7f">
         <name>.debug_aranges</name>
         <load_address>0x208</load_address>
         <run_address>0x208</run_address>
         <size>0x20</size>
         <input_file_ref idref="fl-d3"/>
      </object_component>
      <object_component id="oc-79">
         <name>.debug_aranges</name>
         <load_address>0x228</load_address>
         <run_address>0x228</run_address>
         <size>0x20</size>
         <input_file_ref idref="fl-d4"/>
      </object_component>
      <object_component id="oc-b4">
         <name>.debug_aranges</name>
         <load_address>0x248</load_address>
         <run_address>0x248</run_address>
         <size>0x20</size>
         <input_file_ref idref="fl-d5"/>
      </object_component>
      <object_component id="oc-ba">
         <name>.debug_aranges</name>
         <load_address>0x268</load_address>
         <run_address>0x268</run_address>
         <size>0x20</size>
         <input_file_ref idref="fl-d6"/>
      </object_component>
      <object_component id="oc-f4">
         <name>.debug_pubnames</name>
         <load_address>0x0</load_address>
         <run_address>0x0</run_address>
         <size>0x3f</size>
         <input_file_ref idref="fl-2"/>
      </object_component>
      <object_component id="oc-ee">
         <name>.debug_pubnames</name>
         <load_address>0x3f</load_address>
         <run_address>0x3f</run_address>
         <size>0x1c</size>
         <input_file_ref idref="fl-2"/>
      </object_component>
      <object_component id="oc-f1">
         <name>.debug_pubnames</name>
         <load_address>0x5b</load_address>
         <run_address>0x5b</run_address>
         <size>0x1d</size>
         <input_file_ref idref="fl-2"/>
      </object_component>
      <object_component id="oc-c3">
         <name>.debug_pubnames</name>
         <load_address>0x78</load_address>
         <run_address>0x78</run_address>
         <size>0x1b</size>
         <input_file_ref idref="fl-2"/>
      </object_component>
      <object_component id="oc-11">
         <name>.debug_pubnames</name>
         <load_address>0x93</load_address>
         <run_address>0x93</run_address>
         <size>0x23</size>
         <input_file_ref idref="fl-4"/>
      </object_component>
      <object_component id="oc-2e">
         <name>.debug_pubnames</name>
         <load_address>0xb6</load_address>
         <run_address>0xb6</run_address>
         <size>0x1f</size>
         <input_file_ref idref="fl-4"/>
      </object_component>
      <object_component id="oc-34">
         <name>.debug_pubnames</name>
         <load_address>0xd5</load_address>
         <run_address>0xd5</run_address>
         <size>0x1c</size>
         <input_file_ref idref="fl-4"/>
      </object_component>
      <object_component id="oc-40">
         <name>.debug_pubnames</name>
         <load_address>0xf1</load_address>
         <run_address>0xf1</run_address>
         <size>0x28</size>
         <input_file_ref idref="fl-4"/>
      </object_component>
      <object_component id="oc-3a">
         <name>.debug_pubnames</name>
         <load_address>0x119</load_address>
         <run_address>0x119</run_address>
         <size>0x1f</size>
         <input_file_ref idref="fl-4"/>
      </object_component>
      <object_component id="oc-27">
         <name>.debug_pubnames</name>
         <load_address>0x138</load_address>
         <run_address>0x138</run_address>
         <size>0x1f</size>
         <input_file_ref idref="fl-bf"/>
      </object_component>
      <object_component id="oc-15">
         <name>.debug_pubnames</name>
         <load_address>0x157</load_address>
         <run_address>0x157</run_address>
         <size>0x2b</size>
         <input_file_ref idref="fl-c0"/>
      </object_component>
      <object_component id="oc-55">
         <name>.debug_pubnames</name>
         <load_address>0x182</load_address>
         <run_address>0x182</run_address>
         <size>0x2f</size>
         <input_file_ref idref="fl-c1"/>
      </object_component>
      <object_component id="oc-1b">
         <name>.debug_pubnames</name>
         <load_address>0x1b1</load_address>
         <run_address>0x1b1</run_address>
         <size>0x2c</size>
         <input_file_ref idref="fl-c1"/>
      </object_component>
      <object_component id="oc-ca">
         <name>.debug_pubnames</name>
         <load_address>0x1dd</load_address>
         <run_address>0x1dd</run_address>
         <size>0x5e</size>
         <input_file_ref idref="fl-c5"/>
      </object_component>
      <object_component id="oc-86">
         <name>.debug_pubnames</name>
         <load_address>0x23b</load_address>
         <run_address>0x23b</run_address>
         <size>0x35</size>
         <input_file_ref idref="fl-c5"/>
      </object_component>
      <object_component id="oc-49">
         <name>.debug_pubnames</name>
         <load_address>0x270</load_address>
         <run_address>0x270</run_address>
         <size>0x1d</size>
         <input_file_ref idref="fl-cd"/>
      </object_component>
      <object_component id="oc-62">
         <name>.debug_pubnames</name>
         <load_address>0x28d</load_address>
         <run_address>0x28d</run_address>
         <size>0x37</size>
         <input_file_ref idref="fl-ce"/>
      </object_component>
      <object_component id="oc-6e">
         <name>.debug_pubnames</name>
         <load_address>0x2c4</load_address>
         <run_address>0x2c4</run_address>
         <size>0x21</size>
         <input_file_ref idref="fl-cf"/>
      </object_component>
      <object_component id="oc-74">
         <name>.debug_pubnames</name>
         <load_address>0x2e5</load_address>
         <run_address>0x2e5</run_address>
         <size>0x27</size>
         <input_file_ref idref="fl-d0"/>
      </object_component>
      <object_component id="oc-8b">
         <name>.debug_pubnames</name>
         <load_address>0x30c</load_address>
         <run_address>0x30c</run_address>
         <size>0x23</size>
         <input_file_ref idref="fl-d1"/>
      </object_component>
      <object_component id="oc-cd">
         <name>.debug_pubnames</name>
         <load_address>0x32f</load_address>
         <run_address>0x32f</run_address>
         <size>0x28</size>
         <input_file_ref idref="fl-d2"/>
      </object_component>
      <object_component id="oc-107">
         <name>.debug_pubnames</name>
         <load_address>0x357</load_address>
         <run_address>0x357</run_address>
         <size>0x43</size>
         <input_file_ref idref="fl-d2"/>
      </object_component>
      <object_component id="oc-80">
         <name>.debug_pubnames</name>
         <load_address>0x39a</load_address>
         <run_address>0x39a</run_address>
         <size>0x21</size>
         <input_file_ref idref="fl-d3"/>
      </object_component>
      <object_component id="oc-7a">
         <name>.debug_pubnames</name>
         <load_address>0x3bb</load_address>
         <run_address>0x3bb</run_address>
         <size>0x25</size>
         <input_file_ref idref="fl-d4"/>
      </object_component>
      <object_component id="oc-b5">
         <name>.debug_pubnames</name>
         <load_address>0x3e0</load_address>
         <run_address>0x3e0</run_address>
         <size>0x1e</size>
         <input_file_ref idref="fl-d5"/>
      </object_component>
      <object_component id="oc-bb">
         <name>.debug_pubnames</name>
         <load_address>0x3fe</load_address>
         <run_address>0x3fe</run_address>
         <size>0x29</size>
         <input_file_ref idref="fl-d6"/>
      </object_component>
      <object_component id="oc-e5">
         <name>.debug_pubnames</name>
         <load_address>0x427</load_address>
         <run_address>0x427</run_address>
         <size>0x27</size>
         <input_file_ref idref="fl-d7"/>
      </object_component>
      <object_component id="oc-ea">
         <name>.debug_pubnames</name>
         <load_address>0x44e</load_address>
         <run_address>0x44e</run_address>
         <size>0x27</size>
         <input_file_ref idref="fl-d8"/>
      </object_component>
      <object_component id="oc-f7">
         <name>.debug_pubtypes</name>
         <load_address>0x0</load_address>
         <run_address>0x0</run_address>
         <size>0x7d0</size>
         <input_file_ref idref="fl-2"/>
      </object_component>
      <object_component id="oc-a1">
         <name>.debug_pubtypes</name>
         <load_address>0x7d0</load_address>
         <run_address>0x7d0</run_address>
         <size>0xed</size>
         <input_file_ref idref="fl-2"/>
      </object_component>
      <object_component id="oc-94">
         <name>.debug_pubtypes</name>
         <load_address>0x8bd</load_address>
         <run_address>0x8bd</run_address>
         <size>0x1c6</size>
         <input_file_ref idref="fl-2"/>
      </object_component>
      <object_component id="oc-a9">
         <name>.debug_pubtypes</name>
         <load_address>0xa83</load_address>
         <run_address>0xa83</run_address>
         <size>0x1d</size>
         <input_file_ref idref="fl-2"/>
      </object_component>
      <object_component id="oc-4d">
         <name>.debug_pubtypes</name>
         <load_address>0xaa0</load_address>
         <run_address>0xaa0</run_address>
         <size>0x48</size>
         <input_file_ref idref="fl-c0"/>
      </object_component>
      <object_component id="oc-9a">
         <name>.debug_pubtypes</name>
         <load_address>0xae8</load_address>
         <run_address>0xae8</run_address>
         <size>0x1d</size>
         <input_file_ref idref="fl-c0"/>
      </object_component>
      <object_component id="oc-5b">
         <name>.debug_pubtypes</name>
         <load_address>0xb05</load_address>
         <run_address>0xb05</run_address>
         <size>0x37</size>
         <input_file_ref idref="fl-c1"/>
      </object_component>
      <object_component id="oc-d0">
         <name>.debug_pubtypes</name>
         <load_address>0xb3c</load_address>
         <run_address>0xb3c</run_address>
         <size>0x1f</size>
         <input_file_ref idref="fl-c5"/>
      </object_component>
      <object_component id="oc-10d">
         <name>.debug_pubtypes</name>
         <load_address>0xb5b</load_address>
         <run_address>0xb5b</run_address>
         <size>0x1f</size>
         <input_file_ref idref="fl-d2"/>
      </object_component>
      <object_component id="oc-fe">
         <name>.debug_pubtypes</name>
         <load_address>0xb7a</load_address>
         <run_address>0xb7a</run_address>
         <size>0x1b</size>
         <input_file_ref idref="fl-d3"/>
      </object_component>
      <object_component id="oc-d9">
         <name>.debug_pubtypes</name>
         <load_address>0xb95</load_address>
         <run_address>0xb95</run_address>
         <size>0x32</size>
         <input_file_ref idref="fl-d4"/>
      </object_component>
      <object_component id="oc-de">
         <name>.debug_pubtypes</name>
         <load_address>0xbc7</load_address>
         <run_address>0xbc7</run_address>
         <size>0x50</size>
         <input_file_ref idref="fl-d4"/>
      </object_component>
      <object_component id="oc-113">
         <name>.debug_pubtypes</name>
         <load_address>0xc17</load_address>
         <run_address>0xc17</run_address>
         <size>0x23</size>
         <input_file_ref idref="fl-d5"/>
      </object_component>
      <object_component id="oc-118">
         <name>.debug_loc</name>
         <load_address>0x0</load_address>
         <run_address>0x0</run_address>
         <size>0x60</size>
         <input_file_ref idref="fl-d7"/>
      </object_component>
      <object_component id="oc-122">
         <name>.debug_loc</name>
         <load_address>0x60</load_address>
         <run_address>0x60</run_address>
         <size>0x2e8</size>
         <input_file_ref idref="fl-d8"/>
      </object_component>
      <object_component id="oc-11d">
         <name>.debug_macinfo</name>
         <load_address>0x0</load_address>
         <run_address>0x0</run_address>
         <size>0x894</size>
         <input_file_ref idref="fl-d7"/>
      </object_component>
      <object_component id="oc-120">
         <name>.debug_macinfo</name>
         <load_address>0x894</load_address>
         <run_address>0x894</run_address>
         <size>0x614</size>
         <input_file_ref idref="fl-d7"/>
      </object_component>
      <object_component id="oc-11a">
         <name>.debug_macinfo</name>
         <load_address>0xea8</load_address>
         <run_address>0xea8</run_address>
         <size>0xc</size>
         <input_file_ref idref="fl-d7"/>
      </object_component>
      <object_component id="oc-124">
         <name>.debug_macinfo</name>
         <load_address>0xeb4</load_address>
         <run_address>0xeb4</run_address>
         <size>0xc</size>
         <input_file_ref idref="fl-d8"/>
      </object_component>
   </object_component_list>
   <logical_group_list>
      <logical_group id="lg-3" display="no" color="cyan">
         <name>.intvecs</name>
         <load_address>0x0</load_address>
         <run_address>0x0</run_address>
         <size>0x26c</size>
         <contents>
            <object_component_ref idref="oc-f"/>
         </contents>
      </logical_group>
      <logical_group id="lg-4" display="no" color="cyan">
         <name>.text</name>
         <load_address>0x26c</load_address>
         <run_address>0x26c</run_address>
         <size>0x4c4</size>
         <contents>
            <object_component_ref idref="oc-e7"/>
            <object_component_ref idref="oc-46"/>
            <object_component_ref idref="oc-5f"/>
            <object_component_ref idref="oc-37"/>
            <object_component_ref idref="oc-77"/>
            <object_component_ref idref="oc-52"/>
            <object_component_ref idref="oc-3d"/>
            <object_component_ref idref="oc-24"/>
            <object_component_ref idref="oc-83"/>
            <object_component_ref idref="oc-b2"/>
            <object_component_ref idref="oc-c0"/>
            <object_component_ref idref="oc-7d"/>
            <object_component_ref idref="oc-104"/>
            <object_component_ref idref="oc-12"/>
            <object_component_ref idref="oc-e2"/>
            <object_component_ref idref="oc-2b"/>
            <object_component_ref idref="oc-18"/>
            <object_component_ref idref="oc-71"/>
            <object_component_ref idref="oc-31"/>
            <object_component_ref idref="oc-6b"/>
            <object_component_ref idref="oc-b8"/>
         </contents>
      </logical_group>
      <logical_group id="lg-5" display="no" color="cyan">
         <name>.const</name>
         <load_address>0x730</load_address>
         <run_address>0x730</run_address>
         <size>0x40</size>
         <contents>
            <object_component_ref idref="oc-ec"/>
         </contents>
      </logical_group>
      <logical_group id="lg-6" display="no" color="cyan">
         <name>.cinit</name>
         <load_address>0x770</load_address>
         <run_address>0x770</run_address>
         <size>0x7c</size>
         <contents>
            <object_component_ref idref="oc-154"/>
            <object_component_ref idref="oc-155"/>
            <object_component_ref idref="oc-152"/>
            <object_component_ref idref="oc-153"/>
         </contents>
      </logical_group>
      <logical_group id="lg-7" display="no" color="cyan">
         <name>.pinit</name>
         <run_address>0x0</run_address>
[...]
            <object_component_ref idref="oc-8d"/>
            <object_component_ref idref="oc-8e"/>
            <object_component_ref idref="oc-90"/>
            <object_component_ref idref="oc-8f"/>
            <object_component_ref idref="oc-8c"/>
            <object_component_ref idref="oc-9e"/>
            <object_component_ref idref="oc-4b"/>
            <object_component_ref idref="oc-4e"/>
            <object_component_ref idref="oc-9b"/>
            <object_component_ref idref="oc-a6"/>
            <object_component_ref idref="oc-a5"/>
            <object_component_ref idref="oc-58"/>
            <object_component_ref idref="oc-5c"/>
            <object_component_ref idref="oc-10e"/>
            <object_component_ref idref="oc-102"/>
            <object_component_ref idref="oc-ce"/>
            <object_component_ref idref="oc-98"/>
            <object_component_ref idref="oc-ad"/>
            <object_component_ref idref="oc-b0"/>
            <object_component_ref idref="oc-b1"/>
            <object_component_ref idref="oc-d1"/>
            <object_component_ref idref="oc-12d"/>
            <object_component_ref idref="oc-10a"/>
            <object_component_ref idref="oc-12c"/>
            <object_component_ref idref="oc-fb"/>
            <object_component_ref idref="oc-c6"/>
            <object_component_ref idref="oc-ff"/>
            <object_component_ref idref="oc-d6"/>
            <object_component_ref idref="oc-be"/>
            <object_component_ref idref="oc-da"/>
            <object_component_ref idref="oc-df"/>
            <object_component_ref idref="oc-110"/>
            <object_component_ref idref="oc-d3"/>
            <object_component_ref idref="oc-114"/>
            <object_component_ref idref="oc-d5"/>
            <object_component_ref idref="oc-117"/>
            <object_component_ref idref="oc-158"/>
         </contents>
      </logical_group>
      <logical_group id="lg-146" display="never" color="cyan">
         <name>.debug_str</name>
         <load_address>0x0</load_address>
         <run_address>0x0</run_address>
         <size>0x1532</size>
         <contents>
            <object_component_ref idref="oc-fa"/>
            <object_component_ref idref="oc-a4"/>
            <object_component_ref idref="oc-97"/>
            <object_component_ref idref="oc-ac"/>
            <object_component_ref idref="oc-50"/>
            <object_component_ref idref="oc-9d"/>
            <object_component_ref idref="oc-5e"/>
            <object_component_ref idref="oc-101"/>
            <object_component_ref idref="oc-dc"/>
            <object_component_ref idref="oc-e1"/>
            <object_component_ref idref="oc-116"/>
         </contents>
      </logical_group>
      <logical_group id="lg-148" display="never" color="cyan">
         <name>.debug_aranges</name>
         <load_address>0x0</load_address>
         <run_address>0x0</run_address>
         <size>0x288</size>
         <contents>
            <object_component_ref idref="oc-c2"/>
            <object_component_ref idref="oc-2d"/>
            <object_component_ref idref="oc-33"/>
            <object_component_ref idref="oc-3f"/>
            <object_component_ref idref="oc-39"/>
            <object_component_ref idref="oc-26"/>
            <object_component_ref idref="oc-14"/>
            <object_component_ref idref="oc-54"/>
            <object_component_ref idref="oc-1a"/>
            <object_component_ref idref="oc-85"/>
            <object_component_ref idref="oc-48"/>
            <object_component_ref idref="oc-61"/>
            <object_component_ref idref="oc-6d"/>
            <object_component_ref idref="oc-73"/>
            <object_component_ref idref="oc-106"/>
            <object_component_ref idref="oc-7f"/>
            <object_component_ref idref="oc-79"/>
            <object_component_ref idref="oc-b4"/>
            <object_component_ref idref="oc-ba"/>
         </contents>
      </logical_group>
      <logical_group id="lg-14a" display="never" color="cyan">
         <name>.debug_pubnames</name>
         <load_address>0x0</load_address>
         <run_address>0x0</run_address>
         <size>0x475</size>
         <contents>
            <object_component_ref idref="oc-f4"/>
            <object_component_ref idref="oc-ee"/>
            <object_component_ref idref="oc-f1"/>
            <object_component_ref idref="oc-c3"/>
            <object_component_ref idref="oc-11"/>
            <object_component_ref idref="oc-2e"/>
            <object_component_ref idref="oc-34"/>
            <object_component_ref idref="oc-40"/>
            <object_component_ref idref="oc-3a"/>
            <object_component_ref idref="oc-27"/>
            <object_component_ref idref="oc-15"/>
            <object_component_ref idref="oc-55"/>
            <object_component_ref idref="oc-1b"/>
            <object_component_ref idref="oc-ca"/>
            <object_component_ref idref="oc-86"/>
            <object_component_ref idref="oc-49"/>
            <object_component_ref idref="oc-62"/>
            <object_component_ref idref="oc-6e"/>
            <object_component_ref idref="oc-74"/>
            <object_component_ref idref="oc-8b"/>
            <object_component_ref idref="oc-cd"/>
            <object_component_ref idref="oc-107"/>
            <object_component_ref idref="oc-80"/>
            <object_component_ref idref="oc-7a"/>
            <object_component_ref idref="oc-b5"/>
            <object_component_ref idref="oc-bb"/>
            <object_component_ref idref="oc-e5"/>
            <object_component_ref idref="oc-ea"/>
         </contents>
      </logical_group>
      <logical_group id="lg-14c" display="never" color="cyan">
         <name>.debug_pubtypes</name>
         <load_address>0x0</load_address>
         <run_address>0x0</run_address>
         <size>0xc3a</size>
         <contents>
            <object_component_ref idref="oc-f7"/>
            <object_component_ref idref="oc-a1"/>
            <object_component_ref idref="oc-94"/>
            <object_component_ref idref="oc-a9"/>
            <object_component_ref idref="oc-4d"/>
            <object_component_ref idref="oc-9a"/>
            <object_component_ref idref="oc-5b"/>
            <object_component_ref idref="oc-d0"/>
            <object_component_ref idref="oc-10d"/>
            <object_component_ref idref="oc-fe"/>
            <object_component_ref idref="oc-d9"/>
            <object_component_ref idref="oc-de"/>
            <object_component_ref idref="oc-113"/>
         </contents>
      </logical_group>
      <logical_group id="lg-14e" display="never" color="cyan">
         <name>.debug_loc</name>
         <load_address>0x0</load_address>
         <run_address>0x0</run_address>
         <size>0x348</size>
         <contents>
            <object_component_ref idref="oc-118"/>
            <object_component_ref idref="oc-122"/>
         </contents>
      </logical_group>
      <logical_group id="lg-150" display="never" color="cyan">
         <name>.debug_macinfo</name>
         <load_address>0x0</load_address>
         <run_address>0x0</run_address>
         <size>0xec0</size>
         <contents>
            <object_component_ref idref="oc-11d"/>
            <object_component_ref idref="oc-120"/>
            <object_component_ref idref="oc-11a"/>
            <object_component_ref idref="oc-124"/>
         </contents>
      </logical_group>
      <load_segment id="lg-15b" display="no" color="cyan">
         <name>SEGMENT_0</name>
         <load_address>0x0</load_address>
         <run_address>0x0</run_address>
         <size>0x7ec</size>
         <flags>0x5</flags>
         <contents>
            <logical_group_ref idref="lg-3"/>
            <logical_group_ref idref="lg-4"/>
            <logical_group_ref idref="lg-5"/>
            <logical_group_ref idref="lg-6"/>
         </contents>
      </load_segment>
      <load_segment id="lg-15c" display="no" color="cyan">
         <name>SEGMENT_1</name>
         <run_address>0x20000000</run_address>
         <size>0x298</size>
         <flags>0x6</flags>
         <contents>
            <logical_group_ref idref="lg-d"/>
            <logical_group_ref idref="lg-a"/>
            <logical_group_ref idref="lg-b"/>
         </contents>
      </load_segment>
   </logical_group_list>
   <placement_map>
      <memory_area display="yes" color="green">
         <name>FLASH</name>
         <page_id>0x0</page_id>
         <origin>0x0</origin>
         <length>0x40000</length>
         <used_space>0x7ec</used_space>
         <unused_space>0x3f814</unused_space>
         <attributes>RX</attributes>
         <usage_details>
            <allocated_space>
               <start_address>0x0</start_address>
               <size>0x26c</size>
               <logical_group_ref idref="lg-3"/>
            </allocated_space>
            <allocated_space>
               <start_address>0x26c</start_address>
               <size>0x4c4</size>
               <logical_group_ref idref="lg-4"/>
            </allocated_space>
            <allocated_space>
               <start_address>0x730</start_address>
               <size>0x40</size>
               <logical_group_ref idref="lg-5"/>
            </allocated_space>
            <allocated_space>
               <start_address>0x770</start_address>
               <size>0x7c</size>
               <logical_group_ref idref="lg-6"/>
            </allocated_space>
            <available_space>
               <start_address>0x7ec</start_address>
               <size>0x3f814</size>
            </available_space>
         </usage_details>
      </memory_area>
      <memory_area display="yes" color="green">
         <name>SRAM</name>
         <page_id>0x0</page_id>
         <origin>0x20000000</origin>
         <length>0x8000</length>
         <used_space>0x298</used_space>
         <unused_space>0x7d68</unused_space>
         <attributes>RWX</attributes>
         <usage_details>
            <allocated_space>
               <start_address>0x20000000</start_address>
               <size>0x200</size>
               <logical_group_ref idref="lg-d"/>
            </allocated_space>
            <allocated_space>
               <start_address>0x20000200</start_address>
               <size>0x58</size>
               <logical_group_ref idref="lg-a"/>
            </allocated_space>
            <allocated_space>
               <start_address>0x20000258</start_address>
               <size>0x40</size>
               <logical_group_ref idref="lg-b"/>
            </allocated_space>
            <available_space>
               <start_address>0x20000298</start_address>
               <size>0x7d68</size>
            </available_space>
         </usage_details>
      </memory_area>
   </placement_map>
   <cptbl_list>
      <cptbl>
         <name>__TI_cinit_table</name>
         <cprec>
            <name>.data</name>
            <load_address>0x770</load_address>
            <load_size>0x56</load_size>
            <run_address>0x20000200</run_address>
            <run_size>0x58</run_size>
            <compression>rle</compression>
         </cprec>
         <cprec>
            <name>.bss</name>
            <load_address>0x7c8</load_address>
            <load_size>0x9</load_size>
            <run_address>0x20000258</run_address>
            <run_size>0x40</run_size>
            <compression>rle</compression>
         </cprec>
      </cptbl>
   </cptbl_list>
   <handler_table>
      <handler_table_name>__TI_handler_table</handler_table_name>
      <handler>
         <index>0x0</index>
         <name>__TI_decompress_rle24</name>
      </handler>
      <handler>
         <index>0x1</index>
         <name>__TI_decompress_none</name>
      </handler>
   </handler_table>
   <symbol_table>
      <symbol id="sm-1">
         <name>__STACK_TOP</name>
         <value>0x20000200</value>
      </symbol>
      <symbol id="sm-2">
         <name>__TI_CINIT_Base</name>
         <value>0x7dc</value>
      </symbol>
      <symbol id="sm-3">
         <name>__TI_CINIT_Limit</name>
         <value>0x7ec</value>
      </symbol>
      <symbol id="sm-4">
         <name>__TI_Handler_Table_Base</name>
         <value>0x7d4</value>
      </symbol>
      <symbol id="sm-5">
         <name>__TI_Handler_Table_Limit</name>
         <value>0x7dc</value>
      </symbol>
      <symbol id="sm-6">
         <name>binit</name>
         <value>0xffffffff</value>
      </symbol>
      <symbol id="sm-7">
         <name>__binit__</name>
         <value>0xffffffff</value>
      </symbol>
      <symbol id="sm-8">
         <name>__STACK_SIZE</name>
         <value>0x200</value>
      </symbol>
      <symbol id="sm-9">
         <name>__STACK_END</name>
         <value>0x20000200</value>
      </symbol>
      <symbol id="sm-a">
         <name>__c_args__</name>
         <value>0xffffffff</value>
      </symbol>
      <symbol id="sm-b">
         <name>__TI_pprof_out_hndl</name>
         <value>0xffffffff</value>
      </symbol>
      <symbol id="sm-c">
         <name>__TI_prof_data_start</name>
         <value>0xffffffff</value>
      </symbol>
      <symbol id="sm-d">
         <name>__TI_prof_data_size</name>
         <value>0xffffffff</value>
      </symbol>
      <symbol id="sm-58">
         <name>ATMA_f32</name>
         <value>0x20000258</value>
      </symbol>
      <symbol id="sm-59">
         <name>A_f32</name>
         <value>0x730</value>
         <object_component_ref idref="oc-ec"/>
      </symbol>
      <symbol id="sm-5a">
         <name>AT_f32</name>
         <value>0x20000200</value>
         <object_component_ref idref="oc-ef"/>
      </symbol>
      <symbol id="sm-5b">
         <name>main</name>
         <value>0x691</value>
         <object_component_ref idref="oc-c0"/>
      </symbol>
      <symbol id="sm-8d">
         <name>ResetISR</name>
         <value>0x71b</value>
         <object_component_ref idref="oc-2b"/>
      </symbol>
      <symbol id="sm-8e">
         <name>g_pfnVectors</name>
         <value>0x0</value>
         <object_component_ref idref="oc-f"/>
      </symbol>
      <symbol id="sm-9f">
         <name>_c_int00</name>
         <value>0x59d</value>
         <object_component_ref idref="oc-24"/>
      </symbol>
      <symbol id="sm-a0">
         <name>__stack</name>
         <value>0x20000000</value>
         <object_component_ref idref="oc-2a"/>
      </symbol>
      <symbol id="sm-b7">
         <name>__TI_decompress_none</name>
         <value>0x705</value>
         <object_component_ref idref="oc-12"/>
      </symbol>
      <symbol id="sm-da">
         <name>__TI_decompress_rle24</name>
         <value>0x721</value>
         <object_component_ref idref="oc-18"/>
      </symbol>
      <symbol id="sm-fe">
         <name>C$$EXIT</name>
         <value>0x5f1</value>
         <object_component_ref idref="oc-83"/>
      </symbol>
      <symbol id="sm-ff">
         <name>abort</name>
         <value>0x5f5</value>
         <object_component_ref idref="oc-83"/>
      </symbol>
      <symbol id="sm-100">
         <name>exit</name>
         <value>0x5fd</value>
         <object_component_ref idref="oc-83"/>
      </symbol>
      <symbol id="sm-101">
         <name>__TI_dtors_ptr</name>
         <value>0x20000244</value>
         <object_component_ref idref="oc-c8"/>
      </symbol>
      <symbol id="sm-102">
         <name>__TI_cleanup_ptr</name>
         <value>0x20000240</value>
         <object_component_ref idref="oc-c8"/>
      </symbol>
      <symbol id="sm-103">
         <name>__TI_enable_exit_profile_output</name>
         <value>0x20000248</value>
         <object_component_ref idref="oc-c8"/>
      </symbol>
      <symbol id="sm-125">
         <name>memcpy</name>
         <value>0x3a9</value>
         <object_component_ref idref="oc-46"/>
      </symbol>
      <symbol id="sm-126">
         <name>__aeabi_memcpy</name>
         <value>0x3a9</value>
         <object_component_ref idref="oc-46"/>
      </symbol>
      <symbol id="sm-127">
         <name>__aeabi_memcpy8</name>
         <value>0x3a9</value>
         <object_component_ref idref="oc-46"/>
      </symbol>
      <symbol id="sm-128">
         <name>__aeabi_memcpy4</name>
         <value>0x3a9</value>
         <object_component_ref idref="oc-46"/>
      </symbol>
      <symbol id="sm-137">
         <name>__aeabi_memset</name>
         <value>0x447</value>
         <object_component_ref idref="oc-5f"/>
      </symbol>
      <symbol id="sm-138">
         <name>memset</name>
         <value>0x44d</value>
         <object_component_ref idref="oc-5f"/>
      </symbol>
      <symbol id="sm-139">
         <name>__aeabi_memset8</name>
         <value>0x447</value>
         <object_component_ref idref="oc-5f"/>
      </symbol>
      <symbol id="sm-13a">
         <name>__aeabi_memset4</name>
         <value>0x447</value>
         <object_component_ref idref="oc-5f"/>
      </symbol>
      <symbol id="sm-13b">
         <name>__aeabi_memclr8</name>
         <value>0x445</value>
         <object_component_ref idref="oc-5f"/>
      </symbol>
      <symbol id="sm-13c">
         <name>__aeabi_memclr4</name>
         <value>0x445</value>
         <object_component_ref idref="oc-5f"/>
      </symbol>
      <symbol id="sm-13d">
         <name>__aeabi_memclr</name>
         <value>0x445</value>
         <object_component_ref idref="oc-5f"/>
      </symbol>
      <symbol id="sm-147">
         <name>__mpu_init</name>
         <value>0x72d</value>
         <object_component_ref idref="oc-6b"/>
      </symbol>
      <symbol id="sm-151">
         <name>_system_pre_init</name>
         <value>0x727</value>
         <object_component_ref idref="oc-71"/>
      </symbol>
      <symbol id="sm-159">
         <name>main_func_sp</name>
         <value>0x20000254</value>
         <object_component_ref idref="oc-89"/>
      </symbol>
      <symbol id="sm-172">
         <name>_nop</name>
         <value>0x6ff</value>
         <object_component_ref idref="oc-104"/>
      </symbol>
      <symbol id="sm-173">
         <name>_lock</name>
         <value>0x2000024c</value>
         <object_component_ref idref="oc-cb"/>
      </symbol>
      <symbol id="sm-174">
         <name>_unlock</name>
         <value>0x20000250</value>
         <object_component_ref idref="oc-cb"/>
      </symbol>
      <symbol id="sm-175">
         <name>_register_lock</name>
         <value>0x6f7</value>
         <object_component_ref idref="oc-104"/>
      </symbol>
      <symbol id="sm-176">
         <name>_register_unlock</name>
         <value>0x6f1</value>
         <object_component_ref idref="oc-104"/>
      </symbol>
      <symbol id="sm-18a">
         <name>_args_main</name>
         <value>0x6d9</value>
         <object_component_ref idref="oc-7d"/>
      </symbol>
      <symbol id="sm-1af">
         <name>__TI_auto_init</name>
         <value>0x4c1</value>
         <object_component_ref idref="oc-77"/>
      </symbol>
      <symbol id="sm-1c9">
         <name>copy_in</name>
         <value>0x645</value>
         <object_component_ref idref="oc-b2"/>
      </symbol>
      <symbol id="sm-1d3">
         <name>_system_post_cinit</name>
         <value>0x72f</value>
         <object_component_ref idref="oc-b8"/>
      </symbol>
      <symbol id="sm-1de">
         <name>arm_mat_init_f32</name>
         <value>0x713</value>
         <object_component_ref idref="oc-e2"/>
      </symbol>
      <symbol id="sm-1ea">
         <name>arm_mat_mult_f32</name>
         <value>0x26d</value>
         <object_component_ref idref="oc-e7"/>
      </symbol>
      <symbol id="sm-1eb">
         <name>__TI_static_base__</name>
         <value>0x0</value>
      </symbol>
      <symbol id="sm-1ee">
         <name>SHT$$INIT_ARRAY$$Limit</name>
         <value>0x0</value>
      </symbol>
      <symbol id="sm-1ef">
         <name>SHT$$INIT_ARRAY$$Base</name>
         <value>0x0</value>
      </symbol>
   </symbol_table>
   <title>Link successful</title>
</link_info>
