******************************************************************************
                  TI ARM Linker Unix v15.12.3                  
******************************************************************************
>> Linked Sat May  6 01:07:29 2017

OUTPUT FILE NAME:   <cmsis_cnn_NokiaLCD.out>
ENTRY POINT SYMBOL: "_c_int00"  address: 0000ead9


MEMORY CONFIGURATION

         name            origin    length      used     unused   attr    fill
----------------------  --------  ---------  --------  --------  ----  --------
  FLASH                 00000000   00040000  0000f082  00030f7e  R  X
  SRAM                  20000000   00008000  00004637  000039c9  RW X


SEGMENT ALLOCATION MAP

run origin  load origin   length   init length attrs members
----------  ----------- ---------- ----------- ----- -------
00000000    00000000    0000f084   0000f084    r-x
  00000000    00000000    0000026c   0000026c    r-- .intvecs
  0000026c    0000026c    0000d33c   0000d33c    r-- .const
  0000d5a8    0000d5a8    00001a96   00001a96    r-x .text
  0000f040    0000f040    00000044   00000044    r-- .cinit
20000000    20000000    00004638   00000000    rw-
  20000000    20000000    0000440f   00000000    rw- .bss
  20004410    20004410    00000200   00000000    rw- .stack
  20004610    20004610    00000028   00000000    rw- .data


SECTION ALLOCATION MAP

 output                                  attributes/
section   page    origin      length       input sections
--------  ----  ----------  ----------   ----------------
.intvecs   0    00000000    0000026c     
                  00000000    0000026c     tm4c123gh6pm_startup_ccs.obj (.intvecs)

.const     0    0000026c    0000d33c     
                  0000026c    0000b7c0     arm_matrix_example_f32.obj (.const:fc_wts)
                  0000ba2c    00001400     arm_matrix_example_f32.obj (.const:sampleImg)
                  0000ce2c    00000258     myNokiaLcd.obj (.const:.string:deselogo)
                  0000d084    00000190     arm_matrix_example_f32.obj (.const:softmax_wts)
                  0000d214    00000096     arm_matrix_example_f32.obj (.const:classnames)
                  0000d2aa    00000002     --HOLE-- [fill = 0]
                  0000d2ac    00000090     driverlib.lib : gpio.obj (.const:g_pui32GPIOBaseAddrs)
                  0000d33c    00000070                   : interrupt.obj (.const)
                  0000d3ac    0000006c                   : sysctl.obj (.const:g_pui32Xtals)
                  0000d418    00000064     arm_matrix_example_f32.obj (.const:wt1)
                  0000d47c    00000064     arm_matrix_example_f32.obj (.const:wt2)
                  0000d4e0    00000064     arm_matrix_example_f32.obj (.const:wt3)
                  0000d544    00000050     arm_matrix_example_f32.obj (.const:fc_bias)
                  0000d594    00000014     arm_matrix_example_f32.obj (.const:softmax_bias)

.text      0    0000d5a8    00001a96     
                  0000d5a8    000001a8     arm_matrix_example_f32.obj (.text:maxPool)
                  0000d750    00000178     arm_matrix_example_f32.obj (.text:conv2D)
                  0000d8c8    00000178     arm_matrix_example_f32.obj (.text:dispOut)
                  0000da40    00000164     arm_matrix_example_f32.obj (.text:main)
                  0000dba4    0000013c     arm_cortexM4lf_math.lib : arm_mat_mult_f32.o (.text)
                  0000dce0    00000132     driverlib.lib : gpio.obj (.text:GPIOPadConfigSet)
                  0000de12    00000002     tm4c123gh6pm_startup_ccs.obj (.text:FaultISR)
                  0000de14    00000114     myNokiaLcd.obj (.text:displayinit)
                  0000df28    00000110     driverlib.lib : sysctl.obj (.text:SysCtlClockGet)
                  0000e038    000000f4                   : sysctl.obj (.text:SysCtlClockSet)
                  0000e12c    000000e0     myNokiaLcd.obj (.text:LCDWriteBmp3x)
                  0000e20c    000000da     myNokiaLcd.obj (.text:LCDSetRect)
                  0000e2e6    00000002     tm4c123gh6pm_startup_ccs.obj (.text:IntDefaultHandler)
                  0000e2e8    000000d8     myNokiaLcd.obj (.text:InitLcd)
                  0000e3c0    000000ac     myNokiaLcd.obj (.text:LCDWriteBmp)
                  0000e46c    0000009c     rtsv7M4_T_le_v4SPD16_eabi.lib : memcpy_t2.obj (.text)
                  0000e508    0000008c     arm_matrix_example_f32.obj (.text:UARTIntHandler)
                  0000e594    0000008c     arm_matrix_example_f32.obj (.text:softMax)
                  0000e620    00000088     myNokiaLcd.obj (.text:LCDSetLine)
                  0000e6a8    00000080     arm_matrix_example_f32.obj (.text:reluConv)
                  0000e728    0000007a     rtsv7M4_T_le_v4SPD16_eabi.lib : memset_t2.obj (.text)
                  0000e7a2    00000002     tm4c123gh6pm_startup_ccs.obj (.text:NmiSR)
                  0000e7a4    00000078     arm_matrix_example_f32.obj (.text:fullyConnectedNet)
                  0000e81c    00000070     rtsv7M4_T_le_v4SPD16_eabi.lib : autoinit.obj (.text)
                  0000e88c    0000006a                                   : copy_decompress_rle.obj (.text)
                  0000e8f6    00000002                                   : mpu_init.obj (.text)
                  0000e8f8    00000068     driverlib.lib : interrupt.obj (.text:IntEnable)
                  0000e960    00000068     myNokiaLcd.obj (.text:LCDClearScreen)
                  0000e9c8    0000005c     arm_matrix_example_f32.obj (.text:SendintUART)
                  0000ea24    0000005c     arm_matrix_example_f32.obj (.text:UART0Setup)
                  0000ea80    00000058     arm_matrix_example_f32.obj (.text:flatten)
                  0000ead8    00000054     rtsv7M4_T_le_v4SPD16_eabi.lib : boot.obj (.text)
                  0000eb2c    00000054                                   : exit.obj (.text)
                  0000eb80    00000052     myNokiaLcd.obj (.text:WriteSpiCommand)
                  0000ebd2    00000052     myNokiaLcd.obj (.text:WriteSpiData)
                  0000ec24    0000004c     rtsv7M4_T_le_v4SPD16_eabi.lib : cpy_tbl.obj (.text)
                  0000ec70    00000048     driverlib.lib : gpio.obj (.text:GPIOPinConfigure)
                  0000ecb8    00000046                   : uart.obj (.text:UARTConfigSetExpClk)
                  0000ecfe    00000044     arm_matrix_example_f32.obj (.text:cmsisMatMultiply)
                  0000ed42    00000002     rtsv7M4_T_le_v4SPD16_eabi.lib : startup.obj (.text)
                  0000ed44    00000040     myNokiaLcd.obj (.text:displaymasterinit)
                  0000ed84    00000038     arm_matrix_example_f32.obj (.text:findMaxIndex)
                  0000edbc    00000034     driverlib.lib : sysctl.obj (.text:SysCtlPeripheralEnable)
                  0000edf0    0000002c     myNokiaLcd.obj (.text:LCDSetXY)
                  0000ee1c    0000002a     driverlib.lib : gpio.obj (.text:GPIODirModeSet)
                  0000ee46    00000026     myNokiaLcd.obj (.text:LCDSetPixel)
                  0000ee6c    00000024     arm_matrix_example_f32.obj (.text:reshapeInpMatrix)
                  0000ee90    00000024     arm_matrix_example_f32.obj (.text:startCNN)
                  0000eeb4    00000020     driverlib.lib : uart.obj (.text:UARTDisable)
                  0000eed4    0000001c     arm_matrix_example_f32.obj (.text:SendStringUART)
                  0000eef0    00000018     driverlib.lib : gpio.obj (.text:GPIOPinTypeGPIOOutput)
                  0000ef08    00000018     rtsv7M4_T_le_v4SPD16_eabi.lib : args_main.obj (.text)
                  0000ef20    00000014     driverlib.lib : systick.obj (.text:SysTickEnable)
                  0000ef34    00000014                   : uart.obj (.text:UARTEnable)
                  0000ef48    00000014     rtsv7M4_T_le_v4SPD16_eabi.lib : _lock.obj (.text)
                  0000ef5c    00000012     driverlib.lib : gpio.obj (.text:GPIOPinTypeUART)
                  0000ef6e    00000010                   : interrupt.obj (.text:IntMasterEnable)
                  0000ef7e    00000002     --HOLE-- [fill = 0]
                  0000ef80    00000010                   : systick.obj (.text:SysTickPeriodSet)
                  0000ef90    00000010     myNokiaLcd.obj (.text:resetbit)
                  0000efa0    00000010     myNokiaLcd.obj (.text:setbit)
                  0000efb0    0000000e     driverlib.lib : uart.obj (.text:UARTCharsAvail)
                  0000efbe    0000000e     rtsv7M4_T_le_v4SPD16_eabi.lib : copy_decompress_none.obj (.text:decompress:none)
                  0000efcc    0000000c     driverlib.lib : cpu.obj (.text:CPUcpsie)
                  0000efd8    0000000c     arm_matrix_example_f32.obj (.text:ClockSetup)
                  0000efe4    0000000c     driverlib.lib : systick.obj (.text:SysTickValueGet)
                  0000eff0    0000000a                   : uart.obj (.text:UARTCharGet)
                  0000effa    0000000a                   : uart.obj (.text:UARTCharPut)
                  0000f004    0000000a                   : uart.obj (.text:UARTIntStatus)
                  0000f00e    00000008                   : uart.obj (.text:UARTIntEnable)
                  0000f016    00000008     arm_cortexM4lf_math.lib : arm_mat_init_f32.o (.text)
                  0000f01e    00000006     driverlib.lib : gpio.obj (.text:GPIOPinWrite)
                  0000f024    00000006     tm4c123gh6pm_startup_ccs.obj (.text:ResetISR)
                  0000f02a    00000006     driverlib.lib : sysctl.obj (.text:SysCtlDelay)
                  0000f030    00000006     rtsv7M4_T_le_v4SPD16_eabi.lib : copy_decompress_rle.obj (.text:decompress:rle24)
                  0000f036    00000004     driverlib.lib : uart.obj (.text:UARTIntClear)
                  0000f03a    00000004     rtsv7M4_T_le_v4SPD16_eabi.lib : pre_init.obj (.text)

.cinit     0    0000f040    00000044     
                  0000f040    0000001a     (.cinit..data.load) [load image, compression = rle]
                  0000f05a    00000006     --HOLE-- [fill = 0]
                  0000f060    0000000b     (.cinit..bss.load) [load image, compression = rle]
                  0000f06b    00000001     --HOLE-- [fill = 0]
                  0000f06c    00000008     (__TI_handler_table)
                  0000f074    00000010     (__TI_cinit_table)

.init_array 
*          0    00000000    00000000     UNINITIALIZED

.bss       0    20000000    0000440f     UNINITIALIZED
                  20000000    00000c40     (.common:conv1)
                  20000c40    00000c40     (.common:conv2)
                  20001880    00000c40     (.common:conv3)
                  200024c0    00000930     (.common:fcInp)
                  20002df0    00000400     (.common:im)
                  200031f0    00000400     (.common:image)
                  200035f0    00000400     (.common:lcdimage)
                  200039f0    00000310     (.common:pool1)
                  20003d00    00000310     (.common:pool2)
                  20004010    00000310     (.common:pool3)
                  20004320    00000064     (.common:temparr)
                  20004384    00000050     (.common:fcOut)
                  200043d4    00000014     (.common:classOut)
                  200043e8    00000004     (.common:BLACK)
                  200043ec    00000004     (.common:BLUE)
                  200043f0    00000004     (.common:CYAN)
                  200043f4    00000004     (.common:GREEN)
                  200043f8    00000004     (.common:MAGENTA)
                  200043fc    00000004     (.common:RED)
                  20004400    00000004     (.common:WHITE)
                  20004404    00000004     (.common:YELLOW)
                  20004408    00000004     (.common:mode)
                  2000440c    00000002     (.common:maxIndex)
                  2000440e    00000001     (.common:status)

.data      0    20004610    00000028     UNINITIALIZED
                  20004610    00000010     arm_matrix_example_f32.obj (.data)
                  20004620    0000000c     rtsv7M4_T_le_v4SPD16_eabi.lib : exit.obj (.data:$O1$$)
                  2000462c    00000008                                   : _lock.obj (.data:$O1$$)
                  20004634    00000004                                   : stkdepth_vars.obj (.data)

.stack     0    20004410    00000200     UNINITIALIZED
                  20004410    00000200     --HOLE--

MODULE SUMMARY

       Module                         code   ro data   rw data
       ------                         ----   -------   -------
    ./
       arm_matrix_example_f32.obj     2568   53110     17439  
       myNokiaLcd.obj                 1688   600       0      
       tm4c123gh6pm_startup_ccs.obj   12     620       0      
    +--+------------------------------+------+---------+---------+
       Total:                         4268   54330     17439  
                                                              
    ../driverlib.lib
       sysctl.obj                     574    108       0      
       gpio.obj                       468    144       0      
       interrupt.obj                  120    112       0      
       uart.obj                       178    0         0      
       systick.obj                    48     0         0      
       cpu.obj                        12     0         0      
    +--+------------------------------+------+---------+---------+
       Total:                         1400   364       0      
                                                              
    /home/djvishnu92/ti/ccsv6/tools/compiler/arm_15.12.3.LTS/lib/rtsv7M4_T_le_v4SPD16_eabi.lib
       memcpy_t2.obj                  156    0         0      
       memset_t2.obj                  122    0         0      
       autoinit.obj                   112    0         0      
       copy_decompress_rle.obj        112    0         0      
       exit.obj                       84     0         12     
       boot.obj                       84     0         0      
       cpy_tbl.obj                    76     0         0      
       _lock.obj                      20     0         8      
       args_main.obj                  24     0         0      
       copy_decompress_none.obj       14     0         0      
       pre_init.obj                   4      0         0      
       stkdepth_vars.obj              0      0         4      
       mpu_init.obj                   2      0         0      
       startup.obj                    2      0         0      
    +--+------------------------------+------+---------+---------+
       Total:                         812    0         24     
                                                              
    /home/djvishnu92/workspace_v6_2/CMSIS-master/CMSIS/Lib/ARM/arm_cortexM4lf_math.lib
       arm_mat_mult_f32.o             316    0         0      
       arm_mat_init_f32.o             8      0         0      
    +--+------------------------------+------+---------+---------+
       Total:                         324    0         0      
                                                              
       Stack:                         0      0         512    
       Linker Generated:              0      61        0      
    +--+------------------------------+------+---------+---------+
       Grand Total:                   6804   54755     17975  


LINKER GENERATED COPY TABLES

__TI_cinit_table @ 0000f074 records: 2, size/record: 8, table size: 16
	.data: load addr=0000f040, load size=0000001a bytes, run addr=20004610, run size=00000028 bytes, compression=rle
	.bss: load addr=0000f060, load size=0000000b bytes, run addr=20000000, run size=0000440f bytes, compression=rle


LINKER GENERATED HANDLER TABLE

__TI_handler_table @ 0000f06c records: 2, size/record: 4, table size: 8
	index: 0, handler: __TI_decompress_rle24
	index: 1, handler: __TI_decompress_none


GLOBAL SYMBOLS: SORTED ALPHABETICALLY BY Name 

address   name                           
-------   ----                           
200043e8  BLACK                          
200043ec  BLUE                           
0000eb2d  C$$EXIT                        
0000efcd  CPUcpsie                       
200043f0  CYAN                           
0000efd9  ClockSetup                     
20004610  CurrState                      
0000ee1d  GPIODirModeSet                 
0000dce1  GPIOPadConfigSet               
0000ec71  GPIOPinConfigure               
0000eef1  GPIOPinTypeGPIOOutput          
0000ef5d  GPIOPinTypeUART                
0000f01f  GPIOPinWrite                   
200043f4  GREEN                          
0000e2e9  InitLcd                        
0000e8f9  IntEnable                      
0000ef6f  IntMasterEnable                
0000e961  LCDClearScreen                 
0000e621  LCDSetLine                     
0000ee47  LCDSetPixel                    
0000e20d  LCDSetRect                     
0000edf1  LCDSetXY                       
0000e3c1  LCDWriteBmp                    
0000e12d  LCDWriteBmp3x                  
200043f8  MAGENTA                        
200043fc  RED                            
0000f025  ResetISR                       
UNDEFED   SHT$$INIT_ARRAY$$Base          
UNDEFED   SHT$$INIT_ARRAY$$Limit         
0000eed5  SendStringUART                 
0000e9c9  SendintUART                    
0000df29  SysCtlClockGet                 
0000e039  SysCtlClockSet                 
0000f02b  SysCtlDelay                    
0000edbd  SysCtlPeripheralEnable         
0000ef21  SysTickEnable                  
0000ef81  SysTickPeriodSet               
0000efe5  SysTickValueGet                
0000ea25  UART0Setup                     
0000eff1  UARTCharGet                    
0000effb  UARTCharPut                    
0000efb1  UARTCharsAvail                 
0000ecb9  UARTConfigSetExpClk            
0000eeb5  UARTDisable                    
0000ef35  UARTEnable                     
0000f037  UARTIntClear                   
0000f00f  UARTIntEnable                  
0000e509  UARTIntHandler                 
0000f005  UARTIntStatus                  
20004400  WHITE                          
0000eb81  WriteSpiCommand                
0000ebd3  WriteSpiData                   
20004404  YELLOW                         
20004610  __STACK_END                    
00000200  __STACK_SIZE                   
20004610  __STACK_TOP                    
0000f074  __TI_CINIT_Base                
0000f084  __TI_CINIT_Limit               
0000f06c  __TI_Handler_Table_Base        
0000f074  __TI_Handler_Table_Limit       
0000e81d  __TI_auto_init                 
20004620  __TI_cleanup_ptr               
0000efbf  __TI_decompress_none           
0000f031  __TI_decompress_rle24          
20004624  __TI_dtors_ptr                 
20004628  __TI_enable_exit_profile_output
ffffffff  __TI_pprof_out_hndl            
ffffffff  __TI_prof_data_size            
ffffffff  __TI_prof_data_start           
00000000  __TI_static_base__             
0000e729  __aeabi_memclr                 
0000e729  __aeabi_memclr4                
0000e729  __aeabi_memclr8                
0000e46d  __aeabi_memcpy                 
0000e46d  __aeabi_memcpy4                
0000e46d  __aeabi_memcpy8                
0000e72b  __aeabi_memset                 
0000e72b  __aeabi_memset4                
0000e72b  __aeabi_memset8                
ffffffff  __binit__                      
ffffffff  __c_args__                     
0000e8f7  __mpu_init                     
20004410  __stack                        
0000ef09  _args_main                     
0000ead9  _c_int00                       
2000462c  _lock                          
0000ef57  _nop                           
0000ef4f  _register_lock                 
0000ef49  _register_unlock               
0000ed43  _system_post_cinit             
0000f03b  _system_pre_init               
20004630  _unlock                        
0000eb31  abort                          
0000f017  arm_mat_init_f32               
0000dba5  arm_mat_mult_f32               
ffffffff  binit                          
200043d4  classOut                       
0000d214  classnames                     
0000ecff  cmsisMatMultiply               
20000000  conv1                          
20000c40  conv2                          
0000d751  conv2D                         
20001880  conv3                          
0000ec25  copy_in                        
0000ce2c  deselogo                       
0000d8c9  dispOut                        
0000de15  displayinit                    
0000ed45  displaymasterinit              
0000eb39  exit                           
200024c0  fcInp                          
20004384  fcOut                          
0000d544  fc_bias                        
0000026c  fc_wts                         
0000ed85  findMaxIndex                   
0000ea81  flatten                        
0000e7a5  fullyConnectedNet              
00000000  g_pfnVectors                   
20002df0  im                             
200031f0  image                          
200035f0  lcdimage                       
0000da41  main                           
20004634  main_func_sp                   
2000440c  maxIndex                       
0000d5a9  maxPool                        
0000e46d  memcpy                         
0000e731  memset                         
20004408  mode                           
200039f0  pool1                          
20003d00  pool2                          
20004010  pool3                          
0000e6a9  reluConv                       
0000ef91  resetbit                       
0000ee6d  reshapeInpMatrix               
0000ba2c  sampleImg                      
0000efa1  setbit                         
0000e595  softMax                        
0000d594  softmax_bias                   
0000d084  softmax_wts                    
0000ee91  startCNN                       
2000440e  status                         
20004320  temparr                        
20004614  ui32Period                     
0000d418  wt1                            
0000d47c  wt2                            
0000d4e0  wt3                            


GLOBAL SYMBOLS: SORTED BY Symbol Address 

address   name                           
-------   ----                           
00000000  __TI_static_base__             
00000000  g_pfnVectors                   
00000200  __STACK_SIZE                   
0000026c  fc_wts                         
0000ba2c  sampleImg                      
0000ce2c  deselogo                       
0000d084  softmax_wts                    
0000d214  classnames                     
0000d418  wt1                            
0000d47c  wt2                            
0000d4e0  wt3                            
0000d544  fc_bias                        
0000d594  softmax_bias                   
0000d5a9  maxPool                        
0000d751  conv2D                         
0000d8c9  dispOut                        
0000da41  main                           
0000dba5  arm_mat_mult_f32               
0000dce1  GPIOPadConfigSet               
0000de15  displayinit                    
0000df29  SysCtlClockGet                 
0000e039  SysCtlClockSet                 
0000e12d  LCDWriteBmp3x                  
0000e20d  LCDSetRect                     
0000e2e9  InitLcd                        
0000e3c1  LCDWriteBmp                    
0000e46d  __aeabi_memcpy                 
0000e46d  __aeabi_memcpy4                
0000e46d  __aeabi_memcpy8                
0000e46d  memcpy                         
0000e509  UARTIntHandler                 
0000e595  softMax                        
0000e621  LCDSetLine                     
0000e6a9  reluConv                       
0000e729  __aeabi_memclr                 
0000e729  __aeabi_memclr4                
0000e729  __aeabi_memclr8                
0000e72b  __aeabi_memset                 
0000e72b  __aeabi_memset4                
0000e72b  __aeabi_memset8                
0000e731  memset                         
0000e7a5  fullyConnectedNet              
0000e81d  __TI_auto_init                 
0000e8f7  __mpu_init                     
0000e8f9  IntEnable                      
0000e961  LCDClearScreen                 
0000e9c9  SendintUART                    
0000ea25  UART0Setup                     
0000ea81  flatten                        
0000ead9  _c_int00                       
0000eb2d  C$$EXIT                        
0000eb31  abort                          
0000eb39  exit                           
0000eb81  WriteSpiCommand                
0000ebd3  WriteSpiData                   
0000ec25  copy_in                        
0000ec71  GPIOPinConfigure               
0000ecb9  UARTConfigSetExpClk            
0000ecff  cmsisMatMultiply               
0000ed43  _system_post_cinit             
0000ed45  displaymasterinit              
0000ed85  findMaxIndex                   
0000edbd  SysCtlPeripheralEnable         
0000edf1  LCDSetXY                       
0000ee1d  GPIODirModeSet                 
0000ee47  LCDSetPixel                    
0000ee6d  reshapeInpMatrix               
0000ee91  startCNN                       
0000eeb5  UARTDisable                    
0000eed5  SendStringUART                 
0000eef1  GPIOPinTypeGPIOOutput          
0000ef09  _args_main                     
0000ef21  SysTickEnable                  
0000ef35  UARTEnable                     
0000ef49  _register_unlock               
0000ef4f  _register_lock                 
0000ef57  _nop                           
0000ef5d  GPIOPinTypeUART                
0000ef6f  IntMasterEnable                
0000ef81  SysTickPeriodSet               
0000ef91  resetbit                       
0000efa1  setbit                         
0000efb1  UARTCharsAvail                 
0000efbf  __TI_decompress_none           
0000efcd  CPUcpsie                       
0000efd9  ClockSetup                     
0000efe5  SysTickValueGet                
0000eff1  UARTCharGet                    
0000effb  UARTCharPut                    
0000f005  UARTIntStatus                  
0000f00f  UARTIntEnable                  
0000f017  arm_mat_init_f32               
0000f01f  GPIOPinWrite                   
0000f025  ResetISR                       
0000f02b  SysCtlDelay                    
0000f031  __TI_decompress_rle24          
0000f037  UARTIntClear                   
0000f03b  _system_pre_init               
0000f06c  __TI_Handler_Table_Base        
0000f074  __TI_CINIT_Base                
0000f074  __TI_Handler_Table_Limit       
0000f084  __TI_CINIT_Limit               
20000000  conv1                          
20000c40  conv2                          
20001880  conv3                          
200024c0  fcInp                          
20002df0  im                             
200031f0  image                          
200035f0  lcdimage                       
200039f0  pool1                          
20003d00  pool2                          
20004010  pool3                          
20004320  temparr                        
20004384  fcOut                          
200043d4  classOut                       
200043e8  BLACK                          
200043ec  BLUE                           
200043f0  CYAN                           
200043f4  GREEN                          
200043f8  MAGENTA                        
200043fc  RED                            
20004400  WHITE                          
20004404  YELLOW                         
20004408  mode                           
2000440c  maxIndex                       
2000440e  status                         
20004410  __stack                        
20004610  CurrState                      
20004610  __STACK_END                    
20004610  __STACK_TOP                    
20004614  ui32Period                     
20004620  __TI_cleanup_ptr               
20004624  __TI_dtors_ptr                 
20004628  __TI_enable_exit_profile_output
2000462c  _lock                          
20004630  _unlock                        
20004634  main_func_sp                   
ffffffff  __TI_pprof_out_hndl            
ffffffff  __TI_prof_data_size            
ffffffff  __TI_prof_data_start           
ffffffff  __binit__                      
ffffffff  __c_args__                     
ffffffff  binit                          
UNDEFED   SHT$$INIT_ARRAY$$Base          
UNDEFED   SHT$$INIT_ARRAY$$Limit         

[145 symbols]
